Archive member included to satisfy reference by file (symbol)

f:/work_project/9 2019-q4-major/bin/../lib/gcc/arm-none-eabi/9.2.1/../../../../arm-none-eabi/lib/thumb/v7-m/nofp\libc_nano.a(lib_a-exit.o)
                              f:/work_project/9 2019-q4-major/bin/../lib/gcc/arm-none-eabi/9.2.1/../../../../arm-none-eabi/lib/thumb/v7-m/nofp/crt0.o (exit)
f:/work_project/9 2019-q4-major/bin/../lib/gcc/arm-none-eabi/9.2.1/../../../../arm-none-eabi/lib/thumb/v7-m/nofp\libc_nano.a(lib_a-impure.o)
                              f:/work_project/9 2019-q4-major/bin/../lib/gcc/arm-none-eabi/9.2.1/../../../../arm-none-eabi/lib/thumb/v7-m/nofp\libc_nano.a(lib_a-exit.o) (_global_impure_ptr)
f:/work_project/9 2019-q4-major/bin/../lib/gcc/arm-none-eabi/9.2.1/../../../../arm-none-eabi/lib/thumb/v7-m/nofp\libc_nano.a(lib_a-init.o)
                              f:/work_project/9 2019-q4-major/bin/../lib/gcc/arm-none-eabi/9.2.1/../../../../arm-none-eabi/lib/thumb/v7-m/nofp/crt0.o (__libc_init_array)
f:/work_project/9 2019-q4-major/bin/../lib/gcc/arm-none-eabi/9.2.1/../../../../arm-none-eabi/lib/thumb/v7-m/nofp\libc_nano.a(lib_a-memcpy-stub.o)
                              build/queue.o (memcpy)
f:/work_project/9 2019-q4-major/bin/../lib/gcc/arm-none-eabi/9.2.1/../../../../arm-none-eabi/lib/thumb/v7-m/nofp\libc_nano.a(lib_a-memset.o)
                              f:/work_project/9 2019-q4-major/bin/../lib/gcc/arm-none-eabi/9.2.1/../../../../arm-none-eabi/lib/thumb/v7-m/nofp/crt0.o (memset)
f:/work_project/9 2019-q4-major/bin/../lib/gcc/arm-none-eabi/9.2.1/../../../../arm-none-eabi/lib/thumb/v7-m/nofp\libnosys.a(_exit.o)
                              f:/work_project/9 2019-q4-major/bin/../lib/gcc/arm-none-eabi/9.2.1/../../../../arm-none-eabi/lib/thumb/v7-m/nofp\libc_nano.a(lib_a-exit.o) (_exit)

Allocating common symbols
Common symbol       size              file

defaultTaskHandle   0x4               build/freertos.o
flash_time_taskHandle
                    0x4               build/freertos.o
hi2c1               0x54              build/i2c.o
led_taskHandle      0x4               build/freertos.o
uwTick              0x4               build/stm32f1xx_hal.o
xQueueRegistry      0x40              build/queue.o
pFlash              0x20              build/stm32f1xx_hal_flash.o
huart1              0x40              build/usart.o
hrtc                0x14              build/rtc.o
getdate             0x4               build/main.o
htim6               0x40              build/tim.o
htim1               0x40              build/stm32f1xx_hal_timebase_tim.o
myTimer01Handle     0x4               build/freertos.o
gettime             0x3               build/main.o

Discarded input sections

 .text          0x00000000        0x0 f:/work_project/9 2019-q4-major/bin/../lib/gcc/arm-none-eabi/9.2.1/thumb/v7-m/nofp/crti.o
 .data          0x00000000        0x0 f:/work_project/9 2019-q4-major/bin/../lib/gcc/arm-none-eabi/9.2.1/thumb/v7-m/nofp/crti.o
 .bss           0x00000000        0x0 f:/work_project/9 2019-q4-major/bin/../lib/gcc/arm-none-eabi/9.2.1/thumb/v7-m/nofp/crti.o
 .data          0x00000000        0x4 f:/work_project/9 2019-q4-major/bin/../lib/gcc/arm-none-eabi/9.2.1/thumb/v7-m/nofp/crtbegin.o
 .text          0x00000000       0x74 f:/work_project/9 2019-q4-major/bin/../lib/gcc/arm-none-eabi/9.2.1/../../../../arm-none-eabi/lib/thumb/v7-m/nofp/crt0.o
 .data          0x00000000        0x0 f:/work_project/9 2019-q4-major/bin/../lib/gcc/arm-none-eabi/9.2.1/../../../../arm-none-eabi/lib/thumb/v7-m/nofp/crt0.o
 .bss           0x00000000        0x0 f:/work_project/9 2019-q4-major/bin/../lib/gcc/arm-none-eabi/9.2.1/../../../../arm-none-eabi/lib/thumb/v7-m/nofp/crt0.o
 .ARM.extab     0x00000000        0x0 f:/work_project/9 2019-q4-major/bin/../lib/gcc/arm-none-eabi/9.2.1/../../../../arm-none-eabi/lib/thumb/v7-m/nofp/crt0.o
 .ARM.exidx     0x00000000        0x8 f:/work_project/9 2019-q4-major/bin/../lib/gcc/arm-none-eabi/9.2.1/../../../../arm-none-eabi/lib/thumb/v7-m/nofp/crt0.o
 .ARM.attributes
                0x00000000       0x1b f:/work_project/9 2019-q4-major/bin/../lib/gcc/arm-none-eabi/9.2.1/../../../../arm-none-eabi/lib/thumb/v7-m/nofp/crt0.o
 .text          0x00000000        0x0 build/main.o
 .data          0x00000000        0x0 build/main.o
 .bss           0x00000000        0x0 build/main.o
 .text          0x00000000        0x0 build/gpio.o
 .data          0x00000000        0x0 build/gpio.o
 .bss           0x00000000        0x0 build/gpio.o
 .text          0x00000000        0x0 build/freertos.o
 .data          0x00000000        0x0 build/freertos.o
 .bss           0x00000000        0x0 build/freertos.o
 .text          0x00000000        0x0 build/i2c.o
 .data          0x00000000        0x0 build/i2c.o
 .bss           0x00000000        0x0 build/i2c.o
 .text.HAL_I2C_MspDeInit
                0x00000000       0x2c build/i2c.o
 .text          0x00000000        0x0 build/rtc.o
 .data          0x00000000        0x0 build/rtc.o
[...]
Memory Configuration

Name             Origin             Length             Attributes
RAM              0x20000000         0x00010000         xrw
FLASH            0x08000000         0x00080000         xr
*default*        0x00000000         0xffffffff

Linker script and memory map

LOAD f:/work_project/9 2019-q4-major/bin/../lib/gcc/arm-none-eabi/9.2.1/thumb/v7-m/nofp/crti.o
LOAD f:/work_project/9 2019-q4-major/bin/../lib/gcc/arm-none-eabi/9.2.1/thumb/v7-m/nofp/crtbegin.o
LOAD f:/work_project/9 2019-q4-major/bin/../lib/gcc/arm-none-eabi/9.2.1/../../../../arm-none-eabi/lib/thumb/v7-m/nofp/crt0.o
LOAD build/main.o
LOAD build/gpio.o
LOAD build/freertos.o
LOAD build/i2c.o
LOAD build/rtc.o
LOAD build/sys.o
LOAD build/display.o
LOAD build/oled.o
LOAD build/uart1.o
LOAD build/stm32f1xx_hal_timebase_tim.o
LOAD build/tim.o
LOAD build/usart.o
LOAD build/stm32f1xx_it.o
LOAD build/stm32f1xx_hal_msp.o
LOAD build/stm32f1xx_hal_gpio_ex.o
LOAD build/stm32f1xx_hal.o
LOAD build/stm32f1xx_hal_rcc.o
LOAD build/stm32f1xx_hal_rcc_ex.o
LOAD build/stm32f1xx_hal_gpio.o
LOAD build/stm32f1xx_hal_dma.o
LOAD build/stm32f1xx_hal_cortex.o
LOAD build/stm32f1xx_hal_pwr.o
LOAD build/stm32f1xx_hal_flash.o
LOAD build/stm32f1xx_hal_flash_ex.o
LOAD build/stm32f1xx_hal_exti.o
LOAD build/stm32f1xx_hal_i2c.o
LOAD build/stm32f1xx_hal_rtc.o
LOAD build/stm32f1xx_hal_rtc_ex.o
LOAD build/stm32f1xx_hal_tim.o
LOAD build/stm32f1xx_hal_tim_ex.o
LOAD build/stm32f1xx_hal_uart.o
LOAD build/system_stm32f1xx.o
LOAD build/croutine.o
LOAD build/event_groups.o
LOAD build/list.o
LOAD build/queue.o
LOAD build/stream_buffer.o
LOAD build/tasks.o
LOAD build/timers.o
LOAD build/cmsis_os.o
LOAD build/heap_4.o
LOAD build/port.o
LOAD build/startup_stm32f103xe.o
LOAD f:/work_project/9 2019-q4-major/bin/../lib/gcc/arm-none-eabi/9.2.1/../../../../arm-none-eabi/lib/thumb/v7-m/nofp\libc_nano.a
LOAD f:/work_project/9 2019-q4-major/bin/../lib/gcc/arm-none-eabi/9.2.1/../../../../arm-none-eabi/lib/thumb/v7-m/nofp\libm.a
LOAD f:/work_project/9 2019-q4-major/bin/../lib/gcc/arm-none-eabi/9.2.1/../../../../arm-none-eabi/lib/thumb/v7-m/nofp\libnosys.a
START GROUP
LOAD f:/work_project/9 2019-q4-major/bin/../lib/gcc/arm-none-eabi/9.2.1/thumb/v7-m/nofp\libgcc.a
LOAD f:/work_project/9 2019-q4-major/bin/../lib/gcc/arm-none-eabi/9.2.1/../../../../arm-none-eabi/lib/thumb/v7-m/nofp\libc_nano.a
END GROUP
START GROUP
LOAD f:/work_project/9 2019-q4-major/bin/../lib/gcc/arm-none-eabi/9.2.1/thumb/v7-m/nofp\libgcc.a
LOAD f:/work_project/9 2019-q4-major/bin/../lib/gcc/arm-none-eabi/9.2.1/../../../../arm-none-eabi/lib/thumb/v7-m/nofp\libc_nano.a
END GROUP
LOAD f:/work_project/9 2019-q4-major/bin/../lib/gcc/arm-none-eabi/9.2.1/thumb/v7-m/nofp/crtend.o
LOAD f:/work_project/9 2019-q4-major/bin/../lib/gcc/arm-none-eabi/9.2.1/thumb/v7-m/nofp/crtn.o
                0x20010000                _estack = 0x20010000
                0x00000200                _Min_Heap_Size = 0x200
                0x00000400                _Min_Stack_Size = 0x400

.isr_vector     0x08000000      0x1e4
                0x08000000                . = ALIGN (0x4)
 *(.isr_vector)
 .isr_vector    0x08000000      0x1e4 build/startup_stm32f103xe.o
                0x08000000                g_pfnVectors
                0x080001e4                . = ALIGN (0x4)

.text           0x080001f0     0x4a14
                0x080001f0                . = ALIGN (0x4)
 *(.text)
 .text          0x080001f0       0x40 f:/work_project/9 2019-q4-major/bin/../lib/gcc/arm-none-eabi/9.2.1/thumb/v7-m/nofp/crtbegin.o
 *(.text*)
 .text.SystemClock_Config
                0x08000230       0x6e build/main.o
                0x08000230                SystemClock_Config
 .text.main     0x0800029e       0x30 build/main.o
                0x0800029e                main
 *fill*         0x080002ce        0x2 
 .text.HAL_TIM_PeriodElapsedCallback
                0x080002d0       0x18 build/main.o
                0x080002d0                HAL_TIM_PeriodElapsedCallback
 .text.Error_Handler
                0x080002e8        0x2 build/main.o
                0x080002e8                Error_Handler
 *fill*         0x080002ea        0x2 
 .text.MX_GPIO_Init
                0x080002ec       0x74 build/gpio.o
                0x080002ec                MX_GPIO_Init
 .text.StartDefaultTask
                0x08000360        0x2 build/freertos.o
                0x08000360                StartDefaultTask
 *fill*         0x08000362        0x2 
 .text.start_flash_time_task
                0x08000364       0x54 build/freertos.o
                0x08000364                start_flash_time_task
 .text.Callback01
                0x080003b8       0x20 build/freertos.o
                0x080003b8                Callback01
 .text.start_led_task
                0x080003d8       0x68 build/freertos.o
                0x080003d8                start_led_task
 .text.vApplicationGetIdleTaskMemory
                0x08000440       0x18 build/freertos.o
                0x08000440                vApplicationGetIdleTaskMemory
 .text.vApplicationGetTimerTaskMemory
                0x08000458       0x18 build/freertos.o
                0x08000458                vApplicationGetTimerTaskMemory
 .text.MX_FREERTOS_Init
                0x08000470       0x98 build/freertos.o
                0x08000470                MX_FREERTOS_Init
 .text.MX_I2C1_Init
                0x08000508       0x3c build/i2c.o
                0x08000508                MX_I2C1_Init
 .text.HAL_I2C_MspInit
                0x08000544       0x64 build/i2c.o
                0x08000544                HAL_I2C_MspInit
 .text.HAL_RTC_MspInit
                0x080005a8       0x50 build/rtc.o
                0x080005a8                HAL_RTC_MspInit
 .text.get_time
                0x080005f8       0x50 build/rtc.o
                0x080005f8                get_time
 .text.MX_RTC_Init
                0x08000648      0x140 build/rtc.o
                0x08000648                MX_RTC_Init
 .text.display_time
                0x08000788       0xc0 build/display.o
                0x08000788                display_time
 .text.display_date
                0x08000848       0xc8 build/display.o
                0x08000848                display_date
 .text.OLED_I2C_Write_Byte
                0x08000910       0x4c build/oled.o
                0x08000910                OLED_I2C_Write_Byte
 .text.OLED_Init
                0x0800095c       0xcc build/oled.o
                0x0800095c                OLED_Init
 .text.OLED_SetPos
                0x08000a28       0x26 build/oled.o
                0x08000a28                OLED_SetPos
 .text.OLED_Fill
                0x08000a4e       0x44 build/oled.o
                0x08000a4e                OLED_Fill
 .text.OLED_CLS
                0x08000a92        0xa build/oled.o
                0x08000a92                OLED_CLS
 .text.show_char_a_type
                0x08000a9c       0x44 build/oled.o
                0x08000a9c                show_char_a_type
 .text.show_char_a1type
                0x08000ae0       0x34 build/oled.o
                0x08000ae0                show_char_a1type
 .text.show_string_atype
                0x08000b14       0x2e build/oled.o
                0x08000b14                show_string_atype
 .text.show_hz  0x08000b42       0x44 build/oled.o
                0x08000b42                show_hz
 *fill*         0x08000b86        0x2 
 .text.show_hanzi
                0x08000b88       0x5c build/oled.o
                0x08000b88                show_hanzi
 .text.show_chs_string
                0x08000be4       0x20 build/oled.o
                0x08000be4                show_chs_string
 .text.HAL_InitTick
                0x08000c04       0x78 build/stm32f1xx_hal_timebase_tim.o
                0x08000c04                HAL_InitTick
 .text.MX_TIM6_Init
                0x08000c7c       0x50 build/tim.o
                0x08000c7c                MX_TIM6_Init
 .text.HAL_TIM_Base_MspInit
                0x08000ccc       0x40 build/tim.o
                0x08000ccc                HAL_TIM_Base_MspInit
 .text.MX_USART1_UART_Init
                0x08000d0c       0x34 build/usart.o
                0x08000d0c                MX_USART1_UART_Init
 .text.HAL_UART_MspInit
                0x08000d40       0x88 build/usart.o
                0x08000d40                HAL_UART_MspInit
 .text.NMI_Handler
                0x08000dc8        0x2 build/stm32f1xx_it.o
                0x08000dc8                NMI_Handler
 .text.HardFault_Handler
                0x08000dca        0x2 build/stm32f1xx_it.o
                0x08000dca                HardFault_Handler
 .text.MemManage_Handler
                0x08000dcc        0x2 build/stm32f1xx_it.o
                0x08000dcc                MemManage_Handler
 .text.BusFault_Handler
                0x08000dce        0x2 build/stm32f1xx_it.o
                0x08000dce                BusFault_Handler
 .text.UsageFault_Handler
                0x08000dd0        0x2 build/stm32f1xx_it.o
                0x08000dd0                UsageFault_Handler
 .text.DebugMon_Handler
                0x08000dd2        0x2 build/stm32f1xx_it.o
                0x08000dd2                DebugMon_Handler
 .text.RTC_IRQHandler
                0x08000dd4       0x10 build/stm32f1xx_it.o
                0x08000dd4                RTC_IRQHandler
 .text.TIM1_UP_IRQHandler
                0x08000de4       0x10 build/stm32f1xx_it.o
                0x08000de4                TIM1_UP_IRQHandler
 .text.USART1_IRQHandler
                0x08000df4       0x10 build/stm32f1xx_it.o
                0x08000df4                USART1_IRQHandler
 .text.TIM6_IRQHandler
                0x08000e04       0x10 build/stm32f1xx_it.o
                0x08000e04                TIM6_IRQHandler
 .text.HAL_MspInit
                0x08000e14       0x54 build/stm32f1xx_hal_msp.o
                0x08000e14                HAL_MspInit
 .text.HAL_Init
                0x08000e68       0x24 build/stm32f1xx_hal.o
                0x08000e68                HAL_Init
 .text.HAL_IncTick
                0x08000e8c       0x18 build/stm32f1xx_hal.o
                0x08000e8c                HAL_IncTick
 .text.HAL_GetTick
                0x08000ea4        0xc build/stm32f1xx_hal.o
                0x08000ea4                HAL_GetTick
 .text.RCC_Delay
                0x08000eb0       0x2c build/stm32f1xx_hal_rcc.o
 .text.HAL_RCC_OscConfig
                0x08000edc      0x410 build/stm32f1xx_hal_rcc.o
                0x08000edc                HAL_RCC_OscConfig
 .text.HAL_RCC_GetSysClockFreq
                0x080012ec       0x6c build/stm32f1xx_hal_rcc.o
                0x080012ec                HAL_RCC_GetSysClockFreq
 .text.HAL_RCC_ClockConfig
                0x08001358      0x16c build/stm32f1xx_hal_rcc.o
                0x08001358                HAL_RCC_ClockConfig
 .text.HAL_RCC_GetHCLKFreq
                0x080014c4        0xc build/stm32f1xx_hal_rcc.o
                0x080014c4                HAL_RCC_GetHCLKFreq
 .text.HAL_RCC_GetPCLK1Freq
                0x080014d0       0x20 build/stm32f1xx_hal_rcc.o
                0x080014d0                HAL_RCC_GetPCLK1Freq
 .text.HAL_RCC_GetPCLK2Freq
                0x080014f0       0x20 build/stm32f1xx_hal_rcc.o
                0x080014f0                HAL_RCC_GetPCLK2Freq
 .text.HAL_RCC_GetClockConfig
                0x08001510       0x3c build/stm32f1xx_hal_rcc.o
                0x08001510                HAL_RCC_GetClockConfig
 .text.HAL_RCCEx_PeriphCLKConfig
                0x0800154c      0x114 build/stm32f1xx_hal_rcc_ex.o
                0x0800154c                HAL_RCCEx_PeriphCLKConfig
 .text.HAL_RCCEx_GetPeriphCLKFreq
                0x08001660      0x110 build/stm32f1xx_hal_rcc_ex.o
                0x08001660                HAL_RCCEx_GetPeriphCLKFreq
 .text.HAL_GPIO_Init
                0x08001770      0x238 build/stm32f1xx_hal_gpio.o
                0x08001770                HAL_GPIO_Init
 .text.HAL_GPIO_WritePin
                0x080019a8        0xc build/stm32f1xx_hal_gpio.o
                0x080019a8                HAL_GPIO_WritePin
 .text.HAL_DMA_Abort_IT
                0x080019b4      0x168 build/stm32f1xx_hal_dma.o
                0x080019b4                HAL_DMA_Abort_IT
 .text.HAL_NVIC_SetPriorityGrouping
                0x08001b1c       0x24 build/stm32f1xx_hal_cortex.o
                0x08001b1c                HAL_NVIC_SetPriorityGrouping
 .text.HAL_NVIC_SetPriority
                0x08001b40       0x68 build/stm32f1xx_hal_cortex.o
                0x08001b40                HAL_NVIC_SetPriority
 .text.HAL_NVIC_EnableIRQ
                0x08001ba8       0x1c build/stm32f1xx_hal_cortex.o
                0x08001ba8                HAL_NVIC_EnableIRQ
 .text.HAL_PWR_EnableBkUpAccess
                0x08001bc4        0xc build/stm32f1xx_hal_pwr.o
                0x08001bc4                HAL_PWR_EnableBkUpAccess
 .text.I2C_IsAcknowledgeFailed
                0x08001bd0       0x32 build/stm32f1xx_hal_i2c.o
 .text.I2C_WaitOnFlagUntilTimeout
                0x08001c02       0x74 build/stm32f1xx_hal_i2c.o
 .text.I2C_WaitOnMasterAddressFlagUntilTimeout
                0x08001c76       0xaa build/stm32f1xx_hal_i2c.o
 .text.I2C_WaitOnTXEFlagUntilTimeout
                0x08001d20       0x54 build/stm32f1xx_hal_i2c.o
 .text.I2C_RequestMemoryWrite
                0x08001d74       0xc8 build/stm32f1xx_hal_i2c.o
 .text.I2C_WaitOnBTFFlagUntilTimeout
                0x08001e3c       0x54 build/stm32f1xx_hal_i2c.o
 .text.HAL_I2C_Init
                0x08001e90      0x1a8 build/stm32f1xx_hal_i2c.o
                0x08001e90                HAL_I2C_Init
 .text.HAL_I2C_Mem_Write
                0x08002038      0x164 build/stm32f1xx_hal_i2c.o
                0x08002038                HAL_I2C_Mem_Write
 .text.RTC_ReadTimeCounter
                0x0800219c       0x26 build/stm32f1xx_hal_rtc.o
 .text.RTC_ReadAlarmCounter
                0x080021c2        0xe build/stm32f1xx_hal_rtc.o
 .text.RTC_ByteToBcd2
                0x080021d0       0x16 build/stm32f1xx_hal_rtc.o
 .text.RTC_Bcd2ToByte
                0x080021e6       0x12 build/stm32f1xx_hal_rtc.o
 .text.RTC_IsLeapYear
                0x080021f8       0x40 build/stm32f1xx_hal_rtc.o
 .text.RTC_WeekDayNum
                0x08002238       0x9c build/stm32f1xx_hal_rtc.o
 .text.RTC_DateUpdate
                0x080022d4       0xba build/stm32f1xx_hal_rtc.o
 .text.RTC_EnterInitMode
                0x0800238e       0x30 build/stm32f1xx_hal_rtc.o
 .text.RTC_ExitInitMode
                0x080023be       0x32 build/stm32f1xx_hal_rtc.o
 .text.RTC_WriteTimeCounter
                0x080023f0       0x2a build/stm32f1xx_hal_rtc.o
 .text.RTC_WriteAlarmCounter
                0x0800241a       0x2a build/stm32f1xx_hal_rtc.o
 .text.HAL_RTC_SetTime
                0x08002444       0xc2 build/stm32f1xx_hal_rtc.o
                0x08002444                HAL_RTC_SetTime
 *fill*         0x08002506        0x2 
 .text.HAL_RTC_GetTime
                0x08002508      0x10c build/stm32f1xx_hal_rtc.o
                0x08002508                HAL_RTC_GetTime
 .text.HAL_RTC_SetDate
                0x08002614       0xd4 build/stm32f1xx_hal_rtc.o
                0x08002614                HAL_RTC_SetDate
 .text.HAL_RTC_GetDate
                0x080026e8       0x66 build/stm32f1xx_hal_rtc.o
                0x080026e8                HAL_RTC_GetDate
 .text.HAL_RTC_WaitForSynchro
                0x0800274e       0x38 build/stm32f1xx_hal_rtc.o
                0x0800274e                HAL_RTC_WaitForSynchro
 *fill*         0x08002786        0x2 
 .text.HAL_RTC_Init
                0x08002788       0xbc build/stm32f1xx_hal_rtc.o
                0x08002788                HAL_RTC_Init
 .text.HAL_RTCEx_RTCEventCallback
                0x08002844        0x2 build/stm32f1xx_hal_rtc_ex.o
                0x08002844                HAL_RTCEx_RTCEventCallback
 .text.HAL_RTCEx_RTCEventErrorCallback
                0x08002846        0x2 build/stm32f1xx_hal_rtc_ex.o
                0x08002846                HAL_RTCEx_RTCEventErrorCallback
 .text.HAL_RTCEx_RTCIRQHandler
                0x08002848       0x44 build/stm32f1xx_hal_rtc_ex.o
                0x08002848                HAL_RTCEx_RTCIRQHandler
 .text.HAL_RTCEx_BKUPWrite
                0x0800288c       0x10 build/stm32f1xx_hal_rtc_ex.o
                0x0800288c                HAL_RTCEx_BKUPWrite
 .text.HAL_RTCEx_BKUPRead
                0x0800289c       0x10 build/stm32f1xx_hal_rtc_ex.o
                0x0800289c                HAL_RTCEx_BKUPRead
 .text.HAL_TIM_Base_Start_IT
                0x080028ac       0x22 build/stm32f1xx_hal_tim.o
                0x080028ac                HAL_TIM_Base_Start_IT
 .text.HAL_TIM_OC_DelayElapsedCallback
                0x080028ce        0x2 build/stm32f1xx_hal_tim.o
                0x080028ce                HAL_TIM_OC_DelayElapsedCallback
 .text.HAL_TIM_IC_CaptureCallback
                0x080028d0        0x2 build/stm32f1xx_hal_tim.o
                0x080028d0                HAL_TIM_IC_CaptureCallback
 .text.HAL_TIM_PWM_PulseFinishedCallback
                0x080028d2        0x2 build/stm32f1xx_hal_tim.o
                0x080028d2                HAL_TIM_PWM_PulseFinishedCallback
 .text.HAL_TIM_TriggerCallback
                0x080028d4        0x2 build/stm32f1xx_hal_tim.o
                0x080028d4                HAL_TIM_TriggerCallback
 .text.HAL_TIM_IRQHandler
                0x080028d6      0x17a build/stm32f1xx_hal_tim.o
                0x080028d6                HAL_TIM_IRQHandler
 .text.TIM_Base_SetConfig
                0x08002a50       0x98 build/stm32f1xx_hal_tim.o
                0x08002a50                TIM_Base_SetConfig
 .text.HAL_TIM_Base_Init
                0x08002ae8       0x34 build/stm32f1xx_hal_tim.o
                0x08002ae8                HAL_TIM_Base_Init
 .text.HAL_TIMEx_MasterConfigSynchronization
                0x08002b1c       0x46 build/stm32f1xx_hal_tim_ex.o
                0x08002b1c                HAL_TIMEx_MasterConfigSynchronization
 .text.HAL_TIMEx_CommutCallback
                0x08002b62        0x2 build/stm32f1xx_hal_tim_ex.o
                0x08002b62                HAL_TIMEx_CommutCallback
 .text.HAL_TIMEx_BreakCallback
                0x08002b64        0x2 build/stm32f1xx_hal_tim_ex.o
                0x08002b64                HAL_TIMEx_BreakCallback
 .text.UART_EndRxTransfer
                0x08002b66       0x1c build/stm32f1xx_hal_uart.o
 .text.UART_Transmit_IT
                0x08002b82       0x66 build/stm32f1xx_hal_uart.o
 .text.UART_SetConfig
                0x08002be8       0xcc build/stm32f1xx_hal_uart.o
 .text.HAL_UART_Init
                0x08002cb4       0x5e build/stm32f1xx_hal_uart.o
                0x08002cb4                HAL_UART_Init
 .text.HAL_UART_TxCpltCallback
                0x08002d12        0x2 build/stm32f1xx_hal_uart.o
                0x08002d12                HAL_UART_TxCpltCallback
 .text.UART_EndTransmit_IT
                0x08002d14       0x1a build/stm32f1xx_hal_uart.o
 .text.HAL_UART_RxCpltCallback
                0x08002d2e        0x2 build/stm32f1xx_hal_uart.o
                0x08002d2e                HAL_UART_RxCpltCallback
 .text.UART_Receive_IT
                0x08002d30       0x9e build/stm32f1xx_hal_uart.o
 .text.HAL_UART_ErrorCallback
                0x08002dce        0x2 build/stm32f1xx_hal_uart.o
                0x08002dce                HAL_UART_ErrorCallback
 .text.HAL_UART_IRQHandler
                0x08002dd0      0x120 build/stm32f1xx_hal_uart.o
                0x08002dd0                HAL_UART_IRQHandler
 .text.UART_DMAAbortOnError
                0x08002ef0       0x10 build/stm32f1xx_hal_uart.o
 .text.SystemInit
                0x08002f00       0x4c build/system_stm32f1xx.o
                0x08002f00                SystemInit
 .text.vListInitialise
                0x08002f4c       0x16 build/list.o
                0x08002f4c                vListInitialise
 .text.vListInitialiseItem
                0x08002f62        0x6 build/list.o
                0x08002f62                vListInitialiseItem
 .text.vListInsertEnd
                0x08002f68       0x16 build/list.o
                0x08002f68                vListInsertEnd
 .text.vListInsert
                0x08002f7e       0x32 build/list.o
                0x08002f7e                vListInsert
 .text.uxListRemove
                0x08002fb0       0x26 build/list.o
                0x08002fb0                uxListRemove
 .text.prvIsQueueFull
                0x08002fd6       0x1e build/queue.o
 .text.prvIsQueueEmpty
                0x08002ff4       0x1a build/queue.o
 .text.prvCopyDataToQueue
                0x0800300e       0x76 build/queue.o
 .text.prvCopyDataFromQueue
                0x08003084       0x24 build/queue.o
 .text.prvUnlockQueue
                0x080030a8       0x6e build/queue.o
 *fill*         0x08003116        0x2 
 .text.xQueueGenericReset
                0x08003118       0x84 build/queue.o
                0x08003118                xQueueGenericReset
 .text.prvInitialiseNewQueue
                0x0800319c       0x1c build/queue.o
 .text.xQueueGenericCreateStatic
                0x080031b8       0x92 build/queue.o
                0x080031b8                xQueueGenericCreateStatic
 *fill*         0x0800324a        0x2 
 .text.xQueueGenericSend
                0x0800324c      0x180 build/queue.o
                0x0800324c                xQueueGenericSend
 .text.xQueueGenericSendFromISR
                0x080033cc       0xce build/queue.o
                0x080033cc                xQueueGenericSendFromISR
 *fill*         0x0800349a        0x2 
 .text.xQueueReceive
                0x0800349c      0x15c build/queue.o
                0x0800349c                xQueueReceive
 .text.vQueueAddToRegistry
                0x080035f8       0x28 build/queue.o
                0x080035f8                vQueueAddToRegistry
 .text.vQueueWaitForMessageRestricted
                0x08003620       0x52 build/queue.o
                0x08003620                vQueueWaitForMessageRestricted
 *fill*         0x08003672        0x2 
 .text.prvResetNextTaskUnblockTime
                0x08003674       0x2c build/tasks.o
 .text.prvInitialiseNewTask
                0x080036a0       0x88 build/tasks.o
 .text.prvInitialiseTaskLists
                0x08003728       0x68 build/tasks.o
 .text.prvAddNewTaskToReadyList
                0x08003790       0xa8 build/tasks.o
 .text.prvDeleteTCB
                0x08003838       0x38 build/tasks.o
 .text.prvCheckTasksWaitingTermination
                0x08003870       0x4c build/tasks.o
 .text.prvIdleTask
                0x080038bc       0x28 build/tasks.o
 .text.prvAddCurrentTaskToDelayedList
                0x080038e4       0x98 build/tasks.o
 .text.xTaskCreateStatic
                0x0800397c       0x72 build/tasks.o
                0x0800397c                xTaskCreateStatic
 .text.xTaskCreate
                0x080039ee       0x68 build/tasks.o
                0x080039ee                xTaskCreate
 *fill*         0x08003a56        0x2 
 .text.vTaskStartScheduler
                0x08003a58       0x94 build/tasks.o
                0x08003a58                vTaskStartScheduler
 .text.vTaskSuspendAll
                0x08003aec       0x10 build/tasks.o
                0x08003aec                vTaskSuspendAll
 .text.xTaskGetTickCount
                0x08003afc        0xc build/tasks.o
                0x08003afc                xTaskGetTickCount
 .text.xTaskIncrementTick
                0x08003b08      0x118 build/tasks.o
                0x08003b08                xTaskIncrementTick
 .text.xTaskResumeAll
                0x08003c20       0xf8 build/tasks.o
                0x08003c20                xTaskResumeAll
 .text.vTaskSwitchContext
                0x08003d18       0x98 build/tasks.o
                0x08003d18                vTaskSwitchContext
 .text.vTaskPlaceOnEventList
                0x08003db0       0x30 build/tasks.o
                0x08003db0                vTaskPlaceOnEventList
 .text.vTaskPlaceOnEventListRestricted
                0x08003de0       0x38 build/tasks.o
                0x08003de0                vTaskPlaceOnEventListRestricted
 .text.xTaskRemoveFromEventList
                0x08003e18       0x8c build/tasks.o
                0x08003e18                xTaskRemoveFromEventList
 .text.vTaskInternalSetTimeOutState
                0x08003ea4       0x18 build/tasks.o
                0x08003ea4                vTaskInternalSetTimeOutState
 .text.xTaskCheckForTimeOut
                0x08003ebc       0x84 build/tasks.o
                0x08003ebc                xTaskCheckForTimeOut
 .text.vTaskMissedYield
                0x08003f40        0xc build/tasks.o
                0x08003f40                vTaskMissedYield
 .text.xTaskGetSchedulerState
                0x08003f4c       0x20 build/tasks.o
                0x08003f4c                xTaskGetSchedulerState
 .text.xTaskPriorityDisinherit
                0x08003f6c       0xb4 build/tasks.o
                0x08003f6c                xTaskPriorityDisinherit
 .text.prvGetNextExpireTime
                0x08004020       0x20 build/timers.o
 .text.prvInsertTimerInActiveList
                0x08004040       0x48 build/timers.o
 .text.prvCheckForValidListAndQueue
                0x08004088       0x70 build/timers.o
 .text.prvInitialiseNewTimer
                0x080040f8       0x40 build/timers.o
 .text.xTimerCreateTimerTask
                0x08004138       0x64 build/timers.o
                0x08004138                xTimerCreateTimerTask
 .text.xTimerCreate
                0x0800419c       0x38 build/timers.o
                0x0800419c                xTimerCreate
 .text.xTimerCreateStatic
                0x080041d4       0x4c build/timers.o
                0x080041d4                xTimerCreateStatic
 .text.xTimerGenericCommand
                0x08004220       0x6c build/timers.o
                0x08004220                xTimerGenericCommand
 .text.prvSwitchTimerLists
                0x0800428c       0x78 build/timers.o
 .text.prvSampleTimeNow
                0x08004304       0x2c build/timers.o
 .text.prvProcessExpiredTimer
                0x08004330       0x60 build/timers.o
 .text.prvProcessTimerOrBlockTask
                0x08004390       0x74 build/timers.o
 .text.prvProcessReceivedCommands
                0x08004404       0xe4 build/timers.o
 .text.prvTimerTask
                0x080044e8       0x16 build/timers.o
 .text.makeFreeRtosPriority
                0x080044fe        0xc build/cmsis_os.o
 .text.inHandlerMode
                0x0800450a        0xc build/cmsis_os.o
 .text.osKernelStart
                0x08004516        0xa build/cmsis_os.o
                0x08004516                osKernelStart
 .text.osThreadCreate
                0x08004520       0x6a build/cmsis_os.o
                0x08004520                osThreadCreate
 *fill*         0x0800458a        0x2 
 .text.osTimerCreate
                0x0800458c       0x44 build/cmsis_os.o
                0x0800458c                osTimerCreate
 .text.osTimerStart
                0x080045d0       0x6c build/cmsis_os.o
                0x080045d0                osTimerStart
 .text.prvHeapInit
                0x0800463c       0x64 build/heap_4.o
 .text.prvInsertBlockIntoFreeList
                0x080046a0       0x54 build/heap_4.o
 .text.pvPortMalloc
                0x080046f4       0xf0 build/heap_4.o
                0x080046f4                pvPortMalloc
 .text.vPortFree
                0x080047e4       0x70 build/heap_4.o
                0x080047e4                vPortFree
 .text.prvTaskExitError
                0x08004854       0x40 build/port.o
 .text.prvPortStartFirstTask
                0x08004894       0x20 build/port.o
 .text.pxPortInitialiseStack
                0x080048b4       0x24 build/port.o
                0x080048b4                pxPortInitialiseStack
 *fill*         0x080048d8        0x8 
 .text.SVC_Handler
                0x080048e0       0x24 build/port.o
                0x080048e0                SVC_Handler
 .text.vPortEnterCritical
                0x08004904       0x44 build/port.o
                0x08004904                vPortEnterCritical
 .text.vPortExitCritical
                0x08004948       0x2c build/port.o
                0x08004948                vPortExitCritical
 *fill*         0x08004974        0xc 
 .text.PendSV_Handler
                0x08004980       0x44 build/port.o
                0x08004980                PendSV_Handler
 .text.SysTick_Handler
                0x080049c4       0x2c build/port.o
                0x080049c4                SysTick_Handler
 .text.vPortSetupTimerInterrupt
                0x080049f0       0x38 build/port.o
                0x080049f0                vPortSetupTimerInterrupt
 .text.xPortStartScheduler
                0x08004a28       0xb8 build/port.o
                0x08004a28                xPortStartScheduler
 .text.vPortValidateInterruptPriority
                0x08004ae0       0x5c build/port.o
                0x08004ae0                vPortValidateInterruptPriority
 .text.Reset_Handler
                0x08004b3c       0x48 build/startup_stm32f103xe.o
                0x08004b3c                Reset_Handler
 .text.Default_Handler
                0x08004b84        0x2 build/startup_stm32f103xe.o
                0x08004b84                RTC_Alarm_IRQHandler
                0x08004b84                EXTI2_IRQHandler
                0x08004b84                TIM8_TRG_COM_IRQHandler
                0x08004b84                TIM8_CC_IRQHandler
                0x08004b84                TIM1_CC_IRQHandler
                0x08004b84                PVD_IRQHandler
                0x08004b84                SDIO_IRQHandler
                0x08004b84                EXTI3_IRQHandler
                0x08004b84                EXTI0_IRQHandler
                0x08004b84                I2C2_EV_IRQHandler
                0x08004b84                ADC1_2_IRQHandler
                0x08004b84                SPI1_IRQHandler
                0x08004b84                TAMPER_IRQHandler
                0x08004b84                TIM8_UP_IRQHandler
                0x08004b84                DMA2_Channel2_IRQHandler
                0x08004b84                DMA1_Channel4_IRQHandler
                0x08004b84                USART3_IRQHandler
                0x08004b84                DMA1_Channel7_IRQHandler
                0x08004b84                CAN1_RX1_IRQHandler
                0x08004b84                UART5_IRQHandler
                0x08004b84                ADC3_IRQHandler
                0x08004b84                TIM4_IRQHandler
                0x08004b84                DMA2_Channel1_IRQHandler
                0x08004b84                I2C1_EV_IRQHandler
                0x08004b84                DMA1_Channel6_IRQHandler
                0x08004b84                UART4_IRQHandler
                0x08004b84                TIM3_IRQHandler
                0x08004b84                RCC_IRQHandler
                0x08004b84                TIM1_TRG_COM_IRQHandler
                0x08004b84                DMA1_Channel1_IRQHandler
                0x08004b84                Default_Handler
                0x08004b84                EXTI15_10_IRQHandler
                0x08004b84                TIM7_IRQHandler
                0x08004b84                TIM5_IRQHandler
                0x08004b84                EXTI9_5_IRQHandler
                0x08004b84                SPI2_IRQHandler
                0x08004b84                DMA1_Channel5_IRQHandler
                0x08004b84                EXTI4_IRQHandler
                0x08004b84                USB_LP_CAN1_RX0_IRQHandler
                0x08004b84                USB_HP_CAN1_TX_IRQHandler
                0x08004b84                DMA1_Channel3_IRQHandler
                0x08004b84                FSMC_IRQHandler
                0x08004b84                WWDG_IRQHandler
                0x08004b84                TIM2_IRQHandler
                0x08004b84                TIM1_BRK_IRQHandler
                0x08004b84                EXTI1_IRQHandler
                0x08004b84                DMA2_Channel4_5_IRQHandler
                0x08004b84                USART2_IRQHandler
                0x08004b84                I2C2_ER_IRQHandler
                0x08004b84                DMA1_Channel2_IRQHandler
                0x08004b84                TIM8_BRK_IRQHandler
                0x08004b84                CAN1_SCE_IRQHandler
                0x08004b84                FLASH_IRQHandler
                0x08004b84                SPI3_IRQHandler
                0x08004b84                I2C1_ER_IRQHandler
                0x08004b84                USBWakeUp_IRQHandler
                0x08004b84                DMA2_Channel3_IRQHandler
 *fill*         0x08004b86        0x2 
 .text.__libc_init_array
                0x08004b88       0x48 f:/work_project/9 2019-q4-major/bin/../lib/gcc/arm-none-eabi/9.2.1/../../../../arm-none-eabi/lib/thumb/v7-m/nofp\libc_nano.a(lib_a-init.o)
                0x08004b88                __libc_init_array
 .text.memcpy   0x08004bd0       0x1c f:/work_project/9 2019-q4-major/bin/../lib/gcc/arm-none-eabi/9.2.1/../../../../arm-none-eabi/lib/thumb/v7-m/nofp\libc_nano.a(lib_a-memcpy-stub.o)
                0x08004bd0                memcpy
 *(.glue_7)
 .glue_7        0x08004bec        0x0 linker stubs
 *(.glue_7t)
 .glue_7t       0x08004bec        0x0 linker stubs
 *(.eh_frame)
 .eh_frame      0x08004bec        0x0 f:/work_project/9 2019-q4-major/bin/../lib/gcc/arm-none-eabi/9.2.1/thumb/v7-m/nofp/crtbegin.o
 *(.init)
 .init          0x08004bec        0x4 f:/work_project/9 2019-q4-major/bin/../lib/gcc/arm-none-eabi/9.2.1/thumb/v7-m/nofp/crti.o
                0x08004bec                _init
 .init          0x08004bf0        0x8 f:/work_project/9 2019-q4-major/bin/../lib/gcc/arm-none-eabi/9.2.1/thumb/v7-m/nofp/crtn.o
 *(.fini)
 .fini          0x08004bf8        0x4 f:/work_project/9 2019-q4-major/bin/../lib/gcc/arm-none-eabi/9.2.1/thumb/v7-m/nofp/crti.o
                0x08004bf8                _fini
 .fini          0x08004bfc        0x8 f:/work_project/9 2019-q4-major/bin/../lib/gcc/arm-none-eabi/9.2.1/thumb/v7-m/nofp/crtn.o
                0x08004c04                . = ALIGN (0x4)
                0x08004c04                _etext = .

.vfp11_veneer   0x08004c04        0x0
 .vfp11_veneer  0x08004c04        0x0 linker stubs

.v4_bx          0x08004c04        0x0
 .v4_bx         0x08004c04        0x0 linker stubs

.iplt           0x08004c04        0x0
 .iplt          0x08004c04        0x0 f:/work_project/9 2019-q4-major/bin/../lib/gcc/arm-none-eabi/9.2.1/thumb/v7-m/nofp/crtbegin.o

.rodata         0x08004c04      0x100
                0x08004c04                . = ALIGN (0x4)
 *(.rodata)
 .rodata        0x08004c04       0x54 build/freertos.o
 *(.rodata*)
 .rodata.str1.4
                0x08004c58       0x25 build/freertos.o
 *fill*         0x08004c7d        0x3 
 .rodata.start_flash_time_task.str1.4
                0x08004c80       0x39 build/freertos.o
 .rodata.display_time.str1.4
                0x08004cb9       0x39 build/display.o
                                  0x2 (size before relaxing)
 *fill*         0x08004cb9        0x3 
 .rodata.display_date.str1.4
                0x08004cbc        0x2 build/display.o
 *fill*         0x08004cbe        0x2 
 .rodata.HAL_RCC_GetSysClockFreq.str1.4
                0x08004cc0       0x11 build/stm32f1xx_hal_rcc.o
 .rodata.HAL_RCCEx_GetPeriphCLKFreq.str1.4
                0x08004cd1       0x11 build/stm32f1xx_hal_rcc_ex.o
 *fill*         0x08004cd1        0x3 
 .rodata.AHBPrescTable
                0x08004cd4       0x10 build/system_stm32f1xx.o
                0x08004cd4                AHBPrescTable
 .rodata.APBPrescTable
                0x08004ce4        0x8 build/system_stm32f1xx.o
                0x08004ce4                APBPrescTable
 .rodata.vTaskStartScheduler.str1.4
                0x08004cec        0x5 build/tasks.o
 *fill*         0x08004cf1        0x3 
 .rodata.prvCheckForValidListAndQueue.str1.4
                0x08004cf4        0x5 build/timers.o
 *fill*         0x08004cf9        0x3 
 .rodata.xTimerCreateTimerTask.str1.4
                0x08004cfc        0x8 build/timers.o
 .rodata.osTimerCreate.str1.4
                0x08004d04        0x8 build/cmsis_os.o
                                  0x1 (size before relaxing)
                0x08004d0c                . = ALIGN (0x4)

.rel.dyn        0x08004d04        0x0
 .rel.iplt      0x08004d04        0x0 f:/work_project/9 2019-q4-major/bin/../lib/gcc/arm-none-eabi/9.2.1/thumb/v7-m/nofp/crtbegin.o

.ARM.extab
 *(.ARM.extab* .gnu.linkonce.armextab.*)

.ARM            0x08004d04        0x0
                0x08004d04                __exidx_start = .
 *(.ARM.exidx*)
                0x08004d04                __exidx_end = .

.preinit_array  0x08004d04        0x0
                0x08004d04                PROVIDE (__preinit_array_start = .)
 *(.preinit_array*)
                0x08004d04                PROVIDE (__preinit_array_end = .)

.init_array     0x08004d04        0x4
                0x08004d04                PROVIDE (__init_array_start = .)
 *(SORT_BY_NAME(.init_array.*))
 *(.init_array*)
 .init_array    0x08004d04        0x4 f:/work_project/9 2019-q4-major/bin/../lib/gcc/arm-none-eabi/9.2.1/thumb/v7-m/nofp/crtbegin.o
                0x08004d08                PROVIDE (__init_array_end = .)

.fini_array     0x08004d08        0x4
                [!provide]                PROVIDE (__fini_array_start = .)
 *(SORT_BY_NAME(.fini_array.*))
 *(.fini_array*)
 .fini_array    0x08004d08        0x4 f:/work_project/9 2019-q4-major/bin/../lib/gcc/arm-none-eabi/9.2.1/thumb/v7-m/nofp/crtbegin.o
                [!provide]                PROVIDE (__fini_array_end = .)
                0x08004d0c                _sidata = LOADADDR (.data)

.data           0x20000000      0x448 load address 0x08004d0c
                0x20000000                . = ALIGN (0x4)
                0x20000000                _sdata = .
 *(.data)
 *(.data*)
 .data.ASC_16   0x20000000      0x286 build/oled.o
                0x20000000                ASC_16
 *fill*         0x20000286        0x2 
 .data.GB_16    0x20000288      0x1b0 build/oled.o
                0x20000288                GB_16
 .data.uwTickFreq
                0x20000438        0x1 build/stm32f1xx_hal.o
                0x20000438                uwTickFreq
 *fill*         0x20000439        0x3 
 .data.uwTickPrio
                0x2000043c        0x4 build/stm32f1xx_hal.o
                0x2000043c                uwTickPrio
 .data.SystemCoreClock
                0x20000440        0x4 build/system_stm32f1xx.o
                0x20000440                SystemCoreClock
 .data.uxCriticalNesting
                0x20000444        0x4 build/port.o
                0x20000448                . = ALIGN (0x4)
                0x20000448                _edata = .

.igot.plt       0x20000448        0x0 load address 0x08005154
 .igot.plt      0x20000448        0x0 f:/work_project/9 2019-q4-major/bin/../lib/gcc/arm-none-eabi/9.2.1/thumb/v7-m/nofp/crtbegin.o
                0x20000448                . = ALIGN (0x4)

.bss            0x20000448     0x4f90 load address 0x08005154
                0x20000448                _sbss = .
                0x20000448                __bss_start__ = _sbss
 *(.bss)
 .bss           0x20000448       0x1c f:/work_project/9 2019-q4-major/bin/../lib/gcc/arm-none-eabi/9.2.1/thumb/v7-m/nofp/crtbegin.o
 *(.bss*)
 .bss.xIdleStack
                0x20000464      0x200 build/freertos.o
 .bss.xIdleTaskTCBBuffer
                0x20000664       0x54 build/freertos.o
 .bss.xTimerStack
                0x200006b8      0x400 build/freertos.o
 .bss.xTimerTaskTCBBuffer
                0x20000ab8       0x54 build/freertos.o
 .bss.g_flag_time
                0x20000b0c        0x1 build/rtc.o
                0x20000b0c                g_flag_time
 *fill*         0x20000b0d        0x3 
 .bss.display_array
                0x20000b10      0x100 build/display.o
                0x20000b10                display_array
 .bss.pxCurrentTCB
                0x20000c10        0x4 build/tasks.o
                0x20000c10                pxCurrentTCB
 .bss.pxDelayedTaskList
                0x20000c14        0x4 build/tasks.o
 .bss.pxOverflowDelayedTaskList
                0x20000c18        0x4 build/tasks.o
 .bss.pxReadyTasksLists
                0x20000c1c       0x8c build/tasks.o
 .bss.uxCurrentNumberOfTasks
                0x20000ca8        0x4 build/tasks.o
 .bss.uxDeletedTasksWaitingCleanUp
                0x20000cac        0x4 build/tasks.o
 .bss.uxPendedTicks
                0x20000cb0        0x4 build/tasks.o
 .bss.uxSchedulerSuspended
                0x20000cb4        0x4 build/tasks.o
 .bss.uxTaskNumber
                0x20000cb8        0x4 build/tasks.o
 .bss.uxTopReadyPriority
                0x20000cbc        0x4 build/tasks.o
 .bss.xDelayedTaskList1
                0x20000cc0       0x14 build/tasks.o
 .bss.xDelayedTaskList2
                0x20000cd4       0x14 build/tasks.o
 .bss.xNextTaskUnblockTime
                0x20000ce8        0x4 build/tasks.o
 .bss.xNumOfOverflows
                0x20000cec        0x4 build/tasks.o
 .bss.xPendingReadyList
                0x20000cf0       0x14 build/tasks.o
 .bss.xSchedulerRunning
                0x20000d04        0x4 build/tasks.o
 .bss.xSuspendedTaskList
                0x20000d08       0x14 build/tasks.o
 .bss.xTasksWaitingTermination
                0x20000d1c       0x14 build/tasks.o
 .bss.xTickCount
                0x20000d30        0x4 build/tasks.o
 .bss.xYieldPending
                0x20000d34        0x4 build/tasks.o
 .bss.pxCurrentTimerList
                0x20000d38        0x4 build/timers.o
 .bss.pxOverflowTimerList
                0x20000d3c        0x4 build/timers.o
 .bss.ucStaticTimerQueueStorage.5548
                0x20000d40       0x78 build/timers.o
 .bss.xActiveTimerList1
                0x20000db8       0x14 build/timers.o
 .bss.xActiveTimerList2
                0x20000dcc       0x14 build/timers.o
 .bss.xLastTime.5499
                0x20000de0        0x4 build/timers.o
 .bss.xStaticTimerQueue.5547
                0x20000de4       0x48 build/timers.o
 .bss.xTimerQueue
                0x20000e2c        0x4 build/timers.o
 .bss.xTimerTaskHandle
                0x20000e30        0x4 build/timers.o
 .bss.pxEnd     0x20000e34        0x4 build/heap_4.o
 .bss.ucHeap    0x20000e38     0x4400 build/heap_4.o
 .bss.xBlockAllocatedBit
                0x20005238        0x4 build/heap_4.o
 .bss.xFreeBytesRemaining
                0x2000523c        0x4 build/heap_4.o
 .bss.xMinimumEverFreeBytesRemaining
                0x20005240        0x4 build/heap_4.o
 .bss.xStart    0x20005244        0x8 build/heap_4.o
 .bss.ucMaxSysCallPriority
                0x2000524c        0x1 build/port.o
 *fill*         0x2000524d        0x3 
 .bss.ulMaxPRIGROUPValue
                0x20005250        0x4 build/port.o
 *(COMMON)
 COMMON         0x20005254        0x7 build/main.o
                0x20005254                getdate
                0x20005258                gettime
 *fill*         0x2000525b        0x1 
 COMMON         0x2000525c       0x10 build/freertos.o
                0x2000525c                defaultTaskHandle
                0x20005260                flash_time_taskHandle
                0x20005264                led_taskHandle
                0x20005268                myTimer01Handle
 COMMON         0x2000526c       0x54 build/i2c.o
                0x2000526c                hi2c1
 COMMON         0x200052c0       0x14 build/rtc.o
                0x200052c0                hrtc
 COMMON         0x200052d4       0x40 build/stm32f1xx_hal_timebase_tim.o
                0x200052d4                htim1
 COMMON         0x20005314       0x40 build/tim.o
                0x20005314                htim6
 COMMON         0x20005354       0x40 build/usart.o
                0x20005354                huart1
 COMMON         0x20005394        0x4 build/stm32f1xx_hal.o
                0x20005394                uwTick
 COMMON         0x20005398       0x40 build/queue.o
                0x20005398                xQueueRegistry
                0x200053d8                . = ALIGN (0x4)
                0x200053d8                _ebss = .
                0x200053d8                __bss_end__ = _ebss

._user_heap_stack
                0x200053d8      0x600 load address 0x08005154
                0x200053d8                . = ALIGN (0x8)
                [!provide]                PROVIDE (end = .)
                [!provide]                PROVIDE (_end = .)
                0x200055d8                . = (. + _Min_Heap_Size)
 *fill*         0x200053d8      0x200 
                0x200059d8                . = (. + _Min_Stack_Size)
 *fill*         0x200055d8      0x400 
                0x200059d8                . = ALIGN (0x8)

/DISCARD/
 libc.a(*)
 libm.a(*)
 libgcc.a(*)

.ARM.attributes
                0x00000000       0x29
 *(.ARM.attributes)
 .ARM.attributes
                0x00000000       0x1d f:/work_project/9 2019-q4-major/bin/../lib/gcc/arm-none-eabi/9.2.1/thumb/v7-m/nofp/crti.o
 .ARM.attributes
                0x0000001d       0x2d f:/work_project/9 2019-q4-major/bin/../lib/gcc/arm-none-eabi/9.2.1/thumb/v7-m/nofp/crtbegin.o
 .ARM.attributes
                0x0000004a       0x2d build/main.o
 .ARM.attributes
                0x00000077       0x2d build/gpio.o
 .ARM.attributes
                0x000000a4       0x2d build/freertos.o
 .ARM.attributes
                0x000000d1       0x2d build/i2c.o
 .ARM.attributes
                0x000000fe       0x2d build/rtc.o
 .ARM.attributes
                0x0000012b       0x2d build/display.o
 .ARM.attributes
                0x00000158       0x2d build/oled.o
 .ARM.attributes
                0x00000185       0x2d build/stm32f1xx_hal_timebase_tim.o
 .ARM.attributes
                0x000001b2       0x2d build/tim.o
 .ARM.attributes
                0x000001df       0x2d build/usart.o
 .ARM.attributes
                0x0000020c       0x2d build/stm32f1xx_it.o
 .ARM.attributes
                0x00000239       0x2d build/stm32f1xx_hal_msp.o
 .ARM.attributes
                0x00000266       0x2d build/stm32f1xx_hal.o
 .ARM.attributes
                0x00000293       0x2d build/stm32f1xx_hal_rcc.o
 .ARM.attributes
                0x000002c0       0x2d build/stm32f1xx_hal_rcc_ex.o
 .ARM.attributes
                0x000002ed       0x2d build/stm32f1xx_hal_gpio.o
 .ARM.attributes
                0x0000031a       0x2d build/stm32f1xx_hal_dma.o
 .ARM.attributes
                0x00000347       0x2d build/stm32f1xx_hal_cortex.o
 .ARM.attributes
                0x00000374       0x2d build/stm32f1xx_hal_pwr.o
 .ARM.attributes
                0x000003a1       0x2d build/stm32f1xx_hal_i2c.o
 .ARM.attributes
                0x000003ce       0x2d build/stm32f1xx_hal_rtc.o
 .ARM.attributes
                0x000003fb       0x2d build/stm32f1xx_hal_rtc_ex.o
 .ARM.attributes
                0x00000428       0x2d build/stm32f1xx_hal_tim.o
 .ARM.attributes
                0x00000455       0x2d build/stm32f1xx_hal_tim_ex.o
 .ARM.attributes
                0x00000482       0x2d build/stm32f1xx_hal_uart.o
 .ARM.attributes
                0x000004af       0x2d build/system_stm32f1xx.o
 .ARM.attributes
                0x000004dc       0x2d build/list.o
 .ARM.attributes
                0x00000509       0x2d build/queue.o
 .ARM.attributes
                0x00000536       0x2d build/tasks.o
 .ARM.attributes
                0x00000563       0x2d build/timers.o
 .ARM.attributes
                0x00000590       0x2d build/cmsis_os.o
 .ARM.attributes
                0x000005bd       0x2d build/heap_4.o
 .ARM.attributes
                0x000005ea       0x2d build/port.o
 .ARM.attributes
                0x00000617       0x21 build/startup_stm32f103xe.o
 .ARM.attributes
                0x00000638       0x2d f:/work_project/9 2019-q4-major/bin/../lib/gcc/arm-none-eabi/9.2.1/../../../../arm-none-eabi/lib/thumb/v7-m/nofp\libc_nano.a(lib_a-init.o)
 .ARM.attributes
                0x00000665       0x2d f:/work_project/9 2019-q4-major/bin/../lib/gcc/arm-none-eabi/9.2.1/../../../../arm-none-eabi/lib/thumb/v7-m/nofp\libc_nano.a(lib_a-memcpy-stub.o)
 .ARM.attributes
                0x00000692       0x1d f:/work_project/9 2019-q4-major/bin/../lib/gcc/arm-none-eabi/9.2.1/thumb/v7-m/nofp/crtn.o
OUTPUT(build/stm32f103_iic_oled.elf elf32-littlearm)

.debug_info     0x00000000    0x27475
 .debug_info    0x00000000     0x12d1 build/main.o
 .debug_info    0x000012d1      0x418 build/gpio.o
 .debug_info    0x000016e9     0x12b2 build/freertos.o
 .debug_info    0x0000299b      0xa1e build/i2c.o
 .debug_info    0x000033b9      0xc8f build/rtc.o
 .debug_info    0x00004048      0xb94 build/display.o
 .debug_info    0x00004bdc     0x122a build/oled.o
 .debug_info    0x00005e06      0xb69 build/stm32f1xx_hal_timebase_tim.o
 .debug_info    0x0000696f      0xb27 build/tim.o
 .debug_info    0x00007496      0xbb0 build/usart.o
 .debug_info    0x00008046      0xc93 build/stm32f1xx_it.o
 .debug_info    0x00008cd9      0x502 build/stm32f1xx_hal_msp.o
 .debug_info    0x000091db      0x92c build/stm32f1xx_hal.o
 .debug_info    0x00009b07      0xb59 build/stm32f1xx_hal_rcc.o
 .debug_info    0x0000a660      0x574 build/stm32f1xx_hal_rcc_ex.o
 .debug_info    0x0000abd4      0x7a8 build/stm32f1xx_hal_gpio.o
 .debug_info    0x0000b37c      0x9a6 build/stm32f1xx_hal_dma.o
 .debug_info    0x0000bd22      0xf4f build/stm32f1xx_hal_cortex.o
 .debug_info    0x0000cc71      0x81c build/stm32f1xx_hal_pwr.o
 .debug_info    0x0000d48d     0x3bbc build/stm32f1xx_hal_i2c.o
 .debug_info    0x00011049     0x16c6 build/stm32f1xx_hal_rtc.o
 .debug_info    0x0001270f      0xb2a build/stm32f1xx_hal_rtc_ex.o
 .debug_info    0x00013239     0x3948 build/stm32f1xx_hal_tim.o
 .debug_info    0x00016b81     0x1813 build/stm32f1xx_hal_tim_ex.o
 .debug_info    0x00018394     0x1a9a build/stm32f1xx_hal_uart.o
 .debug_info    0x00019e2e      0x4cf build/system_stm32f1xx.o
 .debug_info    0x0001a2fd      0xc9e build/list.o
 .debug_info    0x0001af9b     0x2d65 build/queue.o
 .debug_info    0x0001dd00     0x33c0 build/tasks.o
 .debug_info    0x000210c0     0x2101 build/timers.o
 .debug_info    0x000231c1     0x2ef9 build/cmsis_os.o
 .debug_info    0x000260ba      0xe30 build/heap_4.o
 .debug_info    0x00026eea      0x569 build/port.o
 .debug_info    0x00027453       0x22 build/startup_stm32f103xe.o

.debug_abbrev   0x00000000     0x5335
 .debug_abbrev  0x00000000      0x224 build/main.o
 .debug_abbrev  0x00000224      0x17e build/gpio.o
 .debug_abbrev  0x000003a2      0x21a build/freertos.o
 .debug_abbrev  0x000005bc      0x1f1 build/i2c.o
 .debug_abbrev  0x000007ad      0x1d4 build/rtc.o
 .debug_abbrev  0x00000981      0x1a9 build/display.o
 .debug_abbrev  0x00000b2a      0x288 build/oled.o
 .debug_abbrev  0x00000db2      0x21c build/stm32f1xx_hal_timebase_tim.o
 .debug_abbrev  0x00000fce      0x1fc build/tim.o
 .debug_abbrev  0x000011ca      0x1fa build/usart.o
 .debug_abbrev  0x000013c4      0x196 build/stm32f1xx_it.o
 .debug_abbrev  0x0000155a      0x15d build/stm32f1xx_hal_msp.o
 .debug_abbrev  0x000016b7      0x22f build/stm32f1xx_hal.o
 .debug_abbrev  0x000018e6      0x2ad build/stm32f1xx_hal_rcc.o
 .debug_abbrev  0x00001b93      0x1fb build/stm32f1xx_hal_rcc_ex.o
 .debug_abbrev  0x00001d8e      0x24f build/stm32f1xx_hal_gpio.o
 .debug_abbrev  0x00001fdd      0x2a1 build/stm32f1xx_hal_dma.o
 .debug_abbrev  0x0000227e      0x37f build/stm32f1xx_hal_cortex.o
 .debug_abbrev  0x000025fd      0x222 build/stm32f1xx_hal_pwr.o
 .debug_abbrev  0x0000281f      0x332 build/stm32f1xx_hal_i2c.o
 .debug_abbrev  0x00002b51      0x287 build/stm32f1xx_hal_rtc.o
 .debug_abbrev  0x00002dd8      0x2b2 build/stm32f1xx_hal_rtc_ex.o
 .debug_abbrev  0x0000308a      0x2c3 build/stm32f1xx_hal_tim.o
 .debug_abbrev  0x0000334d      0x2ab build/stm32f1xx_hal_tim_ex.o
 .debug_abbrev  0x000035f8      0x2ea build/stm32f1xx_hal_uart.o
 .debug_abbrev  0x000038e2      0x153 build/system_stm32f1xx.o
 .debug_abbrev  0x00003a35      0x245 build/list.o
 .debug_abbrev  0x00003c7a      0x478 build/queue.o
 .debug_abbrev  0x000040f2      0x448 build/tasks.o
 .debug_abbrev  0x0000453a      0x3a8 build/timers.o
 .debug_abbrev  0x000048e2      0x437 build/cmsis_os.o
 .debug_abbrev  0x00004d19      0x36d build/heap_4.o
 .debug_abbrev  0x00005086      0x29d build/port.o
 .debug_abbrev  0x00005323       0x12 build/startup_stm32f103xe.o

.debug_loc      0x00000000    0x18df8
 .debug_loc     0x00000000       0xbb build/main.o
 .debug_loc     0x000000bb       0x38 build/gpio.o
 .debug_loc     0x000000f3      0x11d build/freertos.o
 .debug_loc     0x00000210      0x108 build/i2c.o
 .debug_loc     0x00000318      0x329 build/rtc.o
 .debug_loc     0x00000641       0xd4 build/display.o
 .debug_loc     0x00000715      0x90e build/oled.o
 .debug_loc     0x00001023       0xcd build/stm32f1xx_hal_timebase_tim.o
 .debug_loc     0x000010f0      0x103 build/tim.o
 .debug_loc     0x000011f3      0x108 build/usart.o
 .debug_loc     0x000012fb       0x80 build/stm32f1xx_it.o
 .debug_loc     0x0000137b       0x4d build/stm32f1xx_hal_msp.o
 .debug_loc     0x000013c8      0x1bb build/stm32f1xx_hal.o
 .debug_loc     0x00001583      0x7c0 build/stm32f1xx_hal_rcc.o
 .debug_loc     0x00001d43      0x432 build/stm32f1xx_hal_rcc_ex.o
 .debug_loc     0x00002175      0x501 build/stm32f1xx_hal_gpio.o
 .debug_loc     0x00002676      0x8ea build/stm32f1xx_hal_dma.o
 .debug_loc     0x00002f60      0x7af build/stm32f1xx_hal_cortex.o
 .debug_loc     0x0000370f      0x182 build/stm32f1xx_hal_pwr.o
 .debug_loc     0x00003891     0x492c build/stm32f1xx_hal_i2c.o
 .debug_loc     0x000081bd     0x1b5a build/stm32f1xx_hal_rtc.o
 .debug_loc     0x00009d17      0x6ea build/stm32f1xx_hal_rtc_ex.o
 .debug_loc     0x0000a401     0x455f build/stm32f1xx_hal_tim.o
 .debug_loc     0x0000e960     0x15ad build/stm32f1xx_hal_tim_ex.o
 .debug_loc     0x0000ff0d     0x1d1b build/stm32f1xx_hal_uart.o
 .debug_loc     0x00011c28       0xff build/system_stm32f1xx.o
 .debug_loc     0x00011d27       0xe5 build/list.o
 .debug_loc     0x00011e0c     0x1a9e build/queue.o
 .debug_loc     0x000138aa     0x2315 build/tasks.o
 .debug_loc     0x00015bbf     0x1067 build/timers.o
 .debug_loc     0x00016c26     0x1cb1 build/cmsis_os.o
 .debug_loc     0x000188d7      0x3b5 build/heap_4.o
 .debug_loc     0x00018c8c      0x16c build/port.o

.debug_aranges  0x00000000     0x1828
 .debug_aranges
                0x00000000       0x38 build/main.o
 .debug_aranges
                0x00000038       0x20 build/gpio.o
 .debug_aranges
                0x00000058       0x50 build/freertos.o
 .debug_aranges
                0x000000a8       0x30 build/i2c.o
 .debug_aranges
                0x000000d8       0x48 build/rtc.o
 .debug_aranges
                0x00000120       0x28 build/display.o
 .debug_aranges
                0x00000148       0x90 build/oled.o
 .debug_aranges
                0x000001d8       0x30 build/stm32f1xx_hal_timebase_tim.o
 .debug_aranges
                0x00000208       0x30 build/tim.o
 .debug_aranges
                0x00000238       0x30 build/usart.o
 .debug_aranges
                0x00000268       0x68 build/stm32f1xx_it.o
 .debug_aranges
                0x000002d0       0x20 build/stm32f1xx_hal_msp.o
 .debug_aranges
                0x000002f0       0xe0 build/stm32f1xx_hal.o
 .debug_aranges
                0x000003d0       0x90 build/stm32f1xx_hal_rcc.o
 .debug_aranges
                0x00000460       0x30 build/stm32f1xx_hal_rcc_ex.o
 .debug_aranges
                0x00000490       0x58 build/stm32f1xx_hal_gpio.o
 .debug_aranges
                0x000004e8       0x80 build/stm32f1xx_hal_dma.o
 .debug_aranges
                0x00000568       0x90 build/stm32f1xx_hal_cortex.o
 .debug_aranges
                0x000005f8       0xa8 build/stm32f1xx_hal_pwr.o
 .debug_aranges
                0x000006a0      0x290 build/stm32f1xx_hal_i2c.o
 .debug_aranges
                0x00000930       0xf8 build/stm32f1xx_hal_rtc.o
 .debug_aranges
                0x00000a28       0x88 build/stm32f1xx_hal_rtc_ex.o
 .debug_aranges
                0x00000ab0      0x3a8 build/stm32f1xx_hal_tim.o
 .debug_aranges
                0x00000e58      0x150 build/stm32f1xx_hal_tim_ex.o
 .debug_aranges
                0x00000fa8      0x1d0 build/stm32f1xx_hal_uart.o
 .debug_aranges
                0x00001178       0x28 build/system_stm32f1xx.o
 .debug_aranges
                0x000011a0       0x40 build/list.o
 .debug_aranges
                0x000011e0      0x110 build/queue.o
 .debug_aranges
                0x000012f0      0x1b0 build/tasks.o
 .debug_aranges
                0x000014a0       0xc0 build/timers.o
 .debug_aranges
                0x00001560      0x1d8 build/cmsis_os.o
 .debug_aranges
                0x00001738       0x50 build/heap_4.o
 .debug_aranges
                0x00001788       0x78 build/port.o
 .debug_aranges
                0x00001800       0x28 build/startup_stm32f103xe.o

.debug_ranges   0x00000000     0x1870
 .debug_ranges  0x00000000       0x28 build/main.o
 .debug_ranges  0x00000028       0x10 build/gpio.o
 .debug_ranges  0x00000038       0x40 build/freertos.o
 .debug_ranges  0x00000078       0x20 build/i2c.o
 .debug_ranges  0x00000098       0x38 build/rtc.o
 .debug_ranges  0x000000d0       0x18 build/display.o
 .debug_ranges  0x000000e8       0x80 build/oled.o
 .debug_ranges  0x00000168       0x20 build/stm32f1xx_hal_timebase_tim.o
 .debug_ranges  0x00000188       0x20 build/tim.o
 .debug_ranges  0x000001a8       0x20 build/usart.o
 .debug_ranges  0x000001c8       0x58 build/stm32f1xx_it.o
 .debug_ranges  0x00000220       0x10 build/stm32f1xx_hal_msp.o
 .debug_ranges  0x00000230       0xd0 build/stm32f1xx_hal.o
 .debug_ranges  0x00000300       0xa0 build/stm32f1xx_hal_rcc.o
 .debug_ranges  0x000003a0       0x38 build/stm32f1xx_hal_rcc_ex.o
 .debug_ranges  0x000003d8       0x48 build/stm32f1xx_hal_gpio.o
 .debug_ranges  0x00000420       0x70 build/stm32f1xx_hal_dma.o
 .debug_ranges  0x00000490       0xe0 build/stm32f1xx_hal_cortex.o
 .debug_ranges  0x00000570       0x98 build/stm32f1xx_hal_pwr.o
 .debug_ranges  0x00000608      0x298 build/stm32f1xx_hal_i2c.o
 .debug_ranges  0x000008a0       0xe8 build/stm32f1xx_hal_rtc.o
 .debug_ranges  0x00000988       0x78 build/stm32f1xx_hal_rtc_ex.o
 .debug_ranges  0x00000a00      0x398 build/stm32f1xx_hal_tim.o
 .debug_ranges  0x00000d98      0x140 build/stm32f1xx_hal_tim_ex.o
 .debug_ranges  0x00000ed8      0x1c0 build/stm32f1xx_hal_uart.o
 .debug_ranges  0x00001098       0x18 build/system_stm32f1xx.o
 .debug_ranges  0x000010b0       0x30 build/list.o
 .debug_ranges  0x000010e0      0x1d0 build/queue.o
 .debug_ranges  0x000012b0      0x280 build/tasks.o
 .debug_ranges  0x00001530       0xb0 build/timers.o
 .debug_ranges  0x000015e0      0x1c8 build/cmsis_os.o
 .debug_ranges  0x000017a8       0x40 build/heap_4.o
 .debug_ranges  0x000017e8       0x68 build/port.o
 .debug_ranges  0x00001850       0x20 build/startup_stm32f103xe.o

.debug_line     0x00000000    0x19abf
 .debug_line    0x00000000      0x3e6 build/main.o
 .debug_line    0x000003e6      0x1dd build/gpio.o
 .debug_line    0x000005c3      0x486 build/freertos.o
 .debug_line    0x00000a49      0x2e4 build/i2c.o
 .debug_line    0x00000d2d      0x423 build/rtc.o
 .debug_line    0x00001150      0x2d8 build/display.o
 .debug_line    0x00001428      0x6d7 build/oled.o
 .debug_line    0x00001aff      0x2a9 build/stm32f1xx_hal_timebase_tim.o
 .debug_line    0x00001da8      0x2da build/tim.o
 .debug_line    0x00002082      0x319 build/usart.o
 .debug_line    0x0000239b      0x326 build/stm32f1xx_it.o
 .debug_line    0x000026c1      0x1c4 build/stm32f1xx_hal_msp.o
 .debug_line    0x00002885      0x4e8 build/stm32f1xx_hal.o
 .debug_line    0x00002d6d      0xc09 build/stm32f1xx_hal_rcc.o
 .debug_line    0x00003976      0x4be build/stm32f1xx_hal_rcc_ex.o
 .debug_line    0x00003e34      0x600 build/stm32f1xx_hal_gpio.o
 .debug_line    0x00004434      0xcf9 build/stm32f1xx_hal_dma.o
 .debug_line    0x0000512d      0x642 build/stm32f1xx_hal_cortex.o
 .debug_line    0x0000576f      0x447 build/stm32f1xx_hal_pwr.o
 .debug_line    0x00005bb6     0x4f1c build/stm32f1xx_hal_i2c.o
 .debug_line    0x0000aad2     0x1159 build/stm32f1xx_hal_rtc.o
 .debug_line    0x0000bc2b      0x70b build/stm32f1xx_hal_rtc_ex.o
 .debug_line    0x0000c336     0x3678 build/stm32f1xx_hal_tim.o
 .debug_line    0x0000f9ae     0x119d build/stm32f1xx_hal_tim_ex.o
 .debug_line    0x00010b4b     0x1bab build/stm32f1xx_hal_uart.o
 .debug_line    0x000126f6      0x297 build/system_stm32f1xx.o
 .debug_line    0x0001298d      0x402 build/list.o
 .debug_line    0x00012d8f     0x1c59 build/queue.o
 .debug_line    0x000149e8     0x2456 build/tasks.o
 .debug_line    0x00016e3e      0xc9a build/timers.o
 .debug_line    0x00017ad8     0x1317 build/cmsis_os.o
 .debug_line    0x00018def      0x680 build/heap_4.o
 .debug_line    0x0001946f      0x5de build/port.o
 .debug_line    0x00019a4d       0x72 build/startup_stm32f103xe.o

.debug_str      0x00000000     0x74f5
 .debug_str     0x00000000      0xdbc build/main.o
                                0xebe (size before relaxing)
 .debug_str     0x00000dbc       0xcf build/gpio.o
                                0x343 (size before relaxing)
 .debug_str     0x00000e8b      0x4c0 build/freertos.o
                                0xd9e (size before relaxing)
 .debug_str     0x0000134b       0x58 build/i2c.o
                                0x7fc (size before relaxing)
 .debug_str     0x000013a3      0x520 build/rtc.o
                                0x9b5 (size before relaxing)
 .debug_str     0x000018c3       0x2d build/display.o
                                0x889 (size before relaxing)
 .debug_str     0x000018f0      0x110 build/oled.o
                                0x83a (size before relaxing)
 .debug_str     0x00001a00       0xfb build/stm32f1xx_hal_timebase_tim.o
                                0xb98 (size before relaxing)
 .debug_str     0x00001afb       0xba build/tim.o
                                0xb48 (size before relaxing)
 .debug_str     0x00001bb5       0x4e build/usart.o
                                0xb1c (size before relaxing)
 .debug_str     0x00001c03      0x100 build/stm32f1xx_it.o
                                0x9f3 (size before relaxing)
 .debug_str     0x00001d03       0x57 build/stm32f1xx_hal_msp.o
                                0x6b3 (size before relaxing)
 .debug_str     0x00001d5a      0x239 build/stm32f1xx_hal.o
                                0x937 (size before relaxing)
 .debug_str     0x00001f93      0x1ac build/stm32f1xx_hal_rcc.o
                                0x6a8 (size before relaxing)
 .debug_str     0x0000213f       0x9c build/stm32f1xx_hal_rcc_ex.o
                                0x4c5 (size before relaxing)
 .debug_str     0x000021db      0x117 build/stm32f1xx_hal_gpio.o
                                0x4c6 (size before relaxing)
 .debug_str     0x000022f2      0x237 build/stm32f1xx_hal_dma.o
                                0x6c3 (size before relaxing)
 .debug_str     0x00002529      0x388 build/stm32f1xx_hal_cortex.o
                                0xa59 (size before relaxing)
 .debug_str     0x000028b1      0x201 build/stm32f1xx_hal_pwr.o
                                0x54f (size before relaxing)
 .debug_str     0x00002ab2      0x84e build/stm32f1xx_hal_i2c.o
                               0x1029 (size before relaxing)
 .debug_str     0x00003300      0x33e build/stm32f1xx_hal_rtc.o
                                0x86e (size before relaxing)
 .debug_str     0x0000363e      0x1df build/stm32f1xx_hal_rtc_ex.o
                                0x700 (size before relaxing)
 .debug_str     0x0000381d      0xd9f build/stm32f1xx_hal_tim.o
                               0x14f7 (size before relaxing)
 .debug_str     0x000045bc      0x4d5 build/stm32f1xx_hal_tim_ex.o
                                0xd0f (size before relaxing)
 .debug_str     0x00004a91      0x4e8 build/stm32f1xx_hal_uart.o
                                0xc3f (size before relaxing)
 .debug_str     0x00004f79       0x4f build/system_stm32f1xx.o
                                0x33a (size before relaxing)
 .debug_str     0x00004fc8      0x4fd build/list.o
                                0x6da (size before relaxing)
 .debug_str     0x000054c5      0x843 build/queue.o
                                0xefd (size before relaxing)
 .debug_str     0x00005d08      0x982 build/tasks.o
                               0x13f6 (size before relaxing)
 .debug_str     0x0000668a      0x45b build/timers.o
                                0xeb3 (size before relaxing)
 .debug_str     0x00006ae5      0x6aa build/cmsis_os.o
                               0x1406 (size before relaxing)
 .debug_str     0x0000718f      0x1d5 build/heap_4.o
                                0x7c3 (size before relaxing)
 .debug_str     0x00007364      0x16d build/port.o
                                0x450 (size before relaxing)
 .debug_str     0x000074d1       0x24 build/startup_stm32f103xe.o
                                 0x40 (size before relaxing)

.comment        0x00000000       0x79
 .comment       0x00000000       0x79 build/main.o
                                 0x7a (size before relaxing)
 .comment       0x00000079       0x7a build/gpio.o
 .comment       0x00000079       0x7a build/freertos.o
 .comment       0x00000079       0x7a build/i2c.o
 .comment       0x00000079       0x7a build/rtc.o
 .comment       0x00000079       0x7a build/display.o
 .comment       0x00000079       0x7a build/oled.o
 .comment       0x00000079       0x7a build/stm32f1xx_hal_timebase_tim.o
 .comment       0x00000079       0x7a build/tim.o
 .comment       0x00000079       0x7a build/usart.o
 .comment       0x00000079       0x7a build/stm32f1xx_it.o
 .comment       0x00000079       0x7a build/stm32f1xx_hal_msp.o
 .comment       0x00000079       0x7a build/stm32f1xx_hal.o
 .comment       0x00000079       0x7a build/stm32f1xx_hal_rcc.o
 .comment       0x00000079       0x7a build/stm32f1xx_hal_rcc_ex.o
 .comment       0x00000079       0x7a build/stm32f1xx_hal_gpio.o
 .comment       0x00000079       0x7a build/stm32f1xx_hal_dma.o
 .comment       0x00000079       0x7a build/stm32f1xx_hal_cortex.o
 .comment       0x00000079       0x7a build/stm32f1xx_hal_pwr.o
 .comment       0x00000079       0x7a build/stm32f1xx_hal_i2c.o
 .comment       0x00000079       0x7a build/stm32f1xx_hal_rtc.o
 .comment       0x00000079       0x7a build/stm32f1xx_hal_rtc_ex.o
 .comment       0x00000079       0x7a build/stm32f1xx_hal_tim.o
 .comment       0x00000079       0x7a build/stm32f1xx_hal_tim_ex.o
 .comment       0x00000079       0x7a build/stm32f1xx_hal_uart.o
 .comment       0x00000079       0x7a build/system_stm32f1xx.o
 .comment       0x00000079       0x7a build/list.o
 .comment       0x00000079       0x7a build/queue.o
 .comment       0x00000079       0x7a build/tasks.o
 .comment       0x00000079       0x7a build/timers.o
 .comment       0x00000079       0x7a build/cmsis_os.o
 .comment       0x00000079       0x7a build/heap_4.o
 .comment       0x00000079       0x7a build/port.o

.debug_frame    0x00000000     0x4b6c
 .debug_frame   0x00000000       0x80 build/main.o
 .debug_frame   0x00000080       0x34 build/gpio.o
 .debug_frame   0x000000b4       0xbc build/freertos.o
 .debug_frame   0x00000170       0x6c build/i2c.o
 .debug_frame   0x000001dc       0xd0 build/rtc.o
 .debug_frame   0x000002ac       0x68 build/display.o
 .debug_frame   0x00000314      0x1fc build/oled.o
 .debug_frame   0x00000510       0x50 build/stm32f1xx_hal_timebase_tim.o
 .debug_frame   0x00000560       0x68 build/tim.o
 .debug_frame   0x000005c8       0x70 build/usart.o
 .debug_frame   0x00000638       0xe0 build/stm32f1xx_it.o
 .debug_frame   0x00000718       0x2c build/stm32f1xx_hal_msp.o
 .debug_frame   0x00000744      0x1e0 build/stm32f1xx_hal.o
 .debug_frame   0x00000924      0x1c0 build/stm32f1xx_hal_rcc.o
 .debug_frame   0x00000ae4       0x6c build/stm32f1xx_hal_rcc_ex.o
 .debug_frame   0x00000b50      0x104 build/stm32f1xx_hal_gpio.o
 .debug_frame   0x00000c54      0x168 build/stm32f1xx_hal_dma.o
 .debug_frame   0x00000dbc      0x13c build/stm32f1xx_hal_cortex.o
 .debug_frame   0x00000ef8      0x148 build/stm32f1xx_hal_pwr.o
 .debug_frame   0x00001040      0xa60 build/stm32f1xx_hal_i2c.o
 .debug_frame   0x00001aa0      0x3ec build/stm32f1xx_hal_rtc.o
 .debug_frame   0x00001e8c      0x140 build/stm32f1xx_hal_rtc_ex.o
 .debug_frame   0x00001fcc      0xbd0 build/stm32f1xx_hal_tim.o
 .debug_frame   0x00002b9c      0x430 build/stm32f1xx_hal_tim_ex.o
 .debug_frame   0x00002fcc      0x574 build/stm32f1xx_hal_uart.o
 .debug_frame   0x00003540       0x30 build/system_stm32f1xx.o
 .debug_frame   0x00003570       0x74 build/list.o
 .debug_frame   0x000035e4      0x3fc build/queue.o
 .debug_frame   0x000039e0      0x640 build/tasks.o
 .debug_frame   0x00004020      0x2b0 build/timers.o
 .debug_frame   0x000042d0      0x698 build/cmsis_os.o
 .debug_frame   0x00004968       0xbc build/heap_4.o
 .debug_frame   0x00004a24       0xf4 build/port.o
 .debug_frame   0x00004b18       0x2c f:/work_project/9 2019-q4-major/bin/../lib/gcc/arm-none-eabi/9.2.1/../../../../arm-none-eabi/lib/thumb/v7-m/nofp\libc_nano.a(lib_a-init.o)
 .debug_frame   0x00004b44       0x28 f:/work_project/9 2019-q4-major/bin/../lib/gcc/arm-none-eabi/9.2.1/../../../../arm-none-eabi/lib/thumb/v7-m/nofp\libc_nano.a(lib_a-memcpy-stub.o)

Cross Reference Table

Symbol                                            File
ADC1_2_IRQHandler                                 build/startup_stm32f103xe.o
ADC3_IRQHandler                                   build/startup_stm32f103xe.o
AHBPrescTable                                     build/system_stm32f1xx.o
                                                  build/stm32f1xx_hal_rcc.o
APBPrescTable                                     build/system_stm32f1xx.o
                                                  build/stm32f1xx_hal_rcc.o
ASC_16                                            build/oled.o
BusFault_Handler                                  build/stm32f1xx_it.o
CAN1_RX1_IRQHandler                               build/startup_stm32f103xe.o
CAN1_SCE_IRQHandler                               build/startup_stm32f103xe.o
Callback01                                        build/freertos.o
DMA1_Channel1_IRQHandler                          build/startup_stm32f103xe.o
DMA1_Channel2_IRQHandler                          build/startup_stm32f103xe.o
DMA1_Channel3_IRQHandler                          build/startup_stm32f103xe.o
DMA1_Channel4_IRQHandler                          build/startup_stm32f103xe.o
DMA1_Channel5_IRQHandler                          build/startup_stm32f103xe.o
DMA1_Channel6_IRQHandler                          build/startup_stm32f103xe.o
DMA1_Channel7_IRQHandler                          build/startup_stm32f103xe.o
DMA2_Channel1_IRQHandler                          build/startup_stm32f103xe.o
DMA2_Channel2_IRQHandler                          build/startup_stm32f103xe.o
DMA2_Channel3_IRQHandler                          build/startup_stm32f103xe.o
DMA2_Channel4_5_IRQHandler                        build/startup_stm32f103xe.o
DebugMon_Handler                                  build/stm32f1xx_it.o
Default_Handler                                   build/startup_stm32f103xe.o
EXTI0_IRQHandler                                  build/startup_stm32f103xe.o
EXTI15_10_IRQHandler                              build/startup_stm32f103xe.o
EXTI1_IRQHandler                                  build/startup_stm32f103xe.o
EXTI2_IRQHandler                                  build/startup_stm32f103xe.o
EXTI3_IRQHandler                                  build/startup_stm32f103xe.o
EXTI4_IRQHandler                                  build/startup_stm32f103xe.o
EXTI9_5_IRQHandler                                build/startup_stm32f103xe.o
Error_Handler                                     build/main.o
                                                  build/usart.o
                                                  build/tim.o
                                                  build/rtc.o
                                                  build/i2c.o
FLASH_IRQHandler                                  build/startup_stm32f103xe.o
FLASH_PageErase                                   build/stm32f1xx_hal_flash_ex.o
                                                  build/stm32f1xx_hal_flash.o
FLASH_WaitForLastOperation                        build/stm32f1xx_hal_flash.o
                                                  build/stm32f1xx_hal_flash_ex.o
FSMC_IRQHandler                                   build/startup_stm32f103xe.o
GB_16                                             build/oled.o
HAL_DBGMCU_DisableDBGSleepMode                    build/stm32f1xx_hal.o
HAL_DBGMCU_DisableDBGStandbyMode                  build/stm32f1xx_hal.o
HAL_DBGMCU_DisableDBGStopMode                     build/stm32f1xx_hal.o
HAL_DBGMCU_EnableDBGSleepMode                     build/stm32f1xx_hal.o
HAL_DBGMCU_EnableDBGStandbyMode                   build/stm32f1xx_hal.o
HAL_DBGMCU_EnableDBGStopMode                      build/stm32f1xx_hal.o
HAL_DMA_Abort                                     build/stm32f1xx_hal_dma.o
                                                  build/stm32f1xx_hal_uart.o
HAL_DMA_Abort_IT                                  build/stm32f1xx_hal_dma.o
                                                  build/stm32f1xx_hal_uart.o
                                                  build/stm32f1xx_hal_tim_ex.o
                                                  build/stm32f1xx_hal_tim.o
                                                  build/stm32f1xx_hal_i2c.o
HAL_DMA_DeInit                                    build/stm32f1xx_hal_dma.o
HAL_DMA_GetError                                  build/stm32f1xx_hal_dma.o
                                                  build/stm32f1xx_hal_uart.o
HAL_DMA_GetState                                  build/stm32f1xx_hal_dma.o
                                                  build/stm32f1xx_hal_i2c.o
HAL_DMA_IRQHandler                                build/stm32f1xx_hal_dma.o
HAL_DMA_Init                                      build/stm32f1xx_hal_dma.o
HAL_DMA_PollForTransfer                           build/stm32f1xx_hal_dma.o
HAL_DMA_RegisterCallback                          build/stm32f1xx_hal_dma.o
HAL_DMA_Start                                     build/stm32f1xx_hal_dma.o
HAL_DMA_Start_IT                                  build/stm32f1xx_hal_dma.o
                                                  build/stm32f1xx_hal_uart.o
                                                  build/stm32f1xx_hal_tim_ex.o
                                                  build/stm32f1xx_hal_tim.o
                                                  build/stm32f1xx_hal_i2c.o
HAL_DMA_UnRegisterCallback                        build/stm32f1xx_hal_dma.o
HAL_DeInit                                        build/stm32f1xx_hal.o
HAL_Delay                                         build/stm32f1xx_hal.o
HAL_EXTI_ClearConfigLine                          build/stm32f1xx_hal_exti.o
HAL_EXTI_ClearPending                             build/stm32f1xx_hal_exti.o
HAL_EXTI_GenerateSWI                              build/stm32f1xx_hal_exti.o
HAL_EXTI_GetConfigLine                            build/stm32f1xx_hal_exti.o
HAL_EXTI_GetHandle                                build/stm32f1xx_hal_exti.o
HAL_EXTI_GetPending                               build/stm32f1xx_hal_exti.o
HAL_EXTI_IRQHandler                               build/stm32f1xx_hal_exti.o
HAL_EXTI_RegisterCallback                         build/stm32f1xx_hal_exti.o
HAL_EXTI_SetConfigLine                            build/stm32f1xx_hal_exti.o
HAL_FLASHEx_Erase                                 build/stm32f1xx_hal_flash_ex.o
HAL_FLASHEx_Erase_IT                              build/stm32f1xx_hal_flash_ex.o
HAL_FLASHEx_OBErase                               build/stm32f1xx_hal_flash_ex.o
HAL_FLASHEx_OBGetConfig                           build/stm32f1xx_hal_flash_ex.o
HAL_FLASHEx_OBGetUserData                         build/stm32f1xx_hal_flash_ex.o
HAL_FLASHEx_OBProgram                             build/stm32f1xx_hal_flash_ex.o
HAL_FLASH_EndOfOperationCallback                  build/stm32f1xx_hal_flash.o
HAL_FLASH_GetError                                build/stm32f1xx_hal_flash.o
HAL_FLASH_IRQHandler                              build/stm32f1xx_hal_flash.o
HAL_FLASH_Lock                                    build/stm32f1xx_hal_flash.o
HAL_FLASH_OB_Launch                               build/stm32f1xx_hal_flash.o
HAL_FLASH_OB_Lock                                 build/stm32f1xx_hal_flash.o
HAL_FLASH_OB_Unlock                               build/stm32f1xx_hal_flash.o
HAL_FLASH_OperationErrorCallback                  build/stm32f1xx_hal_flash.o
HAL_FLASH_Program                                 build/stm32f1xx_hal_flash.o
HAL_FLASH_Program_IT                              build/stm32f1xx_hal_flash.o
HAL_FLASH_Unlock                                  build/stm32f1xx_hal_flash.o
HAL_GPIOEx_ConfigEventout                         build/stm32f1xx_hal_gpio_ex.o
HAL_GPIOEx_DisableEventout                        build/stm32f1xx_hal_gpio_ex.o
HAL_GPIOEx_EnableEventout                         build/stm32f1xx_hal_gpio_ex.o
HAL_GPIO_DeInit                                   build/stm32f1xx_hal_gpio.o
                                                  build/usart.o
                                                  build/i2c.o
HAL_GPIO_EXTI_Callback                            build/stm32f1xx_hal_gpio.o
HAL_GPIO_EXTI_IRQHandler                          build/stm32f1xx_hal_gpio.o
HAL_GPIO_Init                                     build/stm32f1xx_hal_gpio.o
                                                  build/stm32f1xx_hal_rcc.o
                                                  build/usart.o
                                                  build/i2c.o
                                                  build/gpio.o
HAL_GPIO_LockPin                                  build/stm32f1xx_hal_gpio.o
HAL_GPIO_ReadPin                                  build/stm32f1xx_hal_gpio.o
HAL_GPIO_TogglePin                                build/stm32f1xx_hal_gpio.o
HAL_GPIO_WritePin                                 build/stm32f1xx_hal_gpio.o
                                                  build/freertos.o
                                                  build/gpio.o
HAL_GetDEVID                                      build/stm32f1xx_hal.o
HAL_GetHalVersion                                 build/stm32f1xx_hal.o
HAL_GetREVID                                      build/stm32f1xx_hal.o
HAL_GetTick                                       build/stm32f1xx_hal.o
                                                  build/stm32f1xx_hal_uart.o
                                                  build/stm32f1xx_hal_rtc_ex.o
                                                  build/stm32f1xx_hal_rtc.o
                                                  build/stm32f1xx_hal_i2c.o
                                                  build/stm32f1xx_hal_flash.o
                                                  build/stm32f1xx_hal_dma.o
                                                  build/stm32f1xx_hal_rcc_ex.o
                                                  build/stm32f1xx_hal_rcc.o
HAL_GetTickFreq                                   build/stm32f1xx_hal.o
HAL_GetTickPrio                                   build/stm32f1xx_hal.o
HAL_GetUIDw0                                      build/stm32f1xx_hal.o
HAL_GetUIDw1                                      build/stm32f1xx_hal.o
HAL_GetUIDw2                                      build/stm32f1xx_hal.o
HAL_HalfDuplex_EnableReceiver                     build/stm32f1xx_hal_uart.o
HAL_HalfDuplex_EnableTransmitter                  build/stm32f1xx_hal_uart.o
HAL_HalfDuplex_Init                               build/stm32f1xx_hal_uart.o
HAL_I2C_AbortCpltCallback                         build/stm32f1xx_hal_i2c.o
HAL_I2C_AddrCallback                              build/stm32f1xx_hal_i2c.o
HAL_I2C_DeInit                                    build/stm32f1xx_hal_i2c.o
HAL_I2C_DisableListen_IT                          build/stm32f1xx_hal_i2c.o
HAL_I2C_ER_IRQHandler                             build/stm32f1xx_hal_i2c.o
HAL_I2C_EV_IRQHandler                             build/stm32f1xx_hal_i2c.o
HAL_I2C_EnableListen_IT                           build/stm32f1xx_hal_i2c.o
HAL_I2C_ErrorCallback                             build/stm32f1xx_hal_i2c.o
HAL_I2C_GetError                                  build/stm32f1xx_hal_i2c.o
HAL_I2C_GetMode                                   build/stm32f1xx_hal_i2c.o
HAL_I2C_GetState                                  build/stm32f1xx_hal_i2c.o
HAL_I2C_Init                                      build/stm32f1xx_hal_i2c.o
                                                  build/i2c.o
HAL_I2C_IsDeviceReady                             build/stm32f1xx_hal_i2c.o
HAL_I2C_ListenCpltCallback                        build/stm32f1xx_hal_i2c.o
HAL_I2C_MasterRxCpltCallback                      build/stm32f1xx_hal_i2c.o
HAL_I2C_MasterTxCpltCallback                      build/stm32f1xx_hal_i2c.o
HAL_I2C_Master_Abort_IT                           build/stm32f1xx_hal_i2c.o
HAL_I2C_Master_Receive                            build/stm32f1xx_hal_i2c.o
HAL_I2C_Master_Receive_DMA                        build/stm32f1xx_hal_i2c.o
HAL_I2C_Master_Receive_IT                         build/stm32f1xx_hal_i2c.o
HAL_I2C_Master_Seq_Receive_DMA                    build/stm32f1xx_hal_i2c.o
HAL_I2C_Master_Seq_Receive_IT                     build/stm32f1xx_hal_i2c.o
HAL_I2C_Master_Seq_Transmit_DMA                   build/stm32f1xx_hal_i2c.o
HAL_I2C_Master_Seq_Transmit_IT                    build/stm32f1xx_hal_i2c.o
HAL_I2C_Master_Transmit                           build/stm32f1xx_hal_i2c.o
HAL_I2C_Master_Transmit_DMA                       build/stm32f1xx_hal_i2c.o
HAL_I2C_Master_Transmit_IT                        build/stm32f1xx_hal_i2c.o
HAL_I2C_MemRxCpltCallback                         build/stm32f1xx_hal_i2c.o
HAL_I2C_MemTxCpltCallback                         build/stm32f1xx_hal_i2c.o
HAL_I2C_Mem_Read                                  build/stm32f1xx_hal_i2c.o
HAL_I2C_Mem_Read_DMA                              build/stm32f1xx_hal_i2c.o
HAL_I2C_Mem_Read_IT                               build/stm32f1xx_hal_i2c.o
HAL_I2C_Mem_Write                                 build/stm32f1xx_hal_i2c.o
                                                  build/oled.o
HAL_I2C_Mem_Write_DMA                             build/stm32f1xx_hal_i2c.o
HAL_I2C_Mem_Write_IT                              build/stm32f1xx_hal_i2c.o
HAL_I2C_MspDeInit                                 build/i2c.o
HAL_I2C_MspInit                                   build/i2c.o
HAL_I2C_SlaveRxCpltCallback                       build/stm32f1xx_hal_i2c.o
HAL_I2C_SlaveTxCpltCallback                       build/stm32f1xx_hal_i2c.o
HAL_I2C_Slave_Receive                             build/stm32f1xx_hal_i2c.o
HAL_I2C_Slave_Receive_DMA                         build/stm32f1xx_hal_i2c.o
HAL_I2C_Slave_Receive_IT                          build/stm32f1xx_hal_i2c.o
HAL_I2C_Slave_Seq_Receive_DMA                     build/stm32f1xx_hal_i2c.o
HAL_I2C_Slave_Seq_Receive_IT                      build/stm32f1xx_hal_i2c.o
HAL_I2C_Slave_Seq_Transmit_DMA                    build/stm32f1xx_hal_i2c.o
HAL_I2C_Slave_Seq_Transmit_IT                     build/stm32f1xx_hal_i2c.o
HAL_I2C_Slave_Transmit                            build/stm32f1xx_hal_i2c.o
HAL_I2C_Slave_Transmit_DMA                        build/stm32f1xx_hal_i2c.o
HAL_I2C_Slave_Transmit_IT                         build/stm32f1xx_hal_i2c.o
HAL_IncTick                                       build/stm32f1xx_hal.o
                                                  build/main.o
HAL_Init                                          build/stm32f1xx_hal.o
                                                  build/main.o
HAL_InitTick                                      build/stm32f1xx_hal_timebase_tim.o
                                                  build/stm32f1xx_hal_rcc.o
HAL_LIN_Init                                      build/stm32f1xx_hal_uart.o
HAL_LIN_SendBreak                                 build/stm32f1xx_hal_uart.o
HAL_MspDeInit                                     build/stm32f1xx_hal.o
HAL_MspInit                                       build/stm32f1xx_hal_msp.o
HAL_MultiProcessor_EnterMuteMode                  build/stm32f1xx_hal_uart.o
HAL_MultiProcessor_ExitMuteMode                   build/stm32f1xx_hal_uart.o
HAL_MultiProcessor_Init                           build/stm32f1xx_hal_uart.o
HAL_NVIC_ClearPendingIRQ                          build/stm32f1xx_hal_cortex.o
HAL_NVIC_DisableIRQ                               build/stm32f1xx_hal_cortex.o
                                                  build/usart.o
                                                  build/tim.o
                                                  build/rtc.o
HAL_NVIC_EnableIRQ                                build/stm32f1xx_hal_cortex.o
                                                  build/usart.o
                                                  build/tim.o
                                                  build/stm32f1xx_hal_timebase_tim.o
                                                  build/rtc.o
HAL_NVIC_GetActive                                build/stm32f1xx_hal_cortex.o
HAL_NVIC_GetPendingIRQ                            build/stm32f1xx_hal_cortex.o
HAL_NVIC_GetPriority                              build/stm32f1xx_hal_cortex.o
HAL_NVIC_GetPriorityGrouping                      build/stm32f1xx_hal_cortex.o
HAL_NVIC_SetPendingIRQ                            build/stm32f1xx_hal_cortex.o
HAL_NVIC_SetPriority                              build/stm32f1xx_hal_cortex.o
                                                  build/stm32f1xx_hal.o
                                                  build/stm32f1xx_hal_msp.o
                                                  build/usart.o
                                                  build/tim.o
                                                  build/stm32f1xx_hal_timebase_tim.o
                                                  build/rtc.o
HAL_NVIC_SetPriorityGrouping                      build/stm32f1xx_hal_cortex.o
                                                  build/stm32f1xx_hal.o
HAL_NVIC_SystemReset                              build/stm32f1xx_hal_cortex.o
                                                  build/stm32f1xx_hal_flash.o
HAL_PWR_ConfigPVD                                 build/stm32f1xx_hal_pwr.o
HAL_PWR_DeInit                                    build/stm32f1xx_hal_pwr.o
HAL_PWR_DisableBkUpAccess                         build/stm32f1xx_hal_pwr.o
HAL_PWR_DisablePVD                                build/stm32f1xx_hal_pwr.o
HAL_PWR_DisableSEVOnPend                          build/stm32f1xx_hal_pwr.o
HAL_PWR_DisableSleepOnExit                        build/stm32f1xx_hal_pwr.o
HAL_PWR_DisableWakeUpPin                          build/stm32f1xx_hal_pwr.o
HAL_PWR_EnableBkUpAccess                          build/stm32f1xx_hal_pwr.o
                                                  build/rtc.o
HAL_PWR_EnablePVD                                 build/stm32f1xx_hal_pwr.o
HAL_PWR_EnableSEVOnPend                           build/stm32f1xx_hal_pwr.o
HAL_PWR_EnableSleepOnExit                         build/stm32f1xx_hal_pwr.o
HAL_PWR_EnableWakeUpPin                           build/stm32f1xx_hal_pwr.o
HAL_PWR_EnterSLEEPMode                            build/stm32f1xx_hal_pwr.o
HAL_PWR_EnterSTANDBYMode                          build/stm32f1xx_hal_pwr.o
HAL_PWR_EnterSTOPMode                             build/stm32f1xx_hal_pwr.o
HAL_PWR_PVDCallback                               build/stm32f1xx_hal_pwr.o
HAL_PWR_PVD_IRQHandler                            build/stm32f1xx_hal_pwr.o
HAL_RCCEx_GetPeriphCLKConfig                      build/stm32f1xx_hal_rcc_ex.o
HAL_RCCEx_GetPeriphCLKFreq                        build/stm32f1xx_hal_rcc_ex.o
                                                  build/stm32f1xx_hal_rtc.o
HAL_RCCEx_PeriphCLKConfig                         build/stm32f1xx_hal_rcc_ex.o
                                                  build/main.o
HAL_RCC_CSSCallback                               build/stm32f1xx_hal_rcc.o
HAL_RCC_ClockConfig                               build/stm32f1xx_hal_rcc.o
                                                  build/main.o
HAL_RCC_DeInit                                    build/stm32f1xx_hal_rcc.o
HAL_RCC_DisableCSS                                build/stm32f1xx_hal_rcc.o
HAL_RCC_EnableCSS                                 build/stm32f1xx_hal_rcc.o
HAL_RCC_GetClockConfig                            build/stm32f1xx_hal_rcc.o
                                                  build/stm32f1xx_hal_timebase_tim.o
HAL_RCC_GetHCLKFreq                               build/stm32f1xx_hal_rcc.o
HAL_RCC_GetOscConfig                              build/stm32f1xx_hal_rcc.o
HAL_RCC_GetPCLK1Freq                              build/stm32f1xx_hal_rcc.o
                                                  build/stm32f1xx_hal_uart.o
                                                  build/stm32f1xx_hal_i2c.o
HAL_RCC_GetPCLK2Freq                              build/stm32f1xx_hal_rcc.o
                                                  build/stm32f1xx_hal_uart.o
                                                  build/stm32f1xx_hal_rcc_ex.o
                                                  build/stm32f1xx_hal_timebase_tim.o
HAL_RCC_GetSysClockFreq                           build/stm32f1xx_hal_rcc.o
                                                  build/stm32f1xx_hal_rcc_ex.o
HAL_RCC_MCOConfig                                 build/stm32f1xx_hal_rcc.o
HAL_RCC_NMI_IRQHandler                            build/stm32f1xx_hal_rcc.o
HAL_RCC_OscConfig                                 build/stm32f1xx_hal_rcc.o
                                                  build/main.o
HAL_RTCEx_BKUPRead                                build/stm32f1xx_hal_rtc_ex.o
                                                  build/rtc.o
HAL_RTCEx_BKUPWrite                               build/stm32f1xx_hal_rtc_ex.o
                                                  build/rtc.o
HAL_RTCEx_DeactivateSecond                        build/stm32f1xx_hal_rtc_ex.o
HAL_RTCEx_DeactivateTamper                        build/stm32f1xx_hal_rtc_ex.o
HAL_RTCEx_PollForTamper1Event                     build/stm32f1xx_hal_rtc_ex.o
HAL_RTCEx_RTCEventCallback                        build/stm32f1xx_hal_rtc_ex.o
HAL_RTCEx_RTCEventErrorCallback                   build/stm32f1xx_hal_rtc_ex.o
HAL_RTCEx_RTCIRQHandler                           build/stm32f1xx_hal_rtc_ex.o
                                                  build/stm32f1xx_it.o
HAL_RTCEx_SetSecond_IT                            build/stm32f1xx_hal_rtc_ex.o
HAL_RTCEx_SetSmoothCalib                          build/stm32f1xx_hal_rtc_ex.o
HAL_RTCEx_SetTamper                               build/stm32f1xx_hal_rtc_ex.o
HAL_RTCEx_SetTamper_IT                            build/stm32f1xx_hal_rtc_ex.o
HAL_RTCEx_Tamper1EventCallback                    build/stm32f1xx_hal_rtc_ex.o
HAL_RTCEx_TamperIRQHandler                        build/stm32f1xx_hal_rtc_ex.o
HAL_RTC_AlarmAEventCallback                       build/stm32f1xx_hal_rtc.o
HAL_RTC_AlarmIRQHandler                           build/stm32f1xx_hal_rtc.o
HAL_RTC_DeInit                                    build/stm32f1xx_hal_rtc.o
HAL_RTC_DeactivateAlarm                           build/stm32f1xx_hal_rtc.o
HAL_RTC_GetAlarm                                  build/stm32f1xx_hal_rtc.o
HAL_RTC_GetDate                                   build/stm32f1xx_hal_rtc.o
                                                  build/rtc.o
HAL_RTC_GetState                                  build/stm32f1xx_hal_rtc.o
HAL_RTC_GetTime                                   build/stm32f1xx_hal_rtc.o
                                                  build/rtc.o
HAL_RTC_Init                                      build/stm32f1xx_hal_rtc.o
                                                  build/rtc.o
HAL_RTC_MspDeInit                                 build/rtc.o
HAL_RTC_MspInit                                   build/rtc.o
HAL_RTC_PollForAlarmAEvent                        build/stm32f1xx_hal_rtc.o
HAL_RTC_SetAlarm                                  build/stm32f1xx_hal_rtc.o
HAL_RTC_SetAlarm_IT                               build/stm32f1xx_hal_rtc.o
HAL_RTC_SetDate                                   build/stm32f1xx_hal_rtc.o
                                                  build/rtc.o
HAL_RTC_SetTime                                   build/stm32f1xx_hal_rtc.o
                                                  build/rtc.o
HAL_RTC_WaitForSynchro                            build/stm32f1xx_hal_rtc.o
HAL_ResumeTick                                    build/stm32f1xx_hal_timebase_tim.o
HAL_SYSTICK_CLKSourceConfig                       build/stm32f1xx_hal_cortex.o
HAL_SYSTICK_Callback                              build/stm32f1xx_hal_cortex.o
HAL_SYSTICK_Config                                build/stm32f1xx_hal_cortex.o
                                                  build/stm32f1xx_hal.o
HAL_SYSTICK_IRQHandler                            build/stm32f1xx_hal_cortex.o
HAL_SetTickFreq                                   build/stm32f1xx_hal.o
HAL_SuspendTick                                   build/stm32f1xx_hal_timebase_tim.o
HAL_TIMEx_BreakCallback                           build/stm32f1xx_hal_tim_ex.o
                                                  build/stm32f1xx_hal_tim.o
HAL_TIMEx_CommutCallback                          build/stm32f1xx_hal_tim_ex.o
                                                  build/stm32f1xx_hal_tim.o
HAL_TIMEx_CommutHalfCpltCallback                  build/stm32f1xx_hal_tim_ex.o
HAL_TIMEx_ConfigBreakDeadTime                     build/stm32f1xx_hal_tim_ex.o
HAL_TIMEx_ConfigCommutEvent                       build/stm32f1xx_hal_tim_ex.o
HAL_TIMEx_ConfigCommutEvent_DMA                   build/stm32f1xx_hal_tim_ex.o
HAL_TIMEx_ConfigCommutEvent_IT                    build/stm32f1xx_hal_tim_ex.o
HAL_TIMEx_HallSensor_DeInit                       build/stm32f1xx_hal_tim_ex.o
HAL_TIMEx_HallSensor_GetState                     build/stm32f1xx_hal_tim_ex.o
HAL_TIMEx_HallSensor_Init                         build/stm32f1xx_hal_tim_ex.o
HAL_TIMEx_HallSensor_MspDeInit                    build/stm32f1xx_hal_tim_ex.o
HAL_TIMEx_HallSensor_MspInit                      build/stm32f1xx_hal_tim_ex.o