Archive member included to satisfy reference by file (symbol)

f:/work_project/9 2019-q4-major/bin/../lib/gcc/arm-none-eabi/9.2.1/../../../../arm-none-eabi/lib/thumb/v7-m/nofp\libc_nano.a(lib_a-exit.o)
                              f:/work_project/9 2019-q4-major/bin/../lib/gcc/arm-none-eabi/9.2.1/../../../../arm-none-eabi/lib/thumb/v7-m/nofp/crt0.o (exit)
f:/work_project/9 2019-q4-major/bin/../lib/gcc/arm-none-eabi/9.2.1/../../../../arm-none-eabi/lib/thumb/v7-m/nofp\libc_nano.a(lib_a-impure.o)
                              f:/work_project/9 2019-q4-major/bin/../lib/gcc/arm-none-eabi/9.2.1/../../../../arm-none-eabi/lib/thumb/v7-m/nofp\libc_nano.a(lib_a-exit.o) (_global_impure_ptr)
f:/work_project/9 2019-q4-major/bin/../lib/gcc/arm-none-eabi/9.2.1/../../../../arm-none-eabi/lib/thumb/v7-m/nofp\libc_nano.a(lib_a-init.o)
                              f:/work_project/9 2019-q4-major/bin/../lib/gcc/arm-none-eabi/9.2.1/../../../../arm-none-eabi/lib/thumb/v7-m/nofp/crt0.o (__libc_init_array)
f:/work_project/9 2019-q4-major/bin/../lib/gcc/arm-none-eabi/9.2.1/../../../../arm-none-eabi/lib/thumb/v7-m/nofp\libc_nano.a(lib_a-memcpy-stub.o)
                              build/main.o (memcpy)
f:/work_project/9 2019-q4-major/bin/../lib/gcc/arm-none-eabi/9.2.1/../../../../arm-none-eabi/lib/thumb/v7-m/nofp\libc_nano.a(lib_a-memset.o)
                              f:/work_project/9 2019-q4-major/bin/../lib/gcc/arm-none-eabi/9.2.1/../../../../arm-none-eabi/lib/thumb/v7-m/nofp/crt0.o (memset)
f:/work_project/9 2019-q4-major/bin/../lib/gcc/arm-none-eabi/9.2.1/../../../../arm-none-eabi/lib/thumb/v7-m/nofp\libnosys.a(_exit.o)
                              f:/work_project/9 2019-q4-major/bin/../lib/gcc/arm-none-eabi/9.2.1/../../../../arm-none-eabi/lib/thumb/v7-m/nofp\libc_nano.a(lib_a-exit.o) (_exit)

Allocating common symbols
Common symbol       size              file

hi2c1               0x54              build/i2c.o
uwTick              0x4               build/stm32f1xx_hal.o
pFlash              0x20              build/stm32f1xx_hal_flash.o
huart1              0x40              build/usart.o
hrtc                0x14              build/rtc.o
getdate             0x4               build/main.o
htim6               0x40              build/tim.o
gettime             0x3               build/main.o

Discarded input sections

 .text          0x00000000        0x0 f:/work_project/9 2019-q4-major/bin/../lib/gcc/arm-none-eabi/9.2.1/thumb/v7-m/nofp/crti.o
 .data          0x00000000        0x0 f:/work_project/9 2019-q4-major/bin/../lib/gcc/arm-none-eabi/9.2.1/thumb/v7-m/nofp/crti.o
 .bss           0x00000000        0x0 f:/work_project/9 2019-q4-major/bin/../lib/gcc/arm-none-eabi/9.2.1/thumb/v7-m/nofp/crti.o
 .data          0x00000000        0x4 f:/work_project/9 2019-q4-major/bin/../lib/gcc/arm-none-eabi/9.2.1/thumb/v7-m/nofp/crtbegin.o
 .text          0x00000000       0x74 f:/work_project/9 2019-q4-major/bin/../lib/gcc/arm-none-eabi/9.2.1/../../../../arm-none-eabi/lib/thumb/v7-m/nofp/crt0.o
 .data          0x00000000        0x0 f:/work_project/9 2019-q4-major/bin/../lib/gcc/arm-none-eabi/9.2.1/../../../../arm-none-eabi/lib/thumb/v7-m/nofp/crt0.o
 .bss           0x00000000        0x0 f:/work_project/9 2019-q4-major/bin/../lib/gcc/arm-none-eabi/9.2.1/../../../../arm-none-eabi/lib/thumb/v7-m/nofp/crt0.o
 .ARM.extab     0x00000000        0x0 f:/work_project/9 2019-q4-major/bin/../lib/gcc/arm-none-eabi/9.2.1/../../../../arm-none-eabi/lib/thumb/v7-m/nofp/crt0.o
 .ARM.exidx     0x00000000        0x8 f:/work_project/9 2019-q4-major/bin/../lib/gcc/arm-none-eabi/9.2.1/../../../../arm-none-eabi/lib/thumb/v7-m/nofp/crt0.o
 .ARM.attributes
                0x00000000       0x1b f:/work_project/9 2019-q4-major/bin/../lib/gcc/arm-none-eabi/9.2.1/../../../../arm-none-eabi/lib/thumb/v7-m/nofp/crt0.o
 .text          0x00000000        0x0 build/main.o
 .data          0x00000000        0x0 build/main.o
 .bss           0x00000000        0x0 build/main.o
 .text.fputc    0x00000000       0x20 build/main.o
 COMMON         0x00000000        0x7 build/main.o
 .text          0x00000000        0x0 build/gpio.o
 .data          0x00000000        0x0 build/gpio.o
 .bss           0x00000000        0x0 build/gpio.o
 .text          0x00000000        0x0 build/i2c.o
 .data          0x00000000        0x0 build/i2c.o
 .bss           0x00000000        0x0 build/i2c.o
 .text.HAL_I2C_MspDeInit
                0x00000000       0x2c build/i2c.o
 .text          0x00000000        0x0 build/rtc.o
 .data          0x00000000        0x0 build/rtc.o
 .bss           0x00000000        0x0 build/rtc.o
 .text.HAL_RTC_MspDeInit
                0x00000000       0x24 build/rtc.o
 .text.set_date
                0x00000000       0x24 build/rtc.o
 .text.set_time
                0x00000000       0x24 build/rtc.o
 .text.get_time
                0x00000000       0x20 build/rtc.o
 .text          0x00000000        0x0 build/sys.o
 .data          0x00000000        0x0 build/sys.o
[...]
Memory Configuration

Name             Origin             Length             Attributes
RAM              0x20000000         0x00010000         xrw
FLASH            0x08000000         0x00080000         xr
*default*        0x00000000         0xffffffff

Linker script and memory map

LOAD f:/work_project/9 2019-q4-major/bin/../lib/gcc/arm-none-eabi/9.2.1/thumb/v7-m/nofp/crti.o
LOAD f:/work_project/9 2019-q4-major/bin/../lib/gcc/arm-none-eabi/9.2.1/thumb/v7-m/nofp/crtbegin.o
LOAD f:/work_project/9 2019-q4-major/bin/../lib/gcc/arm-none-eabi/9.2.1/../../../../arm-none-eabi/lib/thumb/v7-m/nofp/crt0.o
LOAD build/main.o
LOAD build/gpio.o
LOAD build/i2c.o
LOAD build/rtc.o
LOAD build/sys.o
LOAD build/tim.o
LOAD build/display.o
LOAD build/oled.o
LOAD build/usart.o
LOAD build/stm32f1xx_it.o
LOAD build/stm32f1xx_hal_msp.o
LOAD build/stm32f1xx_hal_gpio_ex.o
LOAD build/stm32f1xx_hal_i2c.o
LOAD build/stm32f1xx_hal.o
LOAD build/stm32f1xx_hal_rcc.o
LOAD build/stm32f1xx_hal_rcc_ex.o
LOAD build/stm32f1xx_hal_gpio.o
LOAD build/stm32f1xx_hal_dma.o
LOAD build/stm32f1xx_hal_cortex.o
LOAD build/stm32f1xx_hal_pwr.o
LOAD build/stm32f1xx_hal_flash.o
LOAD build/stm32f1xx_hal_flash_ex.o
LOAD build/stm32f1xx_hal_exti.o
LOAD build/stm32f1xx_hal_rtc.o
LOAD build/stm32f1xx_hal_rtc_ex.o
LOAD build/stm32f1xx_hal_tim.o
LOAD build/stm32f1xx_hal_tim_ex.o
LOAD build/stm32f1xx_hal_uart.o
LOAD build/system_stm32f1xx.o
LOAD build/startup_stm32f103xe.o
LOAD f:/work_project/9 2019-q4-major/bin/../lib/gcc/arm-none-eabi/9.2.1/../../../../arm-none-eabi/lib/thumb/v7-m/nofp\libc_nano.a
LOAD f:/work_project/9 2019-q4-major/bin/../lib/gcc/arm-none-eabi/9.2.1/../../../../arm-none-eabi/lib/thumb/v7-m/nofp\libm.a
LOAD f:/work_project/9 2019-q4-major/bin/../lib/gcc/arm-none-eabi/9.2.1/../../../../arm-none-eabi/lib/thumb/v7-m/nofp\libnosys.a
START GROUP
LOAD f:/work_project/9 2019-q4-major/bin/../lib/gcc/arm-none-eabi/9.2.1/thumb/v7-m/nofp\libgcc.a
LOAD f:/work_project/9 2019-q4-major/bin/../lib/gcc/arm-none-eabi/9.2.1/../../../../arm-none-eabi/lib/thumb/v7-m/nofp\libc_nano.a
END GROUP
START GROUP
LOAD f:/work_project/9 2019-q4-major/bin/../lib/gcc/arm-none-eabi/9.2.1/thumb/v7-m/nofp\libgcc.a
LOAD f:/work_project/9 2019-q4-major/bin/../lib/gcc/arm-none-eabi/9.2.1/../../../../arm-none-eabi/lib/thumb/v7-m/nofp\libc_nano.a
END GROUP
LOAD f:/work_project/9 2019-q4-major/bin/../lib/gcc/arm-none-eabi/9.2.1/thumb/v7-m/nofp/crtend.o
LOAD f:/work_project/9 2019-q4-major/bin/../lib/gcc/arm-none-eabi/9.2.1/thumb/v7-m/nofp/crtn.o
                0x20010000                _estack = 0x20010000
                0x00000200                _Min_Heap_Size = 0x200
                0x00000400                _Min_Stack_Size = 0x400

.isr_vector     0x08000000      0x1e4
                0x08000000                . = ALIGN (0x4)
 *(.isr_vector)
 .isr_vector    0x08000000      0x1e4 build/startup_stm32f103xe.o
                0x08000000                g_pfnVectors
                0x080001e4                . = ALIGN (0x4)

.text           0x080001e4     0x27a8
                0x080001e4                . = ALIGN (0x4)
 *(.text)
 .text          0x080001e4       0x40 f:/work_project/9 2019-q4-major/bin/../lib/gcc/arm-none-eabi/9.2.1/thumb/v7-m/nofp/crtbegin.o
 *(.text*)
 .text.SystemClock_Config
                0x08000224       0x6e build/main.o
                0x08000224                SystemClock_Config
 *fill*         0x08000292        0x2 
 .text.main     0x08000294       0xac build/main.o
                0x08000294                main
 .text.Error_Handler
                0x08000340        0x2 build/main.o
                0x08000340                Error_Handler
 *fill*         0x08000342        0x2 
 .text.MX_GPIO_Init
                0x08000344       0x44 build/gpio.o
                0x08000344                MX_GPIO_Init
 .text.MX_I2C1_Init
                0x08000388       0x3c build/i2c.o
                0x08000388                MX_I2C1_Init
 .text.HAL_I2C_MspInit
                0x080003c4       0x64 build/i2c.o
                0x080003c4                HAL_I2C_MspInit
 .text.MX_RTC_Init
                0x08000428       0x88 build/rtc.o
                0x08000428                MX_RTC_Init
 .text.HAL_RTC_MspInit
                0x080004b0       0x50 build/rtc.o
                0x080004b0                HAL_RTC_MspInit
 .text.MX_TIM6_Init
                0x08000500       0x50 build/tim.o
                0x08000500                MX_TIM6_Init
 .text.HAL_TIM_Base_MspInit
                0x08000550       0x40 build/tim.o
                0x08000550                HAL_TIM_Base_MspInit
 .text.HAL_TIM_PeriodElapsedCallback
                0x08000590       0x3c build/tim.o
                0x08000590                HAL_TIM_PeriodElapsedCallback
 .text.OLED_I2C_Write_Byte
                0x080005cc       0x4c build/oled.o
                0x080005cc                OLED_I2C_Write_Byte
 .text.OLED_Init
                0x08000618       0xcc build/oled.o
                0x08000618                OLED_Init
 .text.OLED_SetPos
                0x080006e4       0x26 build/oled.o
                0x080006e4                OLED_SetPos
 .text.OLED_Fill
                0x0800070a       0x44 build/oled.o
                0x0800070a                OLED_Fill
 .text.OLED_CLS
                0x0800074e        0xa build/oled.o
                0x0800074e                OLED_CLS
 .text.show_char_a_type
                0x08000758       0x44 build/oled.o
                0x08000758                show_char_a_type
 .text.show_char_a1type
                0x0800079c       0x34 build/oled.o
                0x0800079c                show_char_a1type
 .text.show_string_atype
                0x080007d0       0x2c build/oled.o
                0x080007d0                show_string_atype
 .text.show_hz  0x080007fc       0x44 build/oled.o
                0x080007fc                show_hz
 .text.show_hanzi
                0x08000840       0x5c build/oled.o
                0x08000840                show_hanzi
 .text.show_chs_string
                0x0800089c       0x20 build/oled.o
                0x0800089c                show_chs_string
 .text.show_drawBMP
                0x080008bc       0x48 build/oled.o
                0x080008bc                show_drawBMP
 .text.MX_USART1_UART_Init
                0x08000904       0x34 build/usart.o
                0x08000904                MX_USART1_UART_Init
 .text.HAL_UART_MspInit
                0x08000938       0x88 build/usart.o
                0x08000938                HAL_UART_MspInit
 .text.NMI_Handler
                0x080009c0        0x2 build/stm32f1xx_it.o
                0x080009c0                NMI_Handler
 .text.HardFault_Handler
                0x080009c2        0x2 build/stm32f1xx_it.o
                0x080009c2                HardFault_Handler
 .text.MemManage_Handler
                0x080009c4        0x2 build/stm32f1xx_it.o
                0x080009c4                MemManage_Handler
 .text.BusFault_Handler
                0x080009c6        0x2 build/stm32f1xx_it.o
                0x080009c6                BusFault_Handler
 .text.UsageFault_Handler
                0x080009c8        0x2 build/stm32f1xx_it.o
                0x080009c8                UsageFault_Handler
 .text.SVC_Handler
                0x080009ca        0x2 build/stm32f1xx_it.o
                0x080009ca                SVC_Handler
 .text.DebugMon_Handler
                0x080009cc        0x2 build/stm32f1xx_it.o
                0x080009cc                DebugMon_Handler
 .text.PendSV_Handler
                0x080009ce        0x2 build/stm32f1xx_it.o
                0x080009ce                PendSV_Handler
 .text.SysTick_Handler
                0x080009d0        0x8 build/stm32f1xx_it.o
                0x080009d0                SysTick_Handler
 .text.RTC_IRQHandler
                0x080009d8       0x10 build/stm32f1xx_it.o
                0x080009d8                RTC_IRQHandler
 .text.USART1_IRQHandler
                0x080009e8       0x10 build/stm32f1xx_it.o
                0x080009e8                USART1_IRQHandler
 .text.TIM6_IRQHandler
                0x080009f8       0x10 build/stm32f1xx_it.o
                0x080009f8                TIM6_IRQHandler
 .text.HAL_MspInit
                0x08000a08       0x44 build/stm32f1xx_hal_msp.o
                0x08000a08                HAL_MspInit
 .text.I2C_IsAcknowledgeFailed
                0x08000a4c       0x32 build/stm32f1xx_hal_i2c.o
 .text.I2C_WaitOnFlagUntilTimeout
                0x08000a7e       0x74 build/stm32f1xx_hal_i2c.o
 .text.I2C_WaitOnMasterAddressFlagUntilTimeout
                0x08000af2       0xaa build/stm32f1xx_hal_i2c.o
 .text.I2C_WaitOnTXEFlagUntilTimeout
                0x08000b9c       0x54 build/stm32f1xx_hal_i2c.o
 .text.I2C_RequestMemoryWrite
                0x08000bf0       0xc8 build/stm32f1xx_hal_i2c.o
 .text.I2C_WaitOnBTFFlagUntilTimeout
                0x08000cb8       0x54 build/stm32f1xx_hal_i2c.o
 .text.HAL_I2C_Init
                0x08000d0c      0x1a8 build/stm32f1xx_hal_i2c.o
                0x08000d0c                HAL_I2C_Init
 .text.HAL_I2C_Mem_Write
                0x08000eb4      0x164 build/stm32f1xx_hal_i2c.o
                0x08000eb4                HAL_I2C_Mem_Write
 .text.HAL_InitTick
                0x08001018       0x4c build/stm32f1xx_hal.o
                0x08001018                HAL_InitTick
 .text.HAL_Init
                0x08001064       0x24 build/stm32f1xx_hal.o
                0x08001064                HAL_Init
 .text.HAL_IncTick
                0x08001088       0x18 build/stm32f1xx_hal.o
                0x08001088                HAL_IncTick
 .text.HAL_GetTick
                0x080010a0        0xc build/stm32f1xx_hal.o
                0x080010a0                HAL_GetTick
 .text.HAL_Delay
                0x080010ac       0x28 build/stm32f1xx_hal.o
                0x080010ac                HAL_Delay
 .text.RCC_Delay
                0x080010d4       0x2c build/stm32f1xx_hal_rcc.o
 .text.HAL_RCC_OscConfig
                0x08001100      0x410 build/stm32f1xx_hal_rcc.o
                0x08001100                HAL_RCC_OscConfig
 .text.HAL_RCC_GetSysClockFreq
                0x08001510       0x6c build/stm32f1xx_hal_rcc.o
                0x08001510                HAL_RCC_GetSysClockFreq
 .text.HAL_RCC_ClockConfig
                0x0800157c      0x16c build/stm32f1xx_hal_rcc.o
                0x0800157c                HAL_RCC_ClockConfig
 .text.HAL_RCC_GetHCLKFreq
                0x080016e8        0xc build/stm32f1xx_hal_rcc.o
                0x080016e8                HAL_RCC_GetHCLKFreq
 .text.HAL_RCC_GetPCLK1Freq
                0x080016f4       0x20 build/stm32f1xx_hal_rcc.o
                0x080016f4                HAL_RCC_GetPCLK1Freq
 .text.HAL_RCC_GetPCLK2Freq
                0x08001714       0x20 build/stm32f1xx_hal_rcc.o
                0x08001714                HAL_RCC_GetPCLK2Freq
 .text.HAL_RCCEx_PeriphCLKConfig
                0x08001734      0x114 build/stm32f1xx_hal_rcc_ex.o
                0x08001734                HAL_RCCEx_PeriphCLKConfig
 .text.HAL_RCCEx_GetPeriphCLKFreq
                0x08001848      0x110 build/stm32f1xx_hal_rcc_ex.o
                0x08001848                HAL_RCCEx_GetPeriphCLKFreq
 .text.HAL_GPIO_Init
                0x08001958      0x238 build/stm32f1xx_hal_gpio.o
                0x08001958                HAL_GPIO_Init
 .text.HAL_DMA_Abort_IT
                0x08001b90      0x168 build/stm32f1xx_hal_dma.o
                0x08001b90                HAL_DMA_Abort_IT
 .text.HAL_NVIC_SetPriorityGrouping
                0x08001cf8       0x24 build/stm32f1xx_hal_cortex.o
                0x08001cf8                HAL_NVIC_SetPriorityGrouping
 .text.HAL_NVIC_SetPriority
                0x08001d1c       0x68 build/stm32f1xx_hal_cortex.o
                0x08001d1c                HAL_NVIC_SetPriority
 .text.HAL_NVIC_EnableIRQ
                0x08001d84       0x1c build/stm32f1xx_hal_cortex.o
                0x08001d84                HAL_NVIC_EnableIRQ
 .text.HAL_SYSTICK_Config
                0x08001da0       0x2c build/stm32f1xx_hal_cortex.o
                0x08001da0                HAL_SYSTICK_Config
 .text.HAL_PWR_EnableBkUpAccess
                0x08001dcc        0xc build/stm32f1xx_hal_pwr.o
                0x08001dcc                HAL_PWR_EnableBkUpAccess
 .text.RTC_ReadTimeCounter
                0x08001dd8       0x26 build/stm32f1xx_hal_rtc.o
 .text.RTC_ReadAlarmCounter
                0x08001dfe        0xe build/stm32f1xx_hal_rtc.o
 .text.RTC_Bcd2ToByte
                0x08001e0c       0x12 build/stm32f1xx_hal_rtc.o
 *fill*         0x08001e1e        0x2 
 .text.RTC_WeekDayNum
                0x08001e20       0x9c build/stm32f1xx_hal_rtc.o
 .text.RTC_EnterInitMode
                0x08001ebc       0x30 build/stm32f1xx_hal_rtc.o
 .text.RTC_ExitInitMode
                0x08001eec       0x32 build/stm32f1xx_hal_rtc.o
 .text.RTC_WriteTimeCounter
                0x08001f1e       0x2a build/stm32f1xx_hal_rtc.o
 .text.RTC_WriteAlarmCounter
                0x08001f48       0x2a build/stm32f1xx_hal_rtc.o
 .text.HAL_RTC_SetTime
                0x08001f72       0xc2 build/stm32f1xx_hal_rtc.o
                0x08001f72                HAL_RTC_SetTime
 .text.HAL_RTC_SetDate
                0x08002034       0xd4 build/stm32f1xx_hal_rtc.o
                0x08002034                HAL_RTC_SetDate
 .text.HAL_RTC_WaitForSynchro
                0x08002108       0x38 build/stm32f1xx_hal_rtc.o
                0x08002108                HAL_RTC_WaitForSynchro
 .text.HAL_RTC_Init
                0x08002140       0xbc build/stm32f1xx_hal_rtc.o
                0x08002140                HAL_RTC_Init
 .text.HAL_RTCEx_RTCEventCallback
                0x080021fc        0x2 build/stm32f1xx_hal_rtc_ex.o
                0x080021fc                HAL_RTCEx_RTCEventCallback
 .text.HAL_RTCEx_RTCEventErrorCallback
                0x080021fe        0x2 build/stm32f1xx_hal_rtc_ex.o
                0x080021fe                HAL_RTCEx_RTCEventErrorCallback
 .text.HAL_RTCEx_RTCIRQHandler
                0x08002200       0x44 build/stm32f1xx_hal_rtc_ex.o
                0x08002200                HAL_RTCEx_RTCIRQHandler
 .text.HAL_TIM_OC_DelayElapsedCallback
                0x08002244        0x2 build/stm32f1xx_hal_tim.o
                0x08002244                HAL_TIM_OC_DelayElapsedCallback
 .text.HAL_TIM_IC_CaptureCallback
                0x08002246        0x2 build/stm32f1xx_hal_tim.o
                0x08002246                HAL_TIM_IC_CaptureCallback
 .text.HAL_TIM_PWM_PulseFinishedCallback
                0x08002248        0x2 build/stm32f1xx_hal_tim.o
                0x08002248                HAL_TIM_PWM_PulseFinishedCallback
 .text.HAL_TIM_TriggerCallback
                0x0800224a        0x2 build/stm32f1xx_hal_tim.o
                0x0800224a                HAL_TIM_TriggerCallback
 .text.HAL_TIM_IRQHandler
                0x0800224c      0x17a build/stm32f1xx_hal_tim.o
                0x0800224c                HAL_TIM_IRQHandler
 *fill*         0x080023c6        0x2 
 .text.TIM_Base_SetConfig
                0x080023c8       0x98 build/stm32f1xx_hal_tim.o
                0x080023c8                TIM_Base_SetConfig
 .text.HAL_TIM_Base_Init
                0x08002460       0x34 build/stm32f1xx_hal_tim.o
                0x08002460                HAL_TIM_Base_Init
 .text.HAL_TIMEx_MasterConfigSynchronization
                0x08002494       0x46 build/stm32f1xx_hal_tim_ex.o
                0x08002494                HAL_TIMEx_MasterConfigSynchronization
 .text.HAL_TIMEx_CommutCallback
                0x080024da        0x2 build/stm32f1xx_hal_tim_ex.o
                0x080024da                HAL_TIMEx_CommutCallback
 .text.HAL_TIMEx_BreakCallback
                0x080024dc        0x2 build/stm32f1xx_hal_tim_ex.o
                0x080024dc                HAL_TIMEx_BreakCallback
 .text.UART_EndRxTransfer
                0x080024de       0x1c build/stm32f1xx_hal_uart.o
 .text.UART_Transmit_IT
                0x080024fa       0x66 build/stm32f1xx_hal_uart.o
 .text.UART_SetConfig
                0x08002560       0xcc build/stm32f1xx_hal_uart.o
 .text.HAL_UART_Init
                0x0800262c       0x5e build/stm32f1xx_hal_uart.o
                0x0800262c                HAL_UART_Init
 .text.HAL_UART_TxCpltCallback
                0x0800268a        0x2 build/stm32f1xx_hal_uart.o
                0x0800268a                HAL_UART_TxCpltCallback
 .text.UART_EndTransmit_IT
                0x0800268c       0x1a build/stm32f1xx_hal_uart.o
 .text.HAL_UART_RxCpltCallback
                0x080026a6        0x2 build/stm32f1xx_hal_uart.o
                0x080026a6                HAL_UART_RxCpltCallback
 .text.UART_Receive_IT
                0x080026a8       0x9e build/stm32f1xx_hal_uart.o
 .text.HAL_UART_ErrorCallback
                0x08002746        0x2 build/stm32f1xx_hal_uart.o
                0x08002746                HAL_UART_ErrorCallback
 .text.HAL_UART_IRQHandler
                0x08002748      0x120 build/stm32f1xx_hal_uart.o
                0x08002748                HAL_UART_IRQHandler
 .text.UART_DMAAbortOnError
                0x08002868       0x10 build/stm32f1xx_hal_uart.o
 .text.SystemInit
                0x08002878       0x4c build/system_stm32f1xx.o
                0x08002878                SystemInit
 .text.Reset_Handler
                0x080028c4       0x48 build/startup_stm32f103xe.o
                0x080028c4                Reset_Handler
 .text.Default_Handler
                0x0800290c        0x2 build/startup_stm32f103xe.o
                0x0800290c                RTC_Alarm_IRQHandler
                0x0800290c                EXTI2_IRQHandler
                0x0800290c                TIM8_TRG_COM_IRQHandler
                0x0800290c                TIM8_CC_IRQHandler
                0x0800290c                TIM1_CC_IRQHandler
                0x0800290c                PVD_IRQHandler
                0x0800290c                SDIO_IRQHandler
                0x0800290c                EXTI3_IRQHandler
                0x0800290c                EXTI0_IRQHandler
                0x0800290c                I2C2_EV_IRQHandler
                0x0800290c                ADC1_2_IRQHandler
                0x0800290c                SPI1_IRQHandler
                0x0800290c                TAMPER_IRQHandler
                0x0800290c                TIM8_UP_IRQHandler
                0x0800290c                DMA2_Channel2_IRQHandler
                0x0800290c                DMA1_Channel4_IRQHandler
                0x0800290c                USART3_IRQHandler
                0x0800290c                DMA1_Channel7_IRQHandler
                0x0800290c                CAN1_RX1_IRQHandler
                0x0800290c                UART5_IRQHandler
                0x0800290c                ADC3_IRQHandler
                0x0800290c                TIM4_IRQHandler
                0x0800290c                DMA2_Channel1_IRQHandler
                0x0800290c                I2C1_EV_IRQHandler
                0x0800290c                DMA1_Channel6_IRQHandler
                0x0800290c                UART4_IRQHandler
                0x0800290c                TIM3_IRQHandler
                0x0800290c                RCC_IRQHandler
                0x0800290c                TIM1_TRG_COM_IRQHandler
                0x0800290c                DMA1_Channel1_IRQHandler
                0x0800290c                Default_Handler
                0x0800290c                EXTI15_10_IRQHandler
                0x0800290c                TIM7_IRQHandler
                0x0800290c                TIM5_IRQHandler
                0x0800290c                EXTI9_5_IRQHandler
                0x0800290c                SPI2_IRQHandler
                0x0800290c                DMA1_Channel5_IRQHandler
                0x0800290c                EXTI4_IRQHandler
                0x0800290c                USB_LP_CAN1_RX0_IRQHandler
                0x0800290c                USB_HP_CAN1_TX_IRQHandler
                0x0800290c                DMA1_Channel3_IRQHandler
                0x0800290c                FSMC_IRQHandler
                0x0800290c                TIM1_UP_IRQHandler
                0x0800290c                WWDG_IRQHandler
                0x0800290c                TIM2_IRQHandler
                0x0800290c                TIM1_BRK_IRQHandler
                0x0800290c                EXTI1_IRQHandler
                0x0800290c                DMA2_Channel4_5_IRQHandler
                0x0800290c                USART2_IRQHandler
                0x0800290c                I2C2_ER_IRQHandler
                0x0800290c                DMA1_Channel2_IRQHandler
                0x0800290c                TIM8_BRK_IRQHandler
                0x0800290c                CAN1_SCE_IRQHandler
                0x0800290c                FLASH_IRQHandler
                0x0800290c                SPI3_IRQHandler
                0x0800290c                I2C1_ER_IRQHandler
                0x0800290c                USBWakeUp_IRQHandler
                0x0800290c                DMA2_Channel3_IRQHandler
 *fill*         0x0800290e        0x2 
 .text.__libc_init_array
                0x08002910       0x48 f:/work_project/9 2019-q4-major/bin/../lib/gcc/arm-none-eabi/9.2.1/../../../../arm-none-eabi/lib/thumb/v7-m/nofp\libc_nano.a(lib_a-init.o)
                0x08002910                __libc_init_array
 .text.memcpy   0x08002958       0x1c f:/work_project/9 2019-q4-major/bin/../lib/gcc/arm-none-eabi/9.2.1/../../../../arm-none-eabi/lib/thumb/v7-m/nofp\libc_nano.a(lib_a-memcpy-stub.o)
                0x08002958                memcpy
 *(.glue_7)
 .glue_7        0x08002974        0x0 linker stubs
 *(.glue_7t)
 .glue_7t       0x08002974        0x0 linker stubs
 *(.eh_frame)
 .eh_frame      0x08002974        0x0 f:/work_project/9 2019-q4-major/bin/../lib/gcc/arm-none-eabi/9.2.1/thumb/v7-m/nofp/crtbegin.o
 *(.init)
 .init          0x08002974        0x4 f:/work_project/9 2019-q4-major/bin/../lib/gcc/arm-none-eabi/9.2.1/thumb/v7-m/nofp/crti.o
                0x08002974                _init
 .init          0x08002978        0x8 f:/work_project/9 2019-q4-major/bin/../lib/gcc/arm-none-eabi/9.2.1/thumb/v7-m/nofp/crtn.o
 *(.fini)
 .fini          0x08002980        0x4 f:/work_project/9 2019-q4-major/bin/../lib/gcc/arm-none-eabi/9.2.1/thumb/v7-m/nofp/crti.o
                0x08002980                _fini
 .fini          0x08002984        0x8 f:/work_project/9 2019-q4-major/bin/../lib/gcc/arm-none-eabi/9.2.1/thumb/v7-m/nofp/crtn.o
                0x0800298c                . = ALIGN (0x4)
                0x0800298c                _etext = .

.vfp11_veneer   0x0800298c        0x0
 .vfp11_veneer  0x0800298c        0x0 linker stubs

.v4_bx          0x0800298c        0x0
 .v4_bx         0x0800298c        0x0 linker stubs

.iplt           0x0800298c        0x0
 .iplt          0x0800298c        0x0 f:/work_project/9 2019-q4-major/bin/../lib/gcc/arm-none-eabi/9.2.1/thumb/v7-m/nofp/crtbegin.o

.rodata         0x0800298c      0x470
                0x0800298c                . = ALIGN (0x4)
 *(.rodata)
 .rodata        0x0800298c      0x400 build/main.o
 *(.rodata*)
 .rodata.main.str1.4
                0x08002d8c       0x42 build/main.o
 *fill*         0x08002dce        0x2 
 .rodata.HAL_RCC_GetSysClockFreq.str1.4
                0x08002dd0       0x11 build/stm32f1xx_hal_rcc.o
 .rodata.HAL_RCCEx_GetPeriphCLKFreq.str1.4
                0x08002de1       0x11 build/stm32f1xx_hal_rcc_ex.o
 *fill*         0x08002de1        0x3 
 .rodata.AHBPrescTable
                0x08002de4       0x10 build/system_stm32f1xx.o
                0x08002de4                AHBPrescTable
 .rodata.APBPrescTable
                0x08002df4        0x8 build/system_stm32f1xx.o
                0x08002df4                APBPrescTable
                0x08002dfc                . = ALIGN (0x4)

.rel.dyn        0x08002dfc        0x0
 .rel.iplt      0x08002dfc        0x0 f:/work_project/9 2019-q4-major/bin/../lib/gcc/arm-none-eabi/9.2.1/thumb/v7-m/nofp/crtbegin.o

.ARM.extab
 *(.ARM.extab* .gnu.linkonce.armextab.*)

.ARM            0x08002dfc        0x0
                0x08002dfc                __exidx_start = .
 *(.ARM.exidx*)
                0x08002dfc                __exidx_end = .

.preinit_array  0x08002dfc        0x0
                0x08002dfc                PROVIDE (__preinit_array_start = .)
 *(.preinit_array*)
                0x08002dfc                PROVIDE (__preinit_array_end = .)

.init_array     0x08002dfc        0x4
                0x08002dfc                PROVIDE (__init_array_start = .)
 *(SORT_BY_NAME(.init_array.*))
 *(.init_array*)
 .init_array    0x08002dfc        0x4 f:/work_project/9 2019-q4-major/bin/../lib/gcc/arm-none-eabi/9.2.1/thumb/v7-m/nofp/crtbegin.o
                0x08002e00                PROVIDE (__init_array_end = .)

.fini_array     0x08002e00        0x4
                [!provide]                PROVIDE (__fini_array_start = .)
 *(SORT_BY_NAME(.fini_array.*))
 *(.fini_array*)
 .fini_array    0x08002e00        0x4 f:/work_project/9 2019-q4-major/bin/../lib/gcc/arm-none-eabi/9.2.1/thumb/v7-m/nofp/crtbegin.o
                [!provide]                PROVIDE (__fini_array_end = .)
                0x08002e04                _sidata = LOADADDR (.data)

.data           0x20000000      0x444 load address 0x08002e04
                0x20000000                . = ALIGN (0x4)
                0x20000000                _sdata = .
 *(.data)
 *(.data*)
 .data.ASC_16   0x20000000      0x286 build/oled.o
                0x20000000                ASC_16
 *fill*         0x20000286        0x2 
 .data.GB_16    0x20000288      0x1b0 build/oled.o
                0x20000288                GB_16
 .data.uwTickFreq
                0x20000438        0x1 build/stm32f1xx_hal.o
                0x20000438                uwTickFreq
 *fill*         0x20000439        0x3 
 .data.uwTickPrio
                0x2000043c        0x4 build/stm32f1xx_hal.o
                0x2000043c                uwTickPrio
 .data.SystemCoreClock
                0x20000440        0x4 build/system_stm32f1xx.o
                0x20000440                SystemCoreClock
                0x20000444                . = ALIGN (0x4)
                0x20000444                _edata = .

.igot.plt       0x20000444        0x0 load address 0x08003248
 .igot.plt      0x20000444        0x0 f:/work_project/9 2019-q4-major/bin/../lib/gcc/arm-none-eabi/9.2.1/thumb/v7-m/nofp/crtbegin.o
                0x20000444                . = ALIGN (0x4)

.bss            0x20000444      0x10c load address 0x08003248
                0x20000444                _sbss = .
                0x20000444                __bss_start__ = _sbss
 *(.bss)
 .bss           0x20000444       0x1c f:/work_project/9 2019-q4-major/bin/../lib/gcc/arm-none-eabi/9.2.1/thumb/v7-m/nofp/crtbegin.o
 *(.bss*)
 .bss.g_1s_flag
                0x20000460        0x1 build/tim.o
                0x20000460                g_1s_flag
 .bss.g_1s_tick
                0x20000461        0x1 build/tim.o
                0x20000461                g_1s_tick
 *(COMMON)
 *fill*         0x20000462        0x2 
 COMMON         0x20000464       0x54 build/i2c.o
                0x20000464                hi2c1
 COMMON         0x200004b8       0x14 build/rtc.o
                0x200004b8                hrtc
 COMMON         0x200004cc       0x40 build/tim.o
                0x200004cc                htim6
 COMMON         0x2000050c       0x40 build/usart.o
                0x2000050c                huart1
 COMMON         0x2000054c        0x4 build/stm32f1xx_hal.o
                0x2000054c                uwTick
                0x20000550                . = ALIGN (0x4)
                0x20000550                _ebss = .
                0x20000550                __bss_end__ = _ebss

._user_heap_stack
                0x20000550      0x600 load address 0x08003248
                0x20000550                . = ALIGN (0x8)
                [!provide]                PROVIDE (end = .)
                [!provide]                PROVIDE (_end = .)
                0x20000750                . = (. + _Min_Heap_Size)
 *fill*         0x20000550      0x200 
                0x20000b50                . = (. + _Min_Stack_Size)
 *fill*         0x20000750      0x400 
                0x20000b50                . = ALIGN (0x8)

/DISCARD/
 libc.a(*)
 libm.a(*)
 libgcc.a(*)

.ARM.attributes
                0x00000000       0x29
 *(.ARM.attributes)
 .ARM.attributes
                0x00000000       0x1d f:/work_project/9 2019-q4-major/bin/../lib/gcc/arm-none-eabi/9.2.1/thumb/v7-m/nofp/crti.o
 .ARM.attributes
                0x0000001d       0x2d f:/work_project/9 2019-q4-major/bin/../lib/gcc/arm-none-eabi/9.2.1/thumb/v7-m/nofp/crtbegin.o
 .ARM.attributes
                0x0000004a       0x2d build/main.o
 .ARM.attributes
                0x00000077       0x2d build/gpio.o
 .ARM.attributes
                0x000000a4       0x2d build/i2c.o
 .ARM.attributes
                0x000000d1       0x2d build/rtc.o
 .ARM.attributes
                0x000000fe       0x2d build/tim.o
 .ARM.attributes
                0x0000012b       0x2d build/oled.o
 .ARM.attributes
                0x00000158       0x2d build/usart.o
 .ARM.attributes
                0x00000185       0x2d build/stm32f1xx_it.o
 .ARM.attributes
                0x000001b2       0x2d build/stm32f1xx_hal_msp.o
 .ARM.attributes
                0x000001df       0x2d build/stm32f1xx_hal_i2c.o
 .ARM.attributes
                0x0000020c       0x2d build/stm32f1xx_hal.o
 .ARM.attributes
                0x00000239       0x2d build/stm32f1xx_hal_rcc.o
 .ARM.attributes
                0x00000266       0x2d build/stm32f1xx_hal_rcc_ex.o
 .ARM.attributes
                0x00000293       0x2d build/stm32f1xx_hal_gpio.o
 .ARM.attributes
                0x000002c0       0x2d build/stm32f1xx_hal_dma.o
 .ARM.attributes
                0x000002ed       0x2d build/stm32f1xx_hal_cortex.o
 .ARM.attributes
                0x0000031a       0x2d build/stm32f1xx_hal_pwr.o
 .ARM.attributes
                0x00000347       0x2d build/stm32f1xx_hal_rtc.o
 .ARM.attributes
                0x00000374       0x2d build/stm32f1xx_hal_rtc_ex.o
 .ARM.attributes
                0x000003a1       0x2d build/stm32f1xx_hal_tim.o
 .ARM.attributes
                0x000003ce       0x2d build/stm32f1xx_hal_tim_ex.o
 .ARM.attributes
                0x000003fb       0x2d build/stm32f1xx_hal_uart.o
 .ARM.attributes
                0x00000428       0x2d build/system_stm32f1xx.o
 .ARM.attributes
                0x00000455       0x21 build/startup_stm32f103xe.o
 .ARM.attributes
                0x00000476       0x2d f:/work_project/9 2019-q4-major/bin/../lib/gcc/arm-none-eabi/9.2.1/../../../../arm-none-eabi/lib/thumb/v7-m/nofp\libc_nano.a(lib_a-init.o)
 .ARM.attributes
                0x000004a3       0x2d f:/work_project/9 2019-q4-major/bin/../lib/gcc/arm-none-eabi/9.2.1/../../../../arm-none-eabi/lib/thumb/v7-m/nofp\libc_nano.a(lib_a-memcpy-stub.o)
 .ARM.attributes
                0x000004d0       0x1d f:/work_project/9 2019-q4-major/bin/../lib/gcc/arm-none-eabi/9.2.1/thumb/v7-m/nofp/crtn.o
OUTPUT(build/stm32f103_iic_oled.elf elf32-littlearm)

.debug_info     0x00000000    0x17f73
 .debug_info    0x00000000     0x1dde build/main.o
 .debug_info    0x00001dde      0x2a2 build/gpio.o
 .debug_info    0x00002080      0xa1e build/i2c.o
 .debug_info    0x00002a9e      0xa56 build/rtc.o
 .debug_info    0x000034f4      0xb7f build/tim.o
 .debug_info    0x00004073     0x122e build/oled.o
 .debug_info    0x000052a1      0xbb1 build/usart.o
 .debug_info    0x00005e52      0xcb9 build/stm32f1xx_it.o
 .debug_info    0x00006b0b      0x324 build/stm32f1xx_hal_msp.o
 .debug_info    0x00006e2f     0x3bbc build/stm32f1xx_hal_i2c.o
 .debug_info    0x0000a9eb      0x92c build/stm32f1xx_hal.o
 .debug_info    0x0000b317      0xb59 build/stm32f1xx_hal_rcc.o
 .debug_info    0x0000be70      0x574 build/stm32f1xx_hal_rcc_ex.o
 .debug_info    0x0000c3e4      0x7a8 build/stm32f1xx_hal_gpio.o
 .debug_info    0x0000cb8c      0x9a6 build/stm32f1xx_hal_dma.o
 .debug_info    0x0000d532      0xf4f build/stm32f1xx_hal_cortex.o
 .debug_info    0x0000e481      0x81c build/stm32f1xx_hal_pwr.o
 .debug_info    0x0000ec9d     0x16c6 build/stm32f1xx_hal_rtc.o
 .debug_info    0x00010363      0xb2a build/stm32f1xx_hal_rtc_ex.o
 .debug_info    0x00010e8d     0x3948 build/stm32f1xx_hal_tim.o
 .debug_info    0x000147d5     0x1813 build/stm32f1xx_hal_tim_ex.o
 .debug_info    0x00015fe8     0x1a9a build/stm32f1xx_hal_uart.o
 .debug_info    0x00017a82      0x4cf build/system_stm32f1xx.o
 .debug_info    0x00017f51       0x22 build/startup_stm32f103xe.o

.debug_abbrev   0x00000000     0x34cf
 .debug_abbrev  0x00000000      0x2da build/main.o
 .debug_abbrev  0x000002da      0x11c build/gpio.o
 .debug_abbrev  0x000003f6      0x1f1 build/i2c.o
 .debug_abbrev  0x000005e7      0x1d4 build/rtc.o
 .debug_abbrev  0x000007bb      0x23c build/tim.o
 .debug_abbrev  0x000009f7      0x288 build/oled.o
 .debug_abbrev  0x00000c7f      0x1fa build/usart.o
 .debug_abbrev  0x00000e79      0x196 build/stm32f1xx_it.o
 .debug_abbrev  0x0000100f      0x130 build/stm32f1xx_hal_msp.o
 .debug_abbrev  0x0000113f      0x332 build/stm32f1xx_hal_i2c.o
 .debug_abbrev  0x00001471      0x22f build/stm32f1xx_hal.o
 .debug_abbrev  0x000016a0      0x2ad build/stm32f1xx_hal_rcc.o
 .debug_abbrev  0x0000194d      0x1fb build/stm32f1xx_hal_rcc_ex.o
 .debug_abbrev  0x00001b48      0x24f build/stm32f1xx_hal_gpio.o
 .debug_abbrev  0x00001d97      0x2a1 build/stm32f1xx_hal_dma.o
 .debug_abbrev  0x00002038      0x37f build/stm32f1xx_hal_cortex.o
 .debug_abbrev  0x000023b7      0x222 build/stm32f1xx_hal_pwr.o
 .debug_abbrev  0x000025d9      0x287 build/stm32f1xx_hal_rtc.o
 .debug_abbrev  0x00002860      0x2b2 build/stm32f1xx_hal_rtc_ex.o
 .debug_abbrev  0x00002b12      0x2c3 build/stm32f1xx_hal_tim.o
 .debug_abbrev  0x00002dd5      0x2ab build/stm32f1xx_hal_tim_ex.o
 .debug_abbrev  0x00003080      0x2ea build/stm32f1xx_hal_uart.o
 .debug_abbrev  0x0000336a      0x153 build/system_stm32f1xx.o
 .debug_abbrev  0x000034bd       0x12 build/startup_stm32f103xe.o

.debug_loc      0x00000000    0x11a78
 .debug_loc     0x00000000       0xf2 build/main.o
 .debug_loc     0x000000f2       0x2c build/gpio.o
 .debug_loc     0x0000011e      0x108 build/i2c.o
 .debug_loc     0x00000226      0x329 build/rtc.o
 .debug_loc     0x0000054f      0x103 build/tim.o
 .debug_loc     0x00000652      0x8fe build/oled.o
 .debug_loc     0x00000f50      0x108 build/usart.o
 .debug_loc     0x00001058       0x80 build/stm32f1xx_it.o
 .debug_loc     0x000010d8       0x41 build/stm32f1xx_hal_msp.o
 .debug_loc     0x00001119     0x492c build/stm32f1xx_hal_i2c.o
 .debug_loc     0x00005a45      0x1bb build/stm32f1xx_hal.o
 .debug_loc     0x00005c00      0x7c0 build/stm32f1xx_hal_rcc.o
 .debug_loc     0x000063c0      0x432 build/stm32f1xx_hal_rcc_ex.o
 .debug_loc     0x000067f2      0x501 build/stm32f1xx_hal_gpio.o
 .debug_loc     0x00006cf3      0x8ea build/stm32f1xx_hal_dma.o
 .debug_loc     0x000075dd      0x7af build/stm32f1xx_hal_cortex.o
 .debug_loc     0x00007d8c      0x182 build/stm32f1xx_hal_pwr.o
 .debug_loc     0x00007f0e     0x1b5a build/stm32f1xx_hal_rtc.o
 .debug_loc     0x00009a68      0x6ea build/stm32f1xx_hal_rtc_ex.o
 .debug_loc     0x0000a152     0x455f build/stm32f1xx_hal_tim.o
 .debug_loc     0x0000e6b1     0x15ad build/stm32f1xx_hal_tim_ex.o
 .debug_loc     0x0000fc5e     0x1d1b build/stm32f1xx_hal_uart.o
 .debug_loc     0x00011979       0xff build/system_stm32f1xx.o

.debug_aranges  0x00000000     0x1138
 .debug_aranges
                0x00000000       0x38 build/main.o
 .debug_aranges
                0x00000038       0x20 build/gpio.o
 .debug_aranges
                0x00000058       0x30 build/i2c.o
 .debug_aranges
                0x00000088       0x48 build/rtc.o
 .debug_aranges
                0x000000d0       0x38 build/tim.o
 .debug_aranges
                0x00000108       0x90 build/oled.o
 .debug_aranges
                0x00000198       0x30 build/usart.o
 .debug_aranges
                0x000001c8       0x78 build/stm32f1xx_it.o
 .debug_aranges
                0x00000240       0x20 build/stm32f1xx_hal_msp.o
 .debug_aranges
                0x00000260      0x290 build/stm32f1xx_hal_i2c.o
 .debug_aranges
                0x000004f0       0xe0 build/stm32f1xx_hal.o
 .debug_aranges
                0x000005d0       0x90 build/stm32f1xx_hal_rcc.o
 .debug_aranges
                0x00000660       0x30 build/stm32f1xx_hal_rcc_ex.o
 .debug_aranges
                0x00000690       0x58 build/stm32f1xx_hal_gpio.o
 .debug_aranges
                0x000006e8       0x80 build/stm32f1xx_hal_dma.o
 .debug_aranges
                0x00000768       0x90 build/stm32f1xx_hal_cortex.o
 .debug_aranges
                0x000007f8       0xa8 build/stm32f1xx_hal_pwr.o
 .debug_aranges
                0x000008a0       0xf8 build/stm32f1xx_hal_rtc.o
 .debug_aranges
                0x00000998       0x88 build/stm32f1xx_hal_rtc_ex.o
 .debug_aranges
                0x00000a20      0x3a8 build/stm32f1xx_hal_tim.o
 .debug_aranges
                0x00000dc8      0x150 build/stm32f1xx_hal_tim_ex.o
 .debug_aranges
                0x00000f18      0x1d0 build/stm32f1xx_hal_uart.o
 .debug_aranges
                0x000010e8       0x28 build/system_stm32f1xx.o
 .debug_aranges
                0x00001110       0x28 build/startup_stm32f103xe.o

.debug_ranges   0x00000000     0x1070
 .debug_ranges  0x00000000       0x28 build/main.o
 .debug_ranges  0x00000028       0x10 build/gpio.o
 .debug_ranges  0x00000038       0x20 build/i2c.o
 .debug_ranges  0x00000058       0x38 build/rtc.o
 .debug_ranges  0x00000090       0x28 build/tim.o
 .debug_ranges  0x000000b8       0x80 build/oled.o
 .debug_ranges  0x00000138       0x20 build/usart.o
 .debug_ranges  0x00000158       0x68 build/stm32f1xx_it.o
 .debug_ranges  0x000001c0       0x10 build/stm32f1xx_hal_msp.o
 .debug_ranges  0x000001d0      0x298 build/stm32f1xx_hal_i2c.o
 .debug_ranges  0x00000468       0xd0 build/stm32f1xx_hal.o
 .debug_ranges  0x00000538       0xa0 build/stm32f1xx_hal_rcc.o
 .debug_ranges  0x000005d8       0x38 build/stm32f1xx_hal_rcc_ex.o
 .debug_ranges  0x00000610       0x48 build/stm32f1xx_hal_gpio.o
 .debug_ranges  0x00000658       0x70 build/stm32f1xx_hal_dma.o
 .debug_ranges  0x000006c8       0xe0 build/stm32f1xx_hal_cortex.o
 .debug_ranges  0x000007a8       0x98 build/stm32f1xx_hal_pwr.o
 .debug_ranges  0x00000840       0xe8 build/stm32f1xx_hal_rtc.o
 .debug_ranges  0x00000928       0x78 build/stm32f1xx_hal_rtc_ex.o
 .debug_ranges  0x000009a0      0x398 build/stm32f1xx_hal_tim.o
 .debug_ranges  0x00000d38      0x140 build/stm32f1xx_hal_tim_ex.o
 .debug_ranges  0x00000e78      0x1c0 build/stm32f1xx_hal_uart.o
 .debug_ranges  0x00001038       0x18 build/system_stm32f1xx.o
 .debug_ranges  0x00001050       0x20 build/startup_stm32f103xe.o

.debug_line     0x00000000    0x11fed
 .debug_line    0x00000000      0x49a build/main.o
 .debug_line    0x0000049a      0x196 build/gpio.o
 .debug_line    0x00000630      0x2da build/i2c.o
 .debug_line    0x0000090a      0x389 build/rtc.o
 .debug_line    0x00000c93      0x327 build/tim.o
 .debug_line    0x00000fba      0x6c4 build/oled.o
 .debug_line    0x0000167e      0x30f build/usart.o
 .debug_line    0x0000198d      0x347 build/stm32f1xx_it.o
 .debug_line    0x00001cd4      0x1a4 build/stm32f1xx_hal_msp.o
 .debug_line    0x00001e78     0x4f1c build/stm32f1xx_hal_i2c.o
 .debug_line    0x00006d94      0x4e8 build/stm32f1xx_hal.o
 .debug_line    0x0000727c      0xc09 build/stm32f1xx_hal_rcc.o
 .debug_line    0x00007e85      0x4be build/stm32f1xx_hal_rcc_ex.o
 .debug_line    0x00008343      0x600 build/stm32f1xx_hal_gpio.o
 .debug_line    0x00008943      0xcf9 build/stm32f1xx_hal_dma.o
 .debug_line    0x0000963c      0x642 build/stm32f1xx_hal_cortex.o
 .debug_line    0x00009c7e      0x447 build/stm32f1xx_hal_pwr.o
 .debug_line    0x0000a0c5     0x1159 build/stm32f1xx_hal_rtc.o
 .debug_line    0x0000b21e      0x70b build/stm32f1xx_hal_rtc_ex.o
 .debug_line    0x0000b929     0x3678 build/stm32f1xx_hal_tim.o
 .debug_line    0x0000efa1     0x119d build/stm32f1xx_hal_tim_ex.o
 .debug_line    0x0001013e     0x1bab build/stm32f1xx_hal_uart.o
 .debug_line    0x00011ce9      0x292 build/system_stm32f1xx.o
 .debug_line    0x00011f7b       0x72 build/startup_stm32f103xe.o

.debug_str      0x00000000     0x4ead
 .debug_str     0x00000000     0x1190 build/main.o
                               0x12b8 (size before relaxing)
 .debug_str     0x00001190       0x63 build/gpio.o
                                0x29c (size before relaxing)
 .debug_str     0x000011f3       0x9e build/i2c.o
                                0x7ed (size before relaxing)
 .debug_str     0x00001291      0x4fd build/rtc.o
                                0x95f (size before relaxing)
 .debug_str     0x0000178e       0xf4 build/tim.o
                                0xb70 (size before relaxing)
 .debug_str     0x00001882      0x110 build/oled.o
                                0x835 (size before relaxing)
 .debug_str     0x00001992       0x49 build/usart.o
                                0xb0d (size before relaxing)
 .debug_str     0x000019db      0x11f build/stm32f1xx_it.o
                                0x9fd (size before relaxing)
 .debug_str     0x00001afa       0x52 build/stm32f1xx_hal_msp.o
                                0x2d6 (size before relaxing)
 .debug_str     0x00001b4c      0x8c9 build/stm32f1xx_hal_i2c.o
                               0x101f (size before relaxing)
 .debug_str     0x00002415      0x252 build/stm32f1xx_hal.o
                                0x92d (size before relaxing)
 .debug_str     0x00002667      0x1c2 build/stm32f1xx_hal_rcc.o
                                0x69e (size before relaxing)
 .debug_str     0x00002829       0x9c build/stm32f1xx_hal_rcc_ex.o
                                0x4bb (size before relaxing)
 .debug_str     0x000028c5      0x140 build/stm32f1xx_hal_gpio.o
                                0x4bc (size before relaxing)
 .debug_str     0x00002a05      0x204 build/stm32f1xx_hal_dma.o
                                0x6b9 (size before relaxing)
 .debug_str     0x00002c09      0x391 build/stm32f1xx_hal_cortex.o
                                0xa4f (size before relaxing)
 .debug_str     0x00002f9a      0x201 build/stm32f1xx_hal_pwr.o
                                0x545 (size before relaxing)
 .debug_str     0x0000319b      0x33e build/stm32f1xx_hal_rtc.o
                                0x864 (size before relaxing)
 .debug_str     0x000034d9      0x206 build/stm32f1xx_hal_rtc_ex.o
                                0x6f6 (size before relaxing)
 .debug_str     0x000036df      0xdb5 build/stm32f1xx_hal_tim.o
                               0x14ed (size before relaxing)
 .debug_str     0x00004494      0x4d5 build/stm32f1xx_hal_tim_ex.o
                                0xd05 (size before relaxing)
 .debug_str     0x00004969      0x4d6 build/stm32f1xx_hal_uart.o
                                0xc35 (size before relaxing)
 .debug_str     0x00004e3f       0x4a build/system_stm32f1xx.o
                                0x32b (size before relaxing)
 .debug_str     0x00004e89       0x24 build/startup_stm32f103xe.o
                                 0x36 (size before relaxing)

.comment        0x00000000       0x79
 .comment       0x00000000       0x79 build/main.o
                                 0x7a (size before relaxing)
 .comment       0x00000079       0x7a build/gpio.o
 .comment       0x00000079       0x7a build/i2c.o
 .comment       0x00000079       0x7a build/rtc.o
 .comment       0x00000079       0x7a build/tim.o
 .comment       0x00000079       0x7a build/oled.o
 .comment       0x00000079       0x7a build/usart.o
 .comment       0x00000079       0x7a build/stm32f1xx_it.o
 .comment       0x00000079       0x7a build/stm32f1xx_hal_msp.o
 .comment       0x00000079       0x7a build/stm32f1xx_hal_i2c.o
 .comment       0x00000079       0x7a build/stm32f1xx_hal.o
 .comment       0x00000079       0x7a build/stm32f1xx_hal_rcc.o
 .comment       0x00000079       0x7a build/stm32f1xx_hal_rcc_ex.o
 .comment       0x00000079       0x7a build/stm32f1xx_hal_gpio.o
 .comment       0x00000079       0x7a build/stm32f1xx_hal_dma.o
 .comment       0x00000079       0x7a build/stm32f1xx_hal_cortex.o
 .comment       0x00000079       0x7a build/stm32f1xx_hal_pwr.o
 .comment       0x00000079       0x7a build/stm32f1xx_hal_rtc.o
 .comment       0x00000079       0x7a build/stm32f1xx_hal_rtc_ex.o
 .comment       0x00000079       0x7a build/stm32f1xx_hal_tim.o
 .comment       0x00000079       0x7a build/stm32f1xx_hal_tim_ex.o
 .comment       0x00000079       0x7a build/stm32f1xx_hal_uart.o
 .comment       0x00000079       0x7a build/system_stm32f1xx.o

.debug_frame    0x00000000     0x3464
 .debug_frame   0x00000000       0x84 build/main.o
 .debug_frame   0x00000084       0x28 build/gpio.o
 .debug_frame   0x000000ac       0x6c build/i2c.o
 .debug_frame   0x00000118       0xc0 build/rtc.o
 .debug_frame   0x000001d8       0x78 build/tim.o
 .debug_frame   0x00000250      0x1fc build/oled.o
 .debug_frame   0x0000044c       0x70 build/usart.o
 .debug_frame   0x000004bc      0x100 build/stm32f1xx_it.o
 .debug_frame   0x000005bc       0x28 build/stm32f1xx_hal_msp.o
 .debug_frame   0x000005e4      0xa60 build/stm32f1xx_hal_i2c.o
 .debug_frame   0x00001044      0x1e0 build/stm32f1xx_hal.o
 .debug_frame   0x00001224      0x1c0 build/stm32f1xx_hal_rcc.o
 .debug_frame   0x000013e4       0x6c build/stm32f1xx_hal_rcc_ex.o
 .debug_frame   0x00001450      0x104 build/stm32f1xx_hal_gpio.o
 .debug_frame   0x00001554      0x168 build/stm32f1xx_hal_dma.o
 .debug_frame   0x000016bc      0x13c build/stm32f1xx_hal_cortex.o
 .debug_frame   0x000017f8      0x148 build/stm32f1xx_hal_pwr.o
 .debug_frame   0x00001940      0x3ec build/stm32f1xx_hal_rtc.o
 .debug_frame   0x00001d2c      0x140 build/stm32f1xx_hal_rtc_ex.o
 .debug_frame   0x00001e6c      0xbd0 build/stm32f1xx_hal_tim.o
 .debug_frame   0x00002a3c      0x430 build/stm32f1xx_hal_tim_ex.o
 .debug_frame   0x00002e6c      0x574 build/stm32f1xx_hal_uart.o
 .debug_frame   0x000033e0       0x30 build/system_stm32f1xx.o
 .debug_frame   0x00003410       0x2c f:/work_project/9 2019-q4-major/bin/../lib/gcc/arm-none-eabi/9.2.1/../../../../arm-none-eabi/lib/thumb/v7-m/nofp\libc_nano.a(lib_a-init.o)
 .debug_frame   0x0000343c       0x28 f:/work_project/9 2019-q4-major/bin/../lib/gcc/arm-none-eabi/9.2.1/../../../../arm-none-eabi/lib/thumb/v7-m/nofp\libc_nano.a(lib_a-memcpy-stub.o)

Cross Reference Table

Symbol                                            File
ADC1_2_IRQHandler                                 build/startup_stm32f103xe.o
ADC3_IRQHandler                                   build/startup_stm32f103xe.o
AHBPrescTable                                     build/system_stm32f1xx.o
                                                  build/stm32f1xx_hal_rcc.o
APBPrescTable                                     build/system_stm32f1xx.o
                                                  build/stm32f1xx_hal_rcc.o
ASC_16                                            build/oled.o
BusFault_Handler                                  build/stm32f1xx_it.o
CAN1_RX1_IRQHandler                               build/startup_stm32f103xe.o
CAN1_SCE_IRQHandler                               build/startup_stm32f103xe.o
DMA1_Channel1_IRQHandler                          build/startup_stm32f103xe.o
DMA1_Channel2_IRQHandler                          build/startup_stm32f103xe.o
DMA1_Channel3_IRQHandler                          build/startup_stm32f103xe.o
DMA1_Channel4_IRQHandler                          build/startup_stm32f103xe.o
DMA1_Channel5_IRQHandler                          build/startup_stm32f103xe.o
DMA1_Channel6_IRQHandler                          build/startup_stm32f103xe.o
DMA1_Channel7_IRQHandler                          build/startup_stm32f103xe.o
DMA2_Channel1_IRQHandler                          build/startup_stm32f103xe.o
DMA2_Channel2_IRQHandler                          build/startup_stm32f103xe.o
DMA2_Channel3_IRQHandler                          build/startup_stm32f103xe.o
DMA2_Channel4_5_IRQHandler                        build/startup_stm32f103xe.o
DebugMon_Handler                                  build/stm32f1xx_it.o
Default_Handler                                   build/startup_stm32f103xe.o
EXTI0_IRQHandler                                  build/startup_stm32f103xe.o
EXTI15_10_IRQHandler                              build/startup_stm32f103xe.o
EXTI1_IRQHandler                                  build/startup_stm32f103xe.o
EXTI2_IRQHandler                                  build/startup_stm32f103xe.o
EXTI3_IRQHandler                                  build/startup_stm32f103xe.o
EXTI4_IRQHandler                                  build/startup_stm32f103xe.o
EXTI9_5_IRQHandler                                build/startup_stm32f103xe.o
Error_Handler                                     build/main.o
                                                  build/usart.o
                                                  build/tim.o
                                                  build/rtc.o
                                                  build/i2c.o
FLASH_IRQHandler                                  build/startup_stm32f103xe.o
FLASH_PageErase                                   build/stm32f1xx_hal_flash_ex.o
                                                  build/stm32f1xx_hal_flash.o
FLASH_WaitForLastOperation                        build/stm32f1xx_hal_flash.o
                                                  build/stm32f1xx_hal_flash_ex.o
FSMC_IRQHandler                                   build/startup_stm32f103xe.o
GB_16                                             build/oled.o
HAL_DBGMCU_DisableDBGSleepMode                    build/stm32f1xx_hal.o
HAL_DBGMCU_DisableDBGStandbyMode                  build/stm32f1xx_hal.o
HAL_DBGMCU_DisableDBGStopMode                     build/stm32f1xx_hal.o
HAL_DBGMCU_EnableDBGSleepMode                     build/stm32f1xx_hal.o
HAL_DBGMCU_EnableDBGStandbyMode                   build/stm32f1xx_hal.o
HAL_DBGMCU_EnableDBGStopMode                      build/stm32f1xx_hal.o
HAL_DMA_Abort                                     build/stm32f1xx_hal_dma.o
                                                  build/stm32f1xx_hal_uart.o
HAL_DMA_Abort_IT                                  build/stm32f1xx_hal_dma.o
                                                  build/stm32f1xx_hal_uart.o
                                                  build/stm32f1xx_hal_tim_ex.o
                                                  build/stm32f1xx_hal_tim.o
                                                  build/stm32f1xx_hal_i2c.o
HAL_DMA_DeInit                                    build/stm32f1xx_hal_dma.o
HAL_DMA_GetError                                  build/stm32f1xx_hal_dma.o
                                                  build/stm32f1xx_hal_uart.o
HAL_DMA_GetState                                  build/stm32f1xx_hal_dma.o
                                                  build/stm32f1xx_hal_i2c.o
HAL_DMA_IRQHandler                                build/stm32f1xx_hal_dma.o
HAL_DMA_Init                                      build/stm32f1xx_hal_dma.o
HAL_DMA_PollForTransfer                           build/stm32f1xx_hal_dma.o
HAL_DMA_RegisterCallback                          build/stm32f1xx_hal_dma.o
HAL_DMA_Start                                     build/stm32f1xx_hal_dma.o
HAL_DMA_Start_IT                                  build/stm32f1xx_hal_dma.o
                                                  build/stm32f1xx_hal_uart.o
                                                  build/stm32f1xx_hal_tim_ex.o
                                                  build/stm32f1xx_hal_tim.o
                                                  build/stm32f1xx_hal_i2c.o
HAL_DMA_UnRegisterCallback                        build/stm32f1xx_hal_dma.o
HAL_DeInit                                        build/stm32f1xx_hal.o
HAL_Delay                                         build/stm32f1xx_hal.o
                                                  build/main.o
HAL_EXTI_ClearConfigLine                          build/stm32f1xx_hal_exti.o
HAL_EXTI_ClearPending                             build/stm32f1xx_hal_exti.o
HAL_EXTI_GenerateSWI                              build/stm32f1xx_hal_exti.o
HAL_EXTI_GetConfigLine                            build/stm32f1xx_hal_exti.o
HAL_EXTI_GetHandle                                build/stm32f1xx_hal_exti.o
HAL_EXTI_GetPending                               build/stm32f1xx_hal_exti.o
HAL_EXTI_IRQHandler                               build/stm32f1xx_hal_exti.o
HAL_EXTI_RegisterCallback                         build/stm32f1xx_hal_exti.o
HAL_EXTI_SetConfigLine                            build/stm32f1xx_hal_exti.o
HAL_FLASHEx_Erase                                 build/stm32f1xx_hal_flash_ex.o
HAL_FLASHEx_Erase_IT                              build/stm32f1xx_hal_flash_ex.o
HAL_FLASHEx_OBErase                               build/stm32f1xx_hal_flash_ex.o
HAL_FLASHEx_OBGetConfig                           build/stm32f1xx_hal_flash_ex.o
HAL_FLASHEx_OBGetUserData                         build/stm32f1xx_hal_flash_ex.o
HAL_FLASHEx_OBProgram                             build/stm32f1xx_hal_flash_ex.o
HAL_FLASH_EndOfOperationCallback                  build/stm32f1xx_hal_flash.o
HAL_FLASH_GetError                                build/stm32f1xx_hal_flash.o
HAL_FLASH_IRQHandler                              build/stm32f1xx_hal_flash.o
HAL_FLASH_Lock                                    build/stm32f1xx_hal_flash.o
HAL_FLASH_OB_Launch                               build/stm32f1xx_hal_flash.o
HAL_FLASH_OB_Lock                                 build/stm32f1xx_hal_flash.o
HAL_FLASH_OB_Unlock                               build/stm32f1xx_hal_flash.o
HAL_FLASH_OperationErrorCallback                  build/stm32f1xx_hal_flash.o
HAL_FLASH_Program                                 build/stm32f1xx_hal_flash.o
HAL_FLASH_Program_IT                              build/stm32f1xx_hal_flash.o
HAL_FLASH_Unlock                                  build/stm32f1xx_hal_flash.o
HAL_GPIOEx_ConfigEventout                         build/stm32f1xx_hal_gpio_ex.o
HAL_GPIOEx_DisableEventout                        build/stm32f1xx_hal_gpio_ex.o
HAL_GPIOEx_EnableEventout                         build/stm32f1xx_hal_gpio_ex.o
HAL_GPIO_DeInit                                   build/stm32f1xx_hal_gpio.o
                                                  build/usart.o
                                                  build/i2c.o
HAL_GPIO_EXTI_Callback                            build/stm32f1xx_hal_gpio.o
HAL_GPIO_EXTI_IRQHandler                          build/stm32f1xx_hal_gpio.o
HAL_GPIO_Init                                     build/stm32f1xx_hal_gpio.o
                                                  build/stm32f1xx_hal_rcc.o
                                                  build/usart.o
                                                  build/i2c.o
HAL_GPIO_LockPin                                  build/stm32f1xx_hal_gpio.o
HAL_GPIO_ReadPin                                  build/stm32f1xx_hal_gpio.o
HAL_GPIO_TogglePin                                build/stm32f1xx_hal_gpio.o
HAL_GPIO_WritePin                                 build/stm32f1xx_hal_gpio.o
HAL_GetDEVID                                      build/stm32f1xx_hal.o
HAL_GetHalVersion                                 build/stm32f1xx_hal.o
HAL_GetREVID                                      build/stm32f1xx_hal.o
HAL_GetTick                                       build/stm32f1xx_hal.o
                                                  build/stm32f1xx_hal_uart.o
                                                  build/stm32f1xx_hal_rtc_ex.o
                                                  build/stm32f1xx_hal_rtc.o
                                                  build/stm32f1xx_hal_flash.o
                                                  build/stm32f1xx_hal_dma.o
                                                  build/stm32f1xx_hal_rcc_ex.o
                                                  build/stm32f1xx_hal_rcc.o
                                                  build/stm32f1xx_hal_i2c.o
HAL_GetTickFreq                                   build/stm32f1xx_hal.o
HAL_GetTickPrio                                   build/stm32f1xx_hal.o
HAL_GetUIDw0                                      build/stm32f1xx_hal.o
HAL_GetUIDw1                                      build/stm32f1xx_hal.o
HAL_GetUIDw2                                      build/stm32f1xx_hal.o
HAL_HalfDuplex_EnableReceiver                     build/stm32f1xx_hal_uart.o
HAL_HalfDuplex_EnableTransmitter                  build/stm32f1xx_hal_uart.o
HAL_HalfDuplex_Init                               build/stm32f1xx_hal_uart.o
HAL_I2C_AbortCpltCallback                         build/stm32f1xx_hal_i2c.o
HAL_I2C_AddrCallback                              build/stm32f1xx_hal_i2c.o
HAL_I2C_DeInit                                    build/stm32f1xx_hal_i2c.o
HAL_I2C_DisableListen_IT                          build/stm32f1xx_hal_i2c.o
HAL_I2C_ER_IRQHandler                             build/stm32f1xx_hal_i2c.o
HAL_I2C_EV_IRQHandler                             build/stm32f1xx_hal_i2c.o
HAL_I2C_EnableListen_IT                           build/stm32f1xx_hal_i2c.o
HAL_I2C_ErrorCallback                             build/stm32f1xx_hal_i2c.o
HAL_I2C_GetError                                  build/stm32f1xx_hal_i2c.o
HAL_I2C_GetMode                                   build/stm32f1xx_hal_i2c.o
HAL_I2C_GetState                                  build/stm32f1xx_hal_i2c.o
HAL_I2C_Init                                      build/stm32f1xx_hal_i2c.o
                                                  build/i2c.o
HAL_I2C_IsDeviceReady                             build/stm32f1xx_hal_i2c.o
HAL_I2C_ListenCpltCallback                        build/stm32f1xx_hal_i2c.o
HAL_I2C_MasterRxCpltCallback                      build/stm32f1xx_hal_i2c.o
HAL_I2C_MasterTxCpltCallback                      build/stm32f1xx_hal_i2c.o
HAL_I2C_Master_Abort_IT                           build/stm32f1xx_hal_i2c.o
HAL_I2C_Master_Receive                            build/stm32f1xx_hal_i2c.o
HAL_I2C_Master_Receive_DMA                        build/stm32f1xx_hal_i2c.o
HAL_I2C_Master_Receive_IT                         build/stm32f1xx_hal_i2c.o
HAL_I2C_Master_Seq_Receive_DMA                    build/stm32f1xx_hal_i2c.o
HAL_I2C_Master_Seq_Receive_IT                     build/stm32f1xx_hal_i2c.o
HAL_I2C_Master_Seq_Transmit_DMA                   build/stm32f1xx_hal_i2c.o
HAL_I2C_Master_Seq_Transmit_IT                    build/stm32f1xx_hal_i2c.o
HAL_I2C_Master_Transmit                           build/stm32f1xx_hal_i2c.o
HAL_I2C_Master_Transmit_DMA                       build/stm32f1xx_hal_i2c.o
HAL_I2C_Master_Transmit_IT                        build/stm32f1xx_hal_i2c.o
HAL_I2C_MemRxCpltCallback                         build/stm32f1xx_hal_i2c.o
HAL_I2C_MemTxCpltCallback                         build/stm32f1xx_hal_i2c.o
HAL_I2C_Mem_Read                                  build/stm32f1xx_hal_i2c.o
HAL_I2C_Mem_Read_DMA                              build/stm32f1xx_hal_i2c.o
HAL_I2C_Mem_Read_IT                               build/stm32f1xx_hal_i2c.o
HAL_I2C_Mem_Write                                 build/stm32f1xx_hal_i2c.o
                                                  build/oled.o
HAL_I2C_Mem_Write_DMA                             build/stm32f1xx_hal_i2c.o
HAL_I2C_Mem_Write_IT                              build/stm32f1xx_hal_i2c.o
HAL_I2C_MspDeInit                                 build/i2c.o
HAL_I2C_MspInit                                   build/i2c.o
HAL_I2C_SlaveRxCpltCallback                       build/stm32f1xx_hal_i2c.o
HAL_I2C_SlaveTxCpltCallback                       build/stm32f1xx_hal_i2c.o
HAL_I2C_Slave_Receive                             build/stm32f1xx_hal_i2c.o
HAL_I2C_Slave_Receive_DMA                         build/stm32f1xx_hal_i2c.o
HAL_I2C_Slave_Receive_IT                          build/stm32f1xx_hal_i2c.o
HAL_I2C_Slave_Seq_Receive_DMA                     build/stm32f1xx_hal_i2c.o
HAL_I2C_Slave_Seq_Receive_IT                      build/stm32f1xx_hal_i2c.o
HAL_I2C_Slave_Seq_Transmit_DMA                    build/stm32f1xx_hal_i2c.o
HAL_I2C_Slave_Seq_Transmit_IT                     build/stm32f1xx_hal_i2c.o
HAL_I2C_Slave_Transmit                            build/stm32f1xx_hal_i2c.o
HAL_I2C_Slave_Transmit_DMA                        build/stm32f1xx_hal_i2c.o
HAL_I2C_Slave_Transmit_IT                         build/stm32f1xx_hal_i2c.o
HAL_IncTick                                       build/stm32f1xx_hal.o
                                                  build/stm32f1xx_it.o
HAL_Init                                          build/stm32f1xx_hal.o
                                                  build/main.o
HAL_InitTick                                      build/stm32f1xx_hal.o
                                                  build/stm32f1xx_hal_rcc.o
HAL_LIN_Init                                      build/stm32f1xx_hal_uart.o
HAL_LIN_SendBreak                                 build/stm32f1xx_hal_uart.o
HAL_MspDeInit                                     build/stm32f1xx_hal.o
HAL_MspInit                                       build/stm32f1xx_hal_msp.o
HAL_MultiProcessor_EnterMuteMode                  build/stm32f1xx_hal_uart.o
HAL_MultiProcessor_ExitMuteMode                   build/stm32f1xx_hal_uart.o
HAL_MultiProcessor_Init                           build/stm32f1xx_hal_uart.o
HAL_NVIC_ClearPendingIRQ                          build/stm32f1xx_hal_cortex.o
HAL_NVIC_DisableIRQ                               build/stm32f1xx_hal_cortex.o
                                                  build/usart.o
                                                  build/tim.o
                                                  build/rtc.o
HAL_NVIC_EnableIRQ                                build/stm32f1xx_hal_cortex.o
                                                  build/usart.o
                                                  build/tim.o
                                                  build/rtc.o
HAL_NVIC_GetActive                                build/stm32f1xx_hal_cortex.o
HAL_NVIC_GetPendingIRQ                            build/stm32f1xx_hal_cortex.o
HAL_NVIC_GetPriority                              build/stm32f1xx_hal_cortex.o
HAL_NVIC_GetPriorityGrouping                      build/stm32f1xx_hal_cortex.o
HAL_NVIC_SetPendingIRQ                            build/stm32f1xx_hal_cortex.o
HAL_NVIC_SetPriority                              build/stm32f1xx_hal_cortex.o
                                                  build/stm32f1xx_hal.o
                                                  build/usart.o
                                                  build/tim.o
                                                  build/rtc.o
HAL_NVIC_SetPriorityGrouping                      build/stm32f1xx_hal_cortex.o
                                                  build/stm32f1xx_hal.o
HAL_NVIC_SystemReset                              build/stm32f1xx_hal_cortex.o
                                                  build/stm32f1xx_hal_flash.o
HAL_PWR_ConfigPVD                                 build/stm32f1xx_hal_pwr.o
HAL_PWR_DeInit                                    build/stm32f1xx_hal_pwr.o
HAL_PWR_DisableBkUpAccess                         build/stm32f1xx_hal_pwr.o
HAL_PWR_DisablePVD                                build/stm32f1xx_hal_pwr.o
HAL_PWR_DisableSEVOnPend                          build/stm32f1xx_hal_pwr.o
HAL_PWR_DisableSleepOnExit                        build/stm32f1xx_hal_pwr.o
HAL_PWR_DisableWakeUpPin                          build/stm32f1xx_hal_pwr.o
HAL_PWR_EnableBkUpAccess                          build/stm32f1xx_hal_pwr.o
                                                  build/rtc.o
HAL_PWR_EnablePVD                                 build/stm32f1xx_hal_pwr.o
HAL_PWR_EnableSEVOnPend                           build/stm32f1xx_hal_pwr.o
HAL_PWR_EnableSleepOnExit                         build/stm32f1xx_hal_pwr.o
HAL_PWR_EnableWakeUpPin                           build/stm32f1xx_hal_pwr.o
HAL_PWR_EnterSLEEPMode                            build/stm32f1xx_hal_pwr.o
HAL_PWR_EnterSTANDBYMode                          build/stm32f1xx_hal_pwr.o
HAL_PWR_EnterSTOPMode                             build/stm32f1xx_hal_pwr.o
HAL_PWR_PVDCallback                               build/stm32f1xx_hal_pwr.o
HAL_PWR_PVD_IRQHandler                            build/stm32f1xx_hal_pwr.o
HAL_RCCEx_GetPeriphCLKConfig                      build/stm32f1xx_hal_rcc_ex.o
HAL_RCCEx_GetPeriphCLKFreq                        build/stm32f1xx_hal_rcc_ex.o
                                                  build/stm32f1xx_hal_rtc.o
HAL_RCCEx_PeriphCLKConfig                         build/stm32f1xx_hal_rcc_ex.o
                                                  build/main.o
HAL_RCC_CSSCallback                               build/stm32f1xx_hal_rcc.o
HAL_RCC_ClockConfig                               build/stm32f1xx_hal_rcc.o
                                                  build/main.o
HAL_RCC_DeInit                                    build/stm32f1xx_hal_rcc.o
HAL_RCC_DisableCSS                                build/stm32f1xx_hal_rcc.o
HAL_RCC_EnableCSS                                 build/stm32f1xx_hal_rcc.o
HAL_RCC_GetClockConfig                            build/stm32f1xx_hal_rcc.o
HAL_RCC_GetHCLKFreq                               build/stm32f1xx_hal_rcc.o
HAL_RCC_GetOscConfig                              build/stm32f1xx_hal_rcc.o
HAL_RCC_GetPCLK1Freq                              build/stm32f1xx_hal_rcc.o
                                                  build/stm32f1xx_hal_uart.o
                                                  build/stm32f1xx_hal_i2c.o
HAL_RCC_GetPCLK2Freq                              build/stm32f1xx_hal_rcc.o
                                                  build/stm32f1xx_hal_uart.o
                                                  build/stm32f1xx_hal_rcc_ex.o
HAL_RCC_GetSysClockFreq                           build/stm32f1xx_hal_rcc.o
                                                  build/stm32f1xx_hal_rcc_ex.o
HAL_RCC_MCOConfig                                 build/stm32f1xx_hal_rcc.o
HAL_RCC_NMI_IRQHandler                            build/stm32f1xx_hal_rcc.o
HAL_RCC_OscConfig                                 build/stm32f1xx_hal_rcc.o
                                                  build/main.o
HAL_RTCEx_BKUPRead                                build/stm32f1xx_hal_rtc_ex.o
HAL_RTCEx_BKUPWrite                               build/stm32f1xx_hal_rtc_ex.o
HAL_RTCEx_DeactivateSecond                        build/stm32f1xx_hal_rtc_ex.o
HAL_RTCEx_DeactivateTamper                        build/stm32f1xx_hal_rtc_ex.o
HAL_RTCEx_PollForTamper1Event                     build/stm32f1xx_hal_rtc_ex.o
HAL_RTCEx_RTCEventCallback                        build/stm32f1xx_hal_rtc_ex.o
HAL_RTCEx_RTCEventErrorCallback                   build/stm32f1xx_hal_rtc_ex.o
HAL_RTCEx_RTCIRQHandler                           build/stm32f1xx_hal_rtc_ex.o
                                                  build/stm32f1xx_it.o
HAL_RTCEx_SetSecond_IT                            build/stm32f1xx_hal_rtc_ex.o
HAL_RTCEx_SetSmoothCalib                          build/stm32f1xx_hal_rtc_ex.o
HAL_RTCEx_SetTamper                               build/stm32f1xx_hal_rtc_ex.o
HAL_RTCEx_SetTamper_IT                            build/stm32f1xx_hal_rtc_ex.o
HAL_RTCEx_Tamper1EventCallback                    build/stm32f1xx_hal_rtc_ex.o
HAL_RTCEx_TamperIRQHandler                        build/stm32f1xx_hal_rtc_ex.o
HAL_RTC_AlarmAEventCallback                       build/stm32f1xx_hal_rtc.o
HAL_RTC_AlarmIRQHandler                           build/stm32f1xx_hal_rtc.o
HAL_RTC_DeInit                                    build/stm32f1xx_hal_rtc.o
HAL_RTC_DeactivateAlarm                           build/stm32f1xx_hal_rtc.o
HAL_RTC_GetAlarm                                  build/stm32f1xx_hal_rtc.o
HAL_RTC_GetDate                                   build/stm32f1xx_hal_rtc.o
                                                  build/rtc.o
HAL_RTC_GetState                                  build/stm32f1xx_hal_rtc.o
HAL_RTC_GetTime                                   build/stm32f1xx_hal_rtc.o
                                                  build/rtc.o
HAL_RTC_Init                                      build/stm32f1xx_hal_rtc.o
                                                  build/rtc.o
HAL_RTC_MspDeInit                                 build/rtc.o
HAL_RTC_MspInit                                   build/rtc.o
HAL_RTC_PollForAlarmAEvent                        build/stm32f1xx_hal_rtc.o
HAL_RTC_SetAlarm                                  build/stm32f1xx_hal_rtc.o
HAL_RTC_SetAlarm_IT                               build/stm32f1xx_hal_rtc.o
HAL_RTC_SetDate                                   build/stm32f1xx_hal_rtc.o
                                                  build/rtc.o
HAL_RTC_SetTime                                   build/stm32f1xx_hal_rtc.o
                                                  build/rtc.o
HAL_RTC_WaitForSynchro                            build/stm32f1xx_hal_rtc.o
HAL_ResumeTick                                    build/stm32f1xx_hal.o
HAL_SYSTICK_CLKSourceConfig                       build/stm32f1xx_hal_cortex.o
HAL_SYSTICK_Callback                              build/stm32f1xx_hal_cortex.o
HAL_SYSTICK_Config                                build/stm32f1xx_hal_cortex.o
                                                  build/stm32f1xx_hal.o
HAL_SYSTICK_IRQHandler                            build/stm32f1xx_hal_cortex.o
HAL_SetTickFreq                                   build/stm32f1xx_hal.o
HAL_SuspendTick                                   build/stm32f1xx_hal.o
HAL_TIMEx_BreakCallback                           build/stm32f1xx_hal_tim_ex.o
                                                  build/stm32f1xx_hal_tim.o
HAL_TIMEx_CommutCallback                          build/stm32f1xx_hal_tim_ex.o
                                                  build/stm32f1xx_hal_tim.o
HAL_TIMEx_CommutHalfCpltCallback                  build/stm32f1xx_hal_tim_ex.o
HAL_TIMEx_ConfigBreakDeadTime                     build/stm32f1xx_hal_tim_ex.o
HAL_TIMEx_ConfigCommutEvent                       build/stm32f1xx_hal_tim_ex.o
HAL_TIMEx_ConfigCommutEvent_DMA                   build/stm32f1xx_hal_tim_ex.o
HAL_TIMEx_ConfigCommutEvent_IT                    build/stm32f1xx_hal_tim_ex.o
HAL_TIMEx_HallSensor_DeInit                       build/stm32f1xx_hal_tim_ex.o
HAL_TIMEx_HallSensor_GetState                     build/stm32f1xx_hal_tim_ex.o
HAL_TIMEx_HallSensor_Init                         build/stm32f1xx_hal_tim_ex.o
HAL_TIMEx_HallSensor_MspDeInit                    build/stm32f1xx_hal_tim_ex.o
HAL_TIMEx_HallSensor_MspInit                      build/stm32f1xx_hal_tim_ex.o
HAL_TIMEx_HallSensor_Start                        build/stm32f1xx_hal_tim_ex.o
HAL_TIMEx_HallSensor_Start_DMA                    build/stm32f1xx_hal_tim_ex.o
HAL_TIMEx_HallSensor_Start_IT                     build/stm32f1xx_hal_tim_ex.o
HAL_TIMEx_HallSensor_Stop                         build/stm32f1xx_hal_tim_ex.o
HAL_TIMEx_HallSensor_Stop_DMA                     build/stm32f1xx_hal_tim_ex.o
HAL_TIMEx_HallSensor_Stop_IT                      build/stm32f1xx_hal_tim_ex.o
HAL_TIMEx_MasterConfigSynchronization             build/stm32f1xx_hal_tim_ex.o
                                                  build/tim.o
HAL_TIMEx_OCN_Start                               build/stm32f1xx_hal_tim_ex.o
HAL_TIMEx_OCN_Start_DMA                           build/stm32f1xx_hal_tim_ex.o
HAL_TIMEx_OCN_Start_IT                            build/stm32f1xx_hal_tim_ex.o
HAL_TIMEx_OCN_Stop                                build/stm32f1xx_hal_tim_ex.o
HAL_TIMEx_OCN_Stop_DMA                            build/stm32f1xx_hal_tim_ex.o
HAL_TIMEx_OCN_Stop_IT                             build/stm32f1xx_hal_tim_ex.o
HAL_TIMEx_OnePulseN_Start                         build/stm32f1xx_hal_tim_ex.o
HAL_TIMEx_OnePulseN_Start_IT                      build/stm32f1xx_hal_tim_ex.o
HAL_TIMEx_OnePulseN_Stop                          build/stm32f1xx_hal_tim_ex.o
HAL_TIMEx_OnePulseN_Stop_IT                       build/stm32f1xx_hal_tim_ex.o
HAL_TIMEx_PWMN_Start                              build/stm32f1xx_hal_tim_ex.o
HAL_TIMEx_PWMN_Start_DMA                          build/stm32f1xx_hal_tim_ex.o
HAL_TIMEx_PWMN_Start_IT                           build/stm32f1xx_hal_tim_ex.o
HAL_TIMEx_PWMN_Stop                               build/stm32f1xx_hal_tim_ex.o
HAL_TIMEx_PWMN_Stop_DMA                           build/stm32f1xx_hal_tim_ex.o
HAL_TIMEx_PWMN_Stop_IT                            build/stm32f1xx_hal_tim_ex.o
HAL_TIMEx_RemapConfig                             build/stm32f1xx_hal_tim_ex.o
HAL_TIM_Base_DeInit                               build/stm32f1xx_hal_tim.o
HAL_TIM_Base_GetState                             build/stm32f1xx_hal_tim.o
HAL_TIM_Base_Init                                 build/stm32f1xx_hal_tim.o
                                                  build/tim.o
HAL_TIM_Base_MspDeInit                            build/tim.o
HAL_TIM_Base_MspInit                              build/tim.o
HAL_TIM_Base_Start                                build/stm32f1xx_hal_tim.o
HAL_TIM_Base_Start_DMA                            build/stm32f1xx_hal_tim.o
HAL_TIM_Base_Start_IT                             build/stm32f1xx_hal_tim.o
HAL_TIM_Base_Stop                                 build/stm32f1xx_hal_tim.o
HAL_TIM_Base_Stop_DMA                             build/stm32f1xx_hal_tim.o
HAL_TIM_Base_Stop_IT                              build/stm32f1xx_hal_tim.o
HAL_TIM_ConfigClockSource                         build/stm32f1xx_hal_tim.o
HAL_TIM_ConfigOCrefClear                          build/stm32f1xx_hal_tim.o
HAL_TIM_ConfigTI1Input                            build/stm32f1xx_hal_tim.o
HAL_TIM_DMABurst_ReadStart                        build/stm32f1xx_hal_tim.o
HAL_TIM_DMABurst_ReadStop                         build/stm32f1xx_hal_tim.o
HAL_TIM_DMABurst_WriteStart                       build/stm32f1xx_hal_tim.o
HAL_TIM_DMABurst_WriteStop                        build/stm32f1xx_hal_tim.o
HAL_TIM_Encoder_DeInit                            build/stm32f1xx_hal_tim.o
HAL_TIM_Encoder_GetState                          build/stm32f1xx_hal_tim.o
HAL_TIM_Encoder_Init                              build/stm32f1xx_hal_tim.o
HAL_TIM_Encoder_MspDeInit                         build/stm32f1xx_hal_tim.o
HAL_TIM_Encoder_MspInit                           build/stm32f1xx_hal_tim.o
HAL_TIM_Encoder_Start                             build/stm32f1xx_hal_tim.o
HAL_TIM_Encoder_Start_DMA                         build/stm32f1xx_hal_tim.o
HAL_TIM_Encoder_Start_IT                          build/stm32f1xx_hal_tim.o
HAL_TIM_Encoder_Stop                              build/stm32f1xx_hal_tim.o
HAL_TIM_Encoder_Stop_DMA                          build/stm32f1xx_hal_tim.o
HAL_TIM_Encoder_Stop_IT                           build/stm32f1xx_hal_tim.o
HAL_TIM_ErrorCallback                             build/stm32f1xx_hal_tim.o
HAL_TIM_GenerateEvent                             build/stm32f1xx_hal_tim.o
HAL_TIM_IC_CaptureCallback                        build/stm32f1xx_hal_tim.o
HAL_TIM_IC_CaptureHalfCpltCallback                build/stm32f1xx_hal_tim.o
HAL_TIM_IC_ConfigChannel                          build/stm32f1xx_hal_tim.o
HAL_TIM_IC_DeInit                                 build/stm32f1xx_hal_tim.o
HAL_TIM_IC_GetState                               build/stm32f1xx_hal_tim.o
HAL_TIM_IC_Init                                   build/stm32f1xx_hal_tim.o
HAL_TIM_IC_MspDeInit                              build/stm32f1xx_hal_tim.o
HAL_TIM_IC_MspInit                                build/stm32f1xx_hal_tim.o
HAL_TIM_IC_Start                                  build/stm32f1xx_hal_tim.o
HAL_TIM_IC_Start_DMA                              build/stm32f1xx_hal_tim.o
HAL_TIM_IC_Start_IT                               build/stm32f1xx_hal_tim.o
HAL_TIM_IC_Stop                                   build/stm32f1xx_hal_tim.o
HAL_TIM_IC_Stop_DMA                               build/stm32f1xx_hal_tim.o
HAL_TIM_IC_Stop_IT                                build/stm32f1xx_hal_tim.o
HAL_TIM_IRQHandler                                build/stm32f1xx_hal_tim.o
                                                  build/stm32f1xx_it.o
HAL_TIM_OC_ConfigChannel                          build/stm32f1xx_hal_tim.o
HAL_TIM_OC_DeInit                                 build/stm32f1xx_hal_tim.o
HAL_TIM_OC_DelayElapsedCallback                   build/stm32f1xx_hal_tim.o
HAL_TIM_OC_GetState                               build/stm32f1xx_hal_tim.o
HAL_TIM_OC_Init                                   build/stm32f1xx_hal_tim.o
HAL_TIM_OC_MspDeInit                              build/stm32f1xx_hal_tim.o
HAL_TIM_OC_MspInit                                build/stm32f1xx_hal_tim.o
HAL_TIM_OC_Start                                  build/stm32f1xx_hal_tim.o
HAL_TIM_OC_Start_DMA                              build/stm32f1xx_hal_tim.o
HAL_TIM_OC_Start_IT                               build/stm32f1xx_hal_tim.o
HAL_TIM_OC_Stop                                   build/stm32f1xx_hal_tim.o
HAL_TIM_OC_Stop_DMA                               build/stm32f1xx_hal_tim.o
HAL_TIM_OC_Stop_IT                                build/stm32f1xx_hal_tim.o
HAL_TIM_OnePulse_ConfigChannel                    build/stm32f1xx_hal_tim.o
HAL_TIM_OnePulse_DeInit                           build/stm32f1xx_hal_tim.o
HAL_TIM_OnePulse_GetState                         build/stm32f1xx_hal_tim.o
HAL_TIM_OnePulse_Init                             build/stm32f1xx_hal_tim.o
HAL_TIM_OnePulse_MspDeInit                        build/stm32f1xx_hal_tim.o
HAL_TIM_OnePulse_MspInit                          build/stm32f1xx_hal_tim.o
HAL_TIM_OnePulse_Start                            build/stm32f1xx_hal_tim.o
HAL_TIM_OnePulse_Start_IT                         build/stm32f1xx_hal_tim.o
HAL_TIM_OnePulse_Stop                             build/stm32f1xx_hal_tim.o
HAL_TIM_OnePulse_Stop_IT                          build/stm32f1xx_hal_tim.o
HAL_TIM_PWM_ConfigChannel                         build/stm32f1xx_hal_tim.o
HAL_TIM_PWM_DeInit                                build/stm32f1xx_hal_tim.o
HAL_TIM_PWM_GetState                              build/stm32f1xx_hal_tim.o
HAL_TIM_PWM_Init                                  build/stm32f1xx_hal_tim.o
HAL_TIM_PWM_MspDeInit                             build/stm32f1xx_hal_tim.o
HAL_TIM_PWM_MspInit                               build/stm32f1xx_hal_tim.o
HAL_TIM_PWM_PulseFinishedCallback                 build/stm32f1xx_hal_tim.o
HAL_TIM_PWM_PulseFinishedHalfCpltCallback         build/stm32f1xx_hal_tim.o
HAL_TIM_PWM_Start                                 build/stm32f1xx_hal_tim.o
HAL_TIM_PWM_Start_DMA                             build/stm32f1xx_hal_tim.o
HAL_TIM_PWM_Start_IT                              build/stm32f1xx_hal_tim.o
HAL_TIM_PWM_Stop                                  build/stm32f1xx_hal_tim.o
HAL_TIM_PWM_Stop_DMA                              build/stm32f1xx_hal_tim.o
HAL_TIM_PWM_Stop_IT                               build/stm32f1xx_hal_tim.o
HAL_TIM_PeriodElapsedCallback                     build/tim.o
HAL_TIM_PeriodElapsedHalfCpltCallback             build/stm32f1xx_hal_tim.o
HAL_TIM_ReadCapturedValue                         build/stm32f1xx_hal_tim.o
HAL_TIM_SlaveConfigSynchro                        build/stm32f1xx_hal_tim.o
HAL_TIM_SlaveConfigSynchro_IT                     build/stm32f1xx_hal_tim.o
HAL_TIM_TriggerCallback                           build/stm32f1xx_hal_tim.o
HAL_TIM_TriggerHalfCpltCallback                   build/stm32f1xx_hal_tim.o
HAL_UART_Abort                                    build/stm32f1xx_hal_uart.o
HAL_UART_AbortCpltCallback                        build/stm32f1xx_hal_uart.o
HAL_UART_AbortReceive                             build/stm32f1xx_hal_uart.o
HAL_UART_AbortReceiveCpltCallback                 build/stm32f1xx_hal_uart.o
HAL_UART_AbortReceive_IT                          build/stm32f1xx_hal_uart.o
HAL_UART_AbortTransmit                            build/stm32f1xx_hal_uart.o
HAL_UART_AbortTransmitCpltCallback                build/stm32f1xx_hal_uart.o
HAL_UART_AbortTransmit_IT                         build/stm32f1xx_hal_uart.o
HAL_UART_Abort_IT                                 build/stm32f1xx_hal_uart.o
HAL_UART_DMAPause                                 build/stm32f1xx_hal_uart.o
HAL_UART_DMAResume                                build/stm32f1xx_hal_uart.o
HAL_UART_DMAStop                                  build/stm32f1xx_hal_uart.o
HAL_UART_DeInit                                   build/stm32f1xx_hal_uart.o
HAL_UART_ErrorCallback                            build/stm32f1xx_hal_uart.o
HAL_UART_GetError                                 build/stm32f1xx_hal_uart.o
HAL_UART_GetState                                 build/stm32f1xx_hal_uart.o
HAL_UART_IRQHandler                               build/stm32f1xx_hal_uart.o
                                                  build/stm32f1xx_it.o
HAL_UART_Init                                     build/stm32f1xx_hal_uart.o
                                                  build/usart.o
HAL_UART_MspDeInit                                build/usart.o
HAL_UART_MspInit                                  build/usart.o
HAL_UART_Receive                                  build/stm32f1xx_hal_uart.o
HAL_UART_Receive_DMA                              build/stm32f1xx_hal_uart.o
HAL_UART_Receive_IT                               build/stm32f1xx_hal_uart.o
HAL_UART_RxCpltCallback                           build/stm32f1xx_hal_uart.o
HAL_UART_RxHalfCpltCallback                       build/stm32f1xx_hal_uart.o
HAL_UART_Transmit                                 build/stm32f1xx_hal_uart.o
                                                  build/main.o
HAL_UART_Transmit_DMA                             build/stm32f1xx_hal_uart.o
HAL_UART_Transmit_IT                              build/stm32f1xx_hal_uart.o
HAL_UART_TxCpltCallback                           build/stm32f1xx_hal_uart.o
HAL_UART_TxHalfCpltCallback                       build/stm32f1xx_hal_uart.o
HardFault_Handler                                 build/stm32f1xx_it.o
I2C1_ER_IRQHandler                                build/startup_stm32f103xe.o
I2C1_EV_IRQHandler                                build/startup_stm32f103xe.o
I2C2_ER_IRQHandler                                build/startup_stm32f103xe.o
I2C2_EV_IRQHandler                                build/startup_stm32f103xe.o
MX_GPIO_Init                                      build/gpio.o
                                                  build/main.o
MX_I2C1_Init                                      build/i2c.o
                                                  build/main.o
MX_RTC_Init                                       build/rtc.o
                                                  build/main.o
MX_SYS_Init                                       build/sys.o
MX_TIM6_Init                                      build/tim.o
                                                  build/main.o
MX_USART1_UART_Init                               build/usart.o
                                                  build/main.o
MemManage_Handler                                 build/stm32f1xx_it.o
NMI_Handler                                       build/stm32f1xx_it.o
OLED_CLS                                          build/oled.o
                                                  build/main.o
OLED_Fill                                         build/oled.o
OLED_I2C_Write_Byte                               build/oled.o
OLED_Init                                         build/oled.o
                                                  build/main.o
OLED_OFF                                          build/oled.o
OLED_ON                                           build/oled.o
OLED_SetPos                                       build/oled.o
PVD_IRQHandler                                    build/startup_stm32f103xe.o
PendSV_Handler                                    build/stm32f1xx_it.o
RCC_IRQHandler                                    build/startup_stm32f103xe.o
RTC_Alarm_IRQHandler                              build/startup_stm32f103xe.o
RTC_IRQHandler                                    build/stm32f1xx_it.o
Reset_Handler                                     build/startup_stm32f103xe.o
SDIO_IRQHandler                                   build/startup_stm32f103xe.o
SPI1_IRQHandler                                   build/startup_stm32f103xe.o
SPI2_IRQHandler                                   build/startup_stm32f103xe.o
SPI3_IRQHandler                                   build/startup_stm32f103xe.o
SVC_Handler                                       build/stm32f1xx_it.o
SysTick_Handler                                   build/stm32f1xx_it.o
SystemClock_Config                                build/main.o
SystemCoreClock                                   build/system_stm32f1xx.o
                                                  build/stm32f1xx_hal_rcc.o
                                                  build/stm32f1xx_hal.o
                                                  build/stm32f1xx_hal_i2c.o
SystemCoreClockUpdate                             build/system_stm32f1xx.o
SystemInit                                        build/system_stm32f1xx.o
                                                  build/startup_stm32f103xe.o
TAMPER_IRQHandler                                 build/startup_stm32f103xe.o
TIM1_BRK_IRQHandler                               build/startup_stm32f103xe.o
TIM1_CC_IRQHandler                                build/startup_stm32f103xe.o
TIM1_TRG_COM_IRQHandler                           build/startup_stm32f103xe.o
TIM1_UP_IRQHandler                                build/startup_stm32f103xe.o
TIM2_IRQHandler                                   build/startup_stm32f103xe.o
TIM3_IRQHandler                                   build/startup_stm32f103xe.o
TIM4_IRQHandler                                   build/startup_stm32f103xe.o
TIM5_IRQHandler                                   build/startup_stm32f103xe.o
TIM6_IRQHandler                                   build/stm32f1xx_it.o
TIM7_IRQHandler                                   build/startup_stm32f103xe.o
TIM8_BRK_IRQHandler                               build/startup_stm32f103xe.o
TIM8_CC_IRQHandler                                build/startup_stm32f103xe.o
TIM8_TRG_COM_IRQHandler                           build/startup_stm32f103xe.o
TIM8_UP_IRQHandler                                build/startup_stm32f103xe.o
TIMEx_DMACommutationCplt                          build/stm32f1xx_hal_tim_ex.o
                                                  build/stm32f1xx_hal_tim.o
TIMEx_DMACommutationHalfCplt                      build/stm32f1xx_hal_tim_ex.o
                                                  build/stm32f1xx_hal_tim.o
TIM_Base_SetConfig                                build/stm32f1xx_hal_tim.o
                                                  build/stm32f1xx_hal_tim_ex.o
TIM_CCxChannelCmd                                 build/stm32f1xx_hal_tim.o
                                                  build/stm32f1xx_hal_tim_ex.o
TIM_DMACaptureCplt                                build/stm32f1xx_hal_tim.o
                                                  build/stm32f1xx_hal_tim_ex.o
TIM_DMACaptureHalfCplt                            build/stm32f1xx_hal_tim.o
                                                  build/stm32f1xx_hal_tim_ex.o
TIM_DMADelayPulseCplt                             build/stm32f1xx_hal_tim.o
                                                  build/stm32f1xx_hal_tim_ex.o
TIM_DMADelayPulseHalfCplt                         build/stm32f1xx_hal_tim.o
                                                  build/stm32f1xx_hal_tim_ex.o
TIM_DMAError                                      build/stm32f1xx_hal_tim.o
                                                  build/stm32f1xx_hal_tim_ex.o
TIM_ETR_SetConfig                                 build/stm32f1xx_hal_tim.o
TIM_OC2_SetConfig                                 build/stm32f1xx_hal_tim.o
                                                  build/stm32f1xx_hal_tim_ex.o
TIM_TI1_SetConfig                                 build/stm32f1xx_hal_tim.o
                                                  build/stm32f1xx_hal_tim_ex.o
UART4_IRQHandler                                  build/startup_stm32f103xe.o
UART5_IRQHandler                                  build/startup_stm32f103xe.o
USART1_IRQHandler                                 build/stm32f1xx_it.o
USART2_IRQHandler                                 build/startup_stm32f103xe.o
USART3_IRQHandler                                 build/startup_stm32f103xe.o
USBWakeUp_IRQHandler                              build/startup_stm32f103xe.o
USB_HP_CAN1_TX_IRQHandler                         build/startup_stm32f103xe.o
USB_LP_CAN1_RX0_IRQHandler                        build/startup_stm32f103xe.o
UsageFault_Handler                                build/stm32f1xx_it.o
WWDG_IRQHandler                                   build/startup_stm32f103xe.o
__bss_end__                                       f:/work_project/9 2019-q4-major/bin/../lib/gcc/arm-none-eabi/9.2.1/../../../../arm-none-eabi/lib/thumb/v7-m/nofp/crt0.o
__bss_start__                                     f:/work_project/9 2019-q4-major/bin/../lib/gcc/arm-none-eabi/9.2.1/../../../../arm-none-eabi/lib/thumb/v7-m/nofp/crt0.o
__call_exitprocs                                  f:/work_project/9 2019-q4-major/bin/../lib/gcc/arm-none-eabi/9.2.1/../../../../arm-none-eabi/lib/thumb/v7-m/nofp\libc_nano.a(lib_a-exit.o)
__deregister_frame_info                           f:/work_project/9 2019-q4-major/bin/../lib/gcc/arm-none-eabi/9.2.1/thumb/v7-m/nofp/crtbegin.o
__dso_handle                                      f:/work_project/9 2019-q4-major/bin/../lib/gcc/arm-none-eabi/9.2.1/thumb/v7-m/nofp/crtbegin.o
__init_array_end                                  f:/work_project/9 2019-q4-major/bin/../lib/gcc/arm-none-eabi/9.2.1/../../../../arm-none-eabi/lib/thumb/v7-m/nofp\libc_nano.a(lib_a-init.o)
__init_array_start                                f:/work_project/9 2019-q4-major/bin/../lib/gcc/arm-none-eabi/9.2.1/../../../../arm-none-eabi/lib/thumb/v7-m/nofp\libc_nano.a(lib_a-init.o)
__libc_fini_array                                 f:/work_project/9 2019-q4-major/bin/../lib/gcc/arm-none-eabi/9.2.1/../../../../arm-none-eabi/lib/thumb/v7-m/nofp/crt0.o
__libc_init_array                                 f:/work_project/9 2019-q4-major/bin/../lib/gcc/arm-none-eabi/9.2.1/../../../../arm-none-eabi/lib/thumb/v7-m/nofp\libc_nano.a(lib_a-init.o)
                                                  build/startup_stm32f103xe.o
                                                  f:/work_project/9 2019-q4-major/bin/../lib/gcc/arm-none-eabi/9.2.1/../../../../arm-none-eabi/lib/thumb/v7-m/nofp/crt0.o
__preinit_array_end                               f:/work_project/9 2019-q4-major/bin/../lib/gcc/arm-none-eabi/9.2.1/../../../../arm-none-eabi/lib/thumb/v7-m/nofp\libc_nano.a(lib_a-init.o)
__preinit_array_start                             f:/work_project/9 2019-q4-major/bin/../lib/gcc/arm-none-eabi/9.2.1/../../../../arm-none-eabi/lib/thumb/v7-m/nofp\libc_nano.a(lib_a-init.o)
__register_frame_info                             f:/work_project/9 2019-q4-major/bin/../lib/gcc/arm-none-eabi/9.2.1/thumb/v7-m/nofp/crtbegin.o
__sf_fake_stderr                                  f:/work_project/9 2019-q4-major/bin/../lib/gcc/arm-none-eabi/9.2.1/../../../../arm-none-eabi/lib/thumb/v7-m/nofp\libc_nano.a(lib_a-impure.o)
__sf_fake_stdin                                   f:/work_project/9 2019-q4-major/bin/../lib/gcc/arm-none-eabi/9.2.1/../../../../arm-none-eabi/lib/thumb/v7-m/nofp\libc_nano.a(lib_a-impure.o)
__sf_fake_stdout                                  f:/work_project/9 2019-q4-major/bin/../lib/gcc/arm-none-eabi/9.2.1/../../../../arm-none-eabi/lib/thumb/v7-m/nofp\libc_nano.a(lib_a-impure.o)
__stack                                           f:/work_project/9 2019-q4-major/bin/../lib/gcc/arm-none-eabi/9.2.1/../../../../arm-none-eabi/lib/thumb/v7-m/nofp/crt0.o
_ebss                                             build/startup_stm32f103xe.o
_edata                                            build/startup_stm32f103xe.o
_estack                                           build/startup_stm32f103xe.o
_exit                                             f:/work_project/9 2019-q4-major/bin/../lib/gcc/arm-none-eabi/9.2.1/../../../../arm-none-eabi/lib/thumb/v7-m/nofp\libnosys.a(_exit.o)
                                                  f:/work_project/9 2019-q4-major/bin/../lib/gcc/arm-none-eabi/9.2.1/../../../../arm-none-eabi/lib/thumb/v7-m/nofp\libc_nano.a(lib_a-exit.o)
_fini                                             f:/work_project/9 2019-q4-major/bin/../lib/gcc/arm-none-eabi/9.2.1/thumb/v7-m/nofp/crti.o
_global_impure_ptr                                f:/work_project/9 2019-q4-major/bin/../lib/gcc/arm-none-eabi/9.2.1/../../../../arm-none-eabi/lib/thumb/v7-m/nofp\libc_nano.a(lib_a-impure.o)
                                                  f:/work_project/9 2019-q4-major/bin/../lib/gcc/arm-none-eabi/9.2.1/../../../../arm-none-eabi/lib/thumb/v7-m/nofp\libc_nano.a(lib_a-exit.o)
_impure_ptr                                       f:/work_project/9 2019-q4-major/bin/../lib/gcc/arm-none-eabi/9.2.1/../../../../arm-none-eabi/lib/thumb/v7-m/nofp\libc_nano.a(lib_a-impure.o)
_init                                             f:/work_project/9 2019-q4-major/bin/../lib/gcc/arm-none-eabi/9.2.1/thumb/v7-m/nofp/crti.o
                                                  f:/work_project/9 2019-q4-major/bin/../lib/gcc/arm-none-eabi/9.2.1/../../../../arm-none-eabi/lib/thumb/v7-m/nofp\libc_nano.a(lib_a-init.o)
_mainCRTStartup                                   f:/work_project/9 2019-q4-major/bin/../lib/gcc/arm-none-eabi/9.2.1/../../../../arm-none-eabi/lib/thumb/v7-m/nofp/crt0.o
_sbss                                             build/startup_stm32f103xe.o
_sdata                                            build/startup_stm32f103xe.o
_sidata                                           build/startup_stm32f103xe.o
_start                                            f:/work_project/9 2019-q4-major/bin/../lib/gcc/arm-none-eabi/9.2.1/../../../../arm-none-eabi/lib/thumb/v7-m/nofp/crt0.o